#
# There is insufficient memory for the Java Runtime Environment to continue.
# Native memory allocation (malloc) failed to allocate 1143696 bytes. Error detail: Chunk::new
# Possible reasons:
#   The system is out of physical RAM or swap space
#   This process is running with CompressedOops enabled, and the Java Heap may be blocking the growth of the native heap
# Possible solutions:
#   Reduce memory load on the system
#   Increase physical memory or swap space
#   Check if swap backing store is full
#   Decrease Java heap size (-Xmx/-Xms)
#   Decrease number of Java threads
#   Decrease Java thread stack sizes (-Xss)
#   Set larger code cache with -XX:ReservedCodeCacheSize=
#   JVM is running with Unscaled Compressed Oops mode in which the Java heap is
#     placed in the first 4GB address space. The Java Heap base address is the
#     maximum limit for the native heap growth. Please use -XX:HeapBaseMinAddress
#     to set the Java Heap base and to place the Java Heap above 4GB virtual address.
# This output file may be truncated or incomplete.
#
#  Out of Memory Error (arena.cpp:168), pid=12320, tid=16312
#
# JRE version: OpenJDK Runtime Environment (21.0.7) (build 21.0.7+-13880790-b1038.58)
# Java VM: OpenJDK 64-Bit Server VM (21.0.7+-13880790-b1038.58, mixed mode, tiered, compressed oops, compressed class ptrs, g1 gc, windows-amd64)
# No core dump will be written. Minidumps are not enabled by default on client versions of Windows
#

---------------  S U M M A R Y ------------

Command Line: --add-opens=java.base/java.lang=ALL-UNNAMED --add-opens=java.base/java.lang.invoke=ALL-UNNAMED --add-opens=java.base/java.util=ALL-UNNAMED --add-opens=java.prefs/java.util.prefs=ALL-UNNAMED --add-exports=jdk.compiler/com.sun.tools.javac.api=ALL-UNNAMED --add-exports=jdk.compiler/com.sun.tools.javac.util=ALL-UNNAMED --add-opens=java.base/java.util=ALL-UNNAMED --add-opens=java.prefs/java.util.prefs=ALL-UNNAMED --add-opens=java.base/java.nio.charset=ALL-UNNAMED --add-opens=java.base/java.net=ALL-UNNAMED --add-opens=java.base/java.util.concurrent.atomic=ALL-UNNAMED --add-opens=java.xml/javax.xml.namespace=ALL-UNNAMED -Xmx2048m -Dfile.encoding=UTF-8 -Duser.country=CL -Duser.language=es -Duser.variant -javaagent:C:\Users\Ariel\.gradle\wrapper\dists\gradle-8.13-bin\5xuhj0ry160q40clulazy9h7d\gradle-8.13\lib\agents\gradle-instrumentation-agent-8.13.jar org.gradle.launcher.daemon.bootstrap.GradleDaemon 8.13

Host: AMD Ryzen 5 2500U with Radeon Vega Mobile Gfx  , 8 cores, 14G,  Windows 10 , 64 bit Build 19041 (10.0.19041.5915)
Time: Tue Nov  4 02:07:14 2025 Hora verano Sudamérica Pacífico elapsed time: 13.771897 seconds (0d 0h 0m 13s)

---------------  T H R E A D  ---------------

Current thread (0x00000268df961470):  JavaThread "C2 CompilerThread0" daemon [_thread_in_native, id=16312, stack(0x000000fcd0d00000,0x000000fcd0e00000) (1024K)]


Current CompileTask:
C2:13772 7668   !   4       java.net.URLClassLoader::findClass (47 bytes)

Stack: [0x000000fcd0d00000,0x000000fcd0e00000]
Native frames: (J=compiled Java code, j=interpreted, Vv=VM code, C=native code)
V  [jvm.dll+0x6d25c9]
V  [jvm.dll+0x860923]
V  [jvm.dll+0x862e7e]
V  [jvm.dll+0x863563]
V  [jvm.dll+0x27f156]
V  [jvm.dll+0xc002d]
V  [jvm.dll+0xc0563]
V  [jvm.dll+0x3b6d01]
V  [jvm.dll+0x382c27]
V  [jvm.dll+0x38209a]
V  [jvm.dll+0x247e72]
V  [jvm.dll+0x247441]
V  [jvm.dll+0x1c5fb4]
V  [jvm.dll+0x256bac]
V  [jvm.dll+0x2550f6]
V  [jvm.dll+0x3f1d16]
V  [jvm.dll+0x808d08]
V  [jvm.dll+0x6d0e1d]
C  [ucrtbase.dll+0x21bb2]
C  [KERNEL32.DLL+0x17374]
C  [ntdll.dll+0x4cc91]


---------------  P R O C E S S  ---------------

Threads class SMR info:
_java_thread_list=0x00000268e77e2be0, length=59, elements={
0x00000268c6061b60, 0x00000268df91bb80, 0x00000268df920e80, 0x00000268df939af0,
0x00000268df9438f0, 0x00000268df94e690, 0x00000268df957100, 0x00000268df95b030,
0x00000268df961470, 0x00000268df9653e0, 0x00000268df958f60, 0x00000268df9595f0,
0x00000268df95a310, 0x00000268df959c80, 0x00000268df957bb0, 0x00000268df958240,
0x00000268e5ba5310, 0x00000268e5ba6d50, 0x00000268e5ba2bb0, 0x00000268e5ba3f60,
0x00000268e5b9fdc0, 0x00000268e5ba3240, 0x00000268e5ba4c80, 0x00000268e5ba59a0,
0x00000268e5ba38d0, 0x00000268e5ba1e90, 0x00000268e5ba6030, 0x00000268e5ba45f0,
0x00000268e5ba2520, 0x00000268e5ba66c0, 0x00000268e5ba0450, 0x00000268e5ba0ae0,
0x00000268e5ba1170, 0x00000268e5ba1800, 0x00000268df9588d0, 0x00000268e7082ca0,
0x00000268e70839c0, 0x00000268e7086120, 0x00000268e70818f0, 0x00000268e70867b0,
0x00000268e7081f80, 0x00000268e7081260, 0x00000268e70846e0, 0x00000268e707feb0,
0x00000268e7080bd0, 0x00000268e70874d0, 0x00000268e7080540, 0x00000268e67561a0,
0x00000268e6759620, 0x00000268e6758900, 0x00000268e6758270, 0x00000268e6755480,
0x00000268e6756ec0, 0x00000268e6754760, 0x00000268e67540d0, 0x00000268e6755b10,
0x00000268e6758f90, 0x00000268e6759cb0, 0x00000268df966850
}

Java Threads: ( => current thread )
  0x00000268c6061b60 JavaThread "main"                              [_thread_blocked, id=9908, stack(0x000000fccfe00000,0x000000fccff00000) (1024K)]
  0x00000268df91bb80 JavaThread "Common-Cleaner"             daemon [_thread_blocked, id=16372, stack(0x000000fcd0600000,0x000000fcd0700000) (1024K)]
  0x00000268df920e80 JavaThread "Reference Handler"          daemon [_thread_blocked, id=16056, stack(0x000000fcd0700000,0x000000fcd0800000) (1024K)]
  0x00000268df939af0 JavaThread "Finalizer"                  daemon [_thread_blocked, id=6552, stack(0x000000fcd0800000,0x000000fcd0900000) (1024K)]
  0x00000268df9438f0 JavaThread "Signal Dispatcher"          daemon [_thread_blocked, id=13088, stack(0x000000fcd0900000,0x000000fcd0a00000) (1024K)]
  0x00000268df94e690 JavaThread "Attach Listener"            daemon [_thread_blocked, id=16092, stack(0x000000fcd0a00000,0x000000fcd0b00000) (1024K)]
  0x00000268df957100 JavaThread "Service Thread"             daemon [_thread_blocked, id=13976, stack(0x000000fcd0b00000,0x000000fcd0c00000) (1024K)]
  0x00000268df95b030 JavaThread "Monitor Deflation Thread"   daemon [_thread_blocked, id=10568, stack(0x000000fcd0c00000,0x000000fcd0d00000) (1024K)]
=>0x00000268df961470 JavaThread "C2 CompilerThread0"         daemon [_thread_in_native, id=16312, stack(0x000000fcd0d00000,0x000000fcd0e00000) (1024K)]
  0x00000268df9653e0 JavaThread "C1 CompilerThread0"         daemon [_thread_blocked, id=6012, stack(0x000000fcd0e00000,0x000000fcd0f00000) (1024K)]
  0x00000268df958f60 JavaThread "Notification Thread"        daemon [_thread_blocked, id=11704, stack(0x000000fcd0f00000,0x000000fcd1000000) (1024K)]
  0x00000268df9595f0 JavaThread "Daemon health stats"               [_thread_blocked, id=16780, stack(0x000000fcd1100000,0x000000fcd1200000) (1024K)]
  0x00000268df95a310 JavaThread "Incoming local TCP Connector on port 53949"        [_thread_in_native, id=8724, stack(0x000000fcd1900000,0x000000fcd1a00000) (1024K)]
  0x00000268df959c80 JavaThread "Daemon periodic checks"            [_thread_blocked, id=1816, stack(0x000000fcd1a00000,0x000000fcd1b00000) (1024K)]
  0x00000268df957bb0 JavaThread "Daemon"                            [_thread_blocked, id=15784, stack(0x000000fcd1b00000,0x000000fcd1c00000) (1024K)]
  0x00000268df958240 JavaThread "Handler for socket connection from /127.0.0.1:53949 to /127.0.0.1:53950"        [_thread_in_native, id=1956, stack(0x000000fcd1c00000,0x000000fcd1d00000) (1024K)]
  0x00000268e5ba5310 JavaThread "Cancel handler"                    [_thread_blocked, id=17116, stack(0x000000fcd1d00000,0x000000fcd1e00000) (1024K)]
  0x00000268e5ba6d50 JavaThread "Daemon worker"                     [_thread_in_Java, id=10640, stack(0x000000fcd1e00000,0x000000fcd1f00000) (1024K)]
  0x00000268e5ba2bb0 JavaThread "Asynchronous log dispatcher for DefaultDaemonConnection: socket connection from /127.0.0.1:53949 to /127.0.0.1:53950"        [_thread_blocked, id=5148, stack(0x000000fcd1f00000,0x000000fcd2000000) (1024K)]
  0x00000268e5ba3f60 JavaThread "Stdin handler"                     [_thread_blocked, id=6152, stack(0x000000fcd2100000,0x000000fcd2200000) (1024K)]
  0x00000268e5b9fdc0 JavaThread "Daemon client event forwarder"        [_thread_in_vm, id=7728, stack(0x000000fcd2200000,0x000000fcd2300000) (1024K)]
  0x00000268e5ba3240 JavaThread "Cache worker for journal cache (C:\Users\Ariel\.gradle\caches\journal-1)"        [_thread_blocked, id=15948, stack(0x000000fcd2300000,0x000000fcd2400000) (1024K)]
  0x00000268e5ba4c80 JavaThread "File lock request listener"        [_thread_in_native, id=12472, stack(0x000000fcd2400000,0x000000fcd2500000) (1024K)]
  0x00000268e5ba59a0 JavaThread "Cache worker for file hash cache (C:\Users\Ariel\.gradle\caches\8.13\fileHashes)"        [_thread_blocked, id=8200, stack(0x000000fcd2500000,0x000000fcd2600000) (1024K)]
  0x00000268e5ba38d0 JavaThread "Cache worker for file hash cache (C:\Users\Ariel\Documents\Android cosas\Equipos\.gradle\8.13\fileHashes)"        [_thread_blocked, id=3356, stack(0x000000fcd2700000,0x000000fcd2800000) (1024K)]
  0x00000268e5ba1e90 JavaThread "Cache worker for Build Output Cleanup Cache (C:\Users\Ariel\Documents\Android cosas\Equipos\.gradle\buildOutputCleanup)"        [_thread_blocked, id=11332, stack(0x000000fcd2800000,0x000000fcd2900000) (1024K)]
  0x00000268e5ba6030 JavaThread "File watcher server"        daemon [_thread_in_native, id=10064, stack(0x000000fcd2900000,0x000000fcd2a00000) (1024K)]
  0x00000268e5ba45f0 JavaThread "File watcher consumer"      daemon [_thread_blocked, id=5916, stack(0x000000fcd2a00000,0x000000fcd2b00000) (1024K)]
  0x00000268e5ba2520 JavaThread "jar transforms"                    [_thread_blocked, id=2236, stack(0x000000fcd2b00000,0x000000fcd2c00000) (1024K)]
  0x00000268e5ba66c0 JavaThread "jar transforms Thread 2"           [_thread_blocked, id=17332, stack(0x000000fcd2c00000,0x000000fcd2d00000) (1024K)]
  0x00000268e5ba0450 JavaThread "jar transforms Thread 3"           [_thread_blocked, id=1632, stack(0x000000fcd2d00000,0x000000fcd2e00000) (1024K)]
  0x00000268e5ba0ae0 JavaThread "jar transforms Thread 4"           [_thread_blocked, id=11428, stack(0x000000fcd2e00000,0x000000fcd2f00000) (1024K)]
  0x00000268e5ba1170 JavaThread "jar transforms Thread 5"           [_thread_blocked, id=1652, stack(0x000000fcd2f00000,0x000000fcd3000000) (1024K)]
  0x00000268e5ba1800 JavaThread "jar transforms Thread 6"           [_thread_blocked, id=12492, stack(0x000000fcd3000000,0x000000fcd3100000) (1024K)]
  0x00000268df9588d0 JavaThread "jar transforms Thread 7"           [_thread_blocked, id=11676, stack(0x000000fcd3100000,0x000000fcd3200000) (1024K)]
  0x00000268e7082ca0 JavaThread "jar transforms Thread 8"           [_thread_blocked, id=3252, stack(0x000000fcd3200000,0x000000fcd3300000) (1024K)]
  0x00000268e70839c0 JavaThread "Cache worker for checksums cache (C:\Users\Ariel\Documents\Android cosas\Equipos\.gradle\8.13\checksums)"        [_thread_blocked, id=12004, stack(0x000000fcd3300000,0x000000fcd3400000) (1024K)]
  0x00000268e7086120 JavaThread "Cache worker for file content cache (C:\Users\Ariel\.gradle\caches\8.13\fileContent)"        [_thread_blocked, id=17040, stack(0x000000fcd3400000,0x000000fcd3500000) (1024K)]
  0x00000268e70818f0 JavaThread "Cache worker for cache directory md-supplier (C:\Users\Ariel\.gradle\caches\8.13\md-supplier)"        [_thread_blocked, id=7676, stack(0x000000fcd3500000,0x000000fcd3600000) (1024K)]
  0x00000268e70867b0 JavaThread "Cache worker for cache directory md-rule (C:\Users\Ariel\.gradle\caches\8.13\md-rule)"        [_thread_blocked, id=17088, stack(0x000000fcd3600000,0x000000fcd3700000) (1024K)]
  0x00000268e7081f80 JavaThread "Unconstrained build operations"        [_thread_blocked, id=16604, stack(0x000000fcd3700000,0x000000fcd3800000) (1024K)]
  0x00000268e7081260 JavaThread "Unconstrained build operations Thread 2"        [_thread_blocked, id=13152, stack(0x000000fcd3800000,0x000000fcd3900000) (1024K)]
  0x00000268e70846e0 JavaThread "Unconstrained build operations Thread 3"        [_thread_blocked, id=16864, stack(0x000000fcd3900000,0x000000fcd3a00000) (1024K)]
  0x00000268e707feb0 JavaThread "Unconstrained build operations Thread 4"        [_thread_blocked, id=10588, stack(0x000000fcd3a00000,0x000000fcd3b00000) (1024K)]
  0x00000268e7080bd0 JavaThread "Unconstrained build operations Thread 5"        [_thread_blocked, id=13936, stack(0x000000fcd3b00000,0x000000fcd3c00000) (1024K)]
  0x00000268e70874d0 JavaThread "Unconstrained build operations Thread 6"        [_thread_blocked, id=8796, stack(0x000000fcd3c00000,0x000000fcd3d00000) (1024K)]
  0x00000268e7080540 JavaThread "Unconstrained build operations Thread 7"        [_thread_blocked, id=17284, stack(0x000000fcd3d00000,0x000000fcd3e00000) (1024K)]
  0x00000268e67561a0 JavaThread "Unconstrained build operations Thread 8"        [_thread_blocked, id=2012, stack(0x000000fcd3e00000,0x000000fcd3f00000) (1024K)]
  0x00000268e6759620 JavaThread "Unconstrained build operations Thread 9"        [_thread_blocked, id=13180, stack(0x000000fcd3f00000,0x000000fcd4000000) (1024K)]
  0x00000268e6758900 JavaThread "Unconstrained build operations Thread 10"        [_thread_blocked, id=10664, stack(0x000000fcd4000000,0x000000fcd4100000) (1024K)]
  0x00000268e6758270 JavaThread "Unconstrained build operations Thread 11"        [_thread_blocked, id=16584, stack(0x000000fcd4100000,0x000000fcd4200000) (1024K)]
  0x00000268e6755480 JavaThread "Unconstrained build operations Thread 12"        [_thread_blocked, id=15464, stack(0x000000fcd4200000,0x000000fcd4300000) (1024K)]
  0x00000268e6756ec0 JavaThread "Unconstrained build operations Thread 13"        [_thread_blocked, id=9436, stack(0x000000fcd4300000,0x000000fcd4400000) (1024K)]
  0x00000268e6754760 JavaThread "Unconstrained build operations Thread 14"        [_thread_blocked, id=17292, stack(0x000000fcd4400000,0x000000fcd4500000) (1024K)]
  0x00000268e67540d0 JavaThread "Unconstrained build operations Thread 15"        [_thread_blocked, id=7200, stack(0x000000fcd4500000,0x000000fcd4600000) (1024K)]
  0x00000268e6755b10 JavaThread "Unconstrained build operations Thread 16"        [_thread_blocked, id=15896, stack(0x000000fcd4600000,0x000000fcd4700000) (1024K)]
  0x00000268e6758f90 JavaThread "Unconstrained build operations Thread 17"        [_thread_blocked, id=15912, stack(0x000000fcd4700000,0x000000fcd4800000) (1024K)]
  0x00000268e6759cb0 JavaThread "Unconstrained build operations Thread 18"        [_thread_blocked, id=1344, stack(0x000000fcd4800000,0x000000fcd4900000) (1024K)]
  0x00000268df966850 JavaThread "C2 CompilerThread1"         daemon [_thread_in_native, id=3300, stack(0x000000fcd1000000,0x000000fcd1100000) (1024K)]
Total: 59

Other Threads:
  0x00000268df8d3fe0 VMThread "VM Thread"                           [id=10308, stack(0x000000fcd0500000,0x000000fcd0600000) (1024K)]
  0x00000268df8b0b10 WatcherThread "VM Periodic Task Thread"        [id=7436, stack(0x000000fcd0400000,0x000000fcd0500000) (1024K)]
  0x00000268c60b85f0 WorkerThread "GC Thread#0"                     [id=10792, stack(0x000000fccff00000,0x000000fcd0000000) (1024K)]
  0x00000268e46f1db0 WorkerThread "GC Thread#1"                     [id=17276, stack(0x000000fcd1200000,0x000000fcd1300000) (1024K)]
  0x00000268e4557380 WorkerThread "GC Thread#2"                     [id=8708, stack(0x000000fcd1300000,0x000000fcd1400000) (1024K)]
  0x00000268e45a0c90 WorkerThread "GC Thread#3"                     [id=2660, stack(0x000000fcd1400000,0x000000fcd1500000) (1024K)]
  0x00000268e45a1030 WorkerThread "GC Thread#4"                     [id=16256, stack(0x000000fcd1500000,0x000000fcd1600000) (1024K)]
  0x00000268e5b76c10 WorkerThread "GC Thread#5"                     [id=17316, stack(0x000000fcd1600000,0x000000fcd1700000) (1024K)]
  0x00000268e5b38de0 WorkerThread "GC Thread#6"                     [id=15476, stack(0x000000fcd1700000,0x000000fcd1800000) (1024K)]
  0x00000268e5b3b190 WorkerThread "GC Thread#7"                     [id=8060, stack(0x000000fcd1800000,0x000000fcd1900000) (1024K)]
  0x00000268c60c9c60 ConcurrentGCThread "G1 Main Marker"            [id=8560, stack(0x000000fcd0000000,0x000000fcd0100000) (1024K)]
  0x00000268c60cbe20 WorkerThread "G1 Conc#0"                       [id=5364, stack(0x000000fcd0100000,0x000000fcd0200000) (1024K)]
  0x00000268e5bac6e0 WorkerThread "G1 Conc#1"                       [id=9832, stack(0x000000fcd2000000,0x000000fcd2100000) (1024K)]
  0x00000268df714f30 ConcurrentGCThread "G1 Refine#0"               [id=8972, stack(0x000000fcd0200000,0x000000fcd0300000) (1024K)]
  0x00000268df715750 ConcurrentGCThread "G1 Service"                [id=16988, stack(0x000000fcd0300000,0x000000fcd0400000) (1024K)]
Total: 15

Threads with active compile tasks:
C2 CompilerThread0  13808 7668   !   4       java.net.URLClassLoader::findClass (47 bytes)
C2 CompilerThread1  13808 7669       4       java.net.URLClassLoader$1::run (5 bytes)
Total: 2

VM state: not at safepoint (normal execution)

VM Mutex/Monitor currently owned by a thread: None

Heap address: 0x0000000080000000, size: 2048 MB, Compressed Oops mode: 32-bit

CDS archive(s) not mapped
Compressed class space mapped at: 0x0000000100000000-0x0000000140000000, reserved size: 1073741824
Narrow klass base: 0x0000000000000000, Narrow klass shift: 3, Narrow klass range: 0x140000000

GC Precious Log:
 CardTable entry size: 512
 Card Set container configuration: InlinePtr #cards 5 size 8 Array Of Cards #cards 12 size 40 Howl #buckets 4 coarsen threshold 1843 Howl Bitmap #cards 512 size 80 coarsen threshold 460 Card regions per heap region 1 cards per card region 2048
 CPUs: 8 total, 8 available
 Memory: 15294M
 Large Page Support: Disabled
 NUMA Support: Disabled
 Compressed Oops: Enabled (32-bit)
 Heap Region Size: 1M
 Heap Min Capacity: 8M
 Heap Initial Capacity: 240M
 Heap Max Capacity: 2G
 Pre-touch: Disabled
 Parallel Workers: 8
 Concurrent Workers: 2
 Concurrent Refinement Workers: 8
 Periodic GC: Disabled

Heap:
 garbage-first heap   total 174080K, used 143986K [0x0000000080000000, 0x0000000100000000)
  region size 1024K, 44 young (45056K), 5 survivors (5120K)
 Metaspace       used 73625K, committed 75264K, reserved 1114112K
  class space    used 10122K, committed 10880K, reserved 1048576K

Heap Regions: E=young(eden), S=young(survivor), O=old, HS=humongous(starts), HC=humongous(continues), CS=collection set, F=free, TAMS=top-at-mark-start, PB=parsable bottom
|   0|0x0000000080000000, 0x0000000080100000, 0x0000000080100000|100%|HS|  |TAMS 0x0000000080000000| PB 0x0000000080000000| Complete 
|   1|0x0000000080100000, 0x0000000080200000, 0x0000000080200000|100%|HC|  |TAMS 0x0000000080100000| PB 0x0000000080100000| Complete 
|   2|0x0000000080200000, 0x0000000080300000, 0x0000000080300000|100%|HC|  |TAMS 0x0000000080200000| PB 0x0000000080200000| Complete 
|   3|0x0000000080300000, 0x0000000080400000, 0x0000000080400000|100%| O|  |TAMS 0x0000000080300000| PB 0x0000000080300000| Untracked 
|   4|0x0000000080400000, 0x0000000080500000, 0x0000000080500000|100%| O|  |TAMS 0x0000000080400000| PB 0x0000000080400000| Untracked 
|   5|0x0000000080500000, 0x0000000080600000, 0x0000000080600000|100%| O|  |TAMS 0x0000000080500000| PB 0x0000000080500000| Untracked 
|   6|0x0000000080600000, 0x0000000080700000, 0x0000000080700000|100%|HS|  |TAMS 0x0000000080600000| PB 0x0000000080600000| Complete 
|   7|0x0000000080700000, 0x0000000080800000, 0x0000000080800000|100%| O|  |TAMS 0x0000000080700000| PB 0x0000000080700000| Untracked 
|   8|0x0000000080800000, 0x0000000080900000, 0x0000000080900000|100%| O|  |TAMS 0x0000000080800000| PB 0x0000000080800000| Untracked 
|   9|0x0000000080900000, 0x0000000080a00000, 0x0000000080a00000|100%| O|  |TAMS 0x0000000080900000| PB 0x0000000080900000| Untracked 
|  10|0x0000000080a00000, 0x0000000080b00000, 0x0000000080b00000|100%| O|  |TAMS 0x0000000080a00000| PB 0x0000000080a00000| Untracked 
|  11|0x0000000080b00000, 0x0000000080c00000, 0x0000000080c00000|100%| O|  |TAMS 0x0000000080b00000| PB 0x0000000080b00000| Untracked 
|  12|0x0000000080c00000, 0x0000000080d00000, 0x0000000080d00000|100%| O|  |TAMS 0x0000000080c00000| PB 0x0000000080c00000| Untracked 
|  13|0x0000000080d00000, 0x0000000080e00000, 0x0000000080e00000|100%| O|  |TAMS 0x0000000080d00000| PB 0x0000000080d00000| Untracked 
|  14|0x0000000080e00000, 0x0000000080f00000, 0x0000000080f00000|100%| O|  |TAMS 0x0000000080e00000| PB 0x0000000080e00000| Untracked 
|  15|0x0000000080f00000, 0x0000000081000000, 0x0000000081000000|100%| O|  |TAMS 0x0000000080f00000| PB 0x0000000080f00000| Untracked 
|  16|0x0000000081000000, 0x0000000081100000, 0x0000000081100000|100%| O|  |TAMS 0x0000000081000000| PB 0x0000000081000000| Untracked 
|  17|0x0000000081100000, 0x0000000081200000, 0x0000000081200000|100%| O|  |TAMS 0x0000000081100000| PB 0x0000000081100000| Untracked 
|  18|0x0000000081200000, 0x0000000081300000, 0x0000000081300000|100%| O|  |TAMS 0x0000000081200000| PB 0x0000000081200000| Untracked 
|  19|0x0000000081300000, 0x0000000081400000, 0x0000000081400000|100%| O|  |TAMS 0x0000000081300000| PB 0x0000000081300000| Untracked 
|  20|0x0000000081400000, 0x0000000081500000, 0x0000000081500000|100%| O|  |TAMS 0x0000000081400000| PB 0x0000000081400000| Untracked 
|  21|0x0000000081500000, 0x0000000081600000, 0x0000000081600000|100%|HS|  |TAMS 0x0000000081500000| PB 0x0000000081500000| Complete 
|  22|0x0000000081600000, 0x0000000081700000, 0x0000000081700000|100%|HC|  |TAMS 0x0000000081600000| PB 0x0000000081600000| Complete 
|  23|0x0000000081700000, 0x0000000081800000, 0x0000000081800000|100%|HC|  |TAMS 0x0000000081700000| PB 0x0000000081700000| Complete 
|  24|0x0000000081800000, 0x0000000081900000, 0x0000000081900000|100%|HC|  |TAMS 0x0000000081800000| PB 0x0000000081800000| Complete 
|  25|0x0000000081900000, 0x0000000081a00000, 0x0000000081a00000|100%|HC|  |TAMS 0x0000000081900000| PB 0x0000000081900000| Complete 
|  26|0x0000000081a00000, 0x0000000081b00000, 0x0000000081b00000|100%|HC|  |TAMS 0x0000000081a00000| PB 0x0000000081a00000| Complete 
|  27|0x0000000081b00000, 0x0000000081c00000, 0x0000000081c00000|100%|HS|  |TAMS 0x0000000081b00000| PB 0x0000000081b00000| Complete 
|  28|0x0000000081c00000, 0x0000000081d00000, 0x0000000081d00000|100%|HS|  |TAMS 0x0000000081c00000| PB 0x0000000081c00000| Complete 
|  29|0x0000000081d00000, 0x0000000081e00000, 0x0000000081e00000|100%|HC|  |TAMS 0x0000000081d00000| PB 0x0000000081d00000| Complete 
|  30|0x0000000081e00000, 0x0000000081f00000, 0x0000000081f00000|100%|HC|  |TAMS 0x0000000081e00000| PB 0x0000000081e00000| Complete 
|  31|0x0000000081f00000, 0x0000000082000000, 0x0000000082000000|100%|HC|  |TAMS 0x0000000081f00000| PB 0x0000000081f00000| Complete 
|  32|0x0000000082000000, 0x0000000082100000, 0x0000000082100000|100%|HS|  |TAMS 0x0000000082000000| PB 0x0000000082000000| Complete 
|  33|0x0000000082100000, 0x0000000082200000, 0x0000000082200000|100%|HC|  |TAMS 0x0000000082100000| PB 0x0000000082100000| Complete 
|  34|0x0000000082200000, 0x0000000082300000, 0x0000000082300000|100%|HS|  |TAMS 0x0000000082200000| PB 0x0000000082200000| Complete 
|  35|0x0000000082300000, 0x0000000082400000, 0x0000000082400000|100%|HS|  |TAMS 0x0000000082300000| PB 0x0000000082300000| Complete 
|  36|0x0000000082400000, 0x0000000082500000, 0x0000000082500000|100%|HC|  |TAMS 0x0000000082400000| PB 0x0000000082400000| Complete 
|  37|0x0000000082500000, 0x0000000082600000, 0x0000000082600000|100%|HC|  |TAMS 0x0000000082500000| PB 0x0000000082500000| Complete 
|  38|0x0000000082600000, 0x0000000082700000, 0x0000000082700000|100%|HC|  |TAMS 0x0000000082600000| PB 0x0000000082600000| Complete 
|  39|0x0000000082700000, 0x0000000082800000, 0x0000000082800000|100%|HC|  |TAMS 0x0000000082700000| PB 0x0000000082700000| Complete 
|  40|0x0000000082800000, 0x0000000082900000, 0x0000000082900000|100%|HC|  |TAMS 0x0000000082800000| PB 0x0000000082800000| Complete 
|  41|0x0000000082900000, 0x0000000082a00000, 0x0000000082a00000|100%| O|  |TAMS 0x0000000082900000| PB 0x0000000082900000| Untracked 
|  42|0x0000000082a00000, 0x0000000082b00000, 0x0000000082b00000|100%| O|  |TAMS 0x0000000082a00000| PB 0x0000000082a00000| Untracked 
|  43|0x0000000082b00000, 0x0000000082c00000, 0x0000000082c00000|100%| O|  |TAMS 0x0000000082b00000| PB 0x0000000082b00000| Untracked 
|  44|0x0000000082c00000, 0x0000000082d00000, 0x0000000082d00000|100%| O|  |TAMS 0x0000000082c00000| PB 0x0000000082c00000| Untracked 
|  45|0x0000000082d00000, 0x0000000082e00000, 0x0000000082e00000|100%| O|  |TAMS 0x0000000082d00000| PB 0x0000000082d00000| Untracked 
|  46|0x0000000082e00000, 0x0000000082f00000, 0x0000000082f00000|100%|HS|  |TAMS 0x0000000082e00000| PB 0x0000000082e00000| Complete 
|  47|0x0000000082f00000, 0x0000000083000000, 0x0000000083000000|100%|HS|  |TAMS 0x0000000082f00000| PB 0x0000000082f00000| Complete 
|  48|0x0000000083000000, 0x0000000083100000, 0x0000000083100000|100%|HC|  |TAMS 0x0000000083000000| PB 0x0000000083000000| Complete 
|  49|0x0000000083100000, 0x0000000083200000, 0x0000000083200000|100%|HC|  |TAMS 0x0000000083100000| PB 0x0000000083100000| Complete 
|  50|0x0000000083200000, 0x0000000083300000, 0x0000000083300000|100%|HC|  |TAMS 0x0000000083200000| PB 0x0000000083200000| Complete 
|  51|0x0000000083300000, 0x0000000083400000, 0x0000000083400000|100%|HS|  |TAMS 0x0000000083300000| PB 0x0000000083300000| Complete 
|  52|0x0000000083400000, 0x0000000083500000, 0x0000000083500000|100%|HC|  |TAMS 0x0000000083400000| PB 0x0000000083400000| Complete 
|  53|0x0000000083500000, 0x0000000083600000, 0x0000000083600000|100%|HS|  |TAMS 0x0000000083500000| PB 0x0000000083500000| Complete 
|  54|0x0000000083600000, 0x0000000083700000, 0x0000000083700000|100%| O|  |TAMS 0x0000000083600000| PB 0x0000000083600000| Untracked 
|  55|0x0000000083700000, 0x0000000083800000, 0x0000000083800000|100%| O|  |TAMS 0x0000000083700000| PB 0x0000000083700000| Untracked 
|  56|0x0000000083800000, 0x0000000083900000, 0x0000000083900000|100%| O|  |TAMS 0x0000000083800000| PB 0x0000000083800000| Untracked 
|  57|0x0000000083900000, 0x0000000083a00000, 0x0000000083a00000|100%|HS|  |TAMS 0x0000000083900000| PB 0x0000000083900000| Complete 
|  58|0x0000000083a00000, 0x0000000083b00000, 0x0000000083b00000|100%|HC|  |TAMS 0x0000000083a00000| PB 0x0000000083a00000| Complete 
|  59|0x0000000083b00000, 0x0000000083c00000, 0x0000000083c00000|100%| O|  |TAMS 0x0000000083b00000| PB 0x0000000083b00000| Untracked 
|  60|0x0000000083c00000, 0x0000000083d00000, 0x0000000083d00000|100%| O|  |TAMS 0x0000000083c00000| PB 0x0000000083c00000| Untracked 
|  61|0x0000000083d00000, 0x0000000083e00000, 0x0000000083e00000|100%| O|  |TAMS 0x0000000083d00000| PB 0x0000000083d00000| Untracked 
|  62|0x0000000083e00000, 0x0000000083f00000, 0x0000000083f00000|100%| O|  |TAMS 0x0000000083e00000| PB 0x0000000083e00000| Untracked 
|  63|0x0000000083f00000, 0x0000000084000000, 0x0000000084000000|100%| O|  |TAMS 0x0000000083f00000| PB 0x0000000083f00000| Untracked 
|  64|0x0000000084000000, 0x0000000084100000, 0x0000000084100000|100%| O|  |TAMS 0x0000000084000000| PB 0x0000000084000000| Untracked 
|  65|0x0000000084100000, 0x0000000084200000, 0x0000000084200000|100%| O|Cm|TAMS 0x0000000084100000| PB 0x0000000084100000| Complete 
|  66|0x0000000084200000, 0x0000000084300000, 0x0000000084300000|100%| O|  |TAMS 0x0000000084200000| PB 0x0000000084200000| Untracked 
|  67|0x0000000084300000, 0x0000000084400000, 0x0000000084400000|100%| O|  |TAMS 0x0000000084300000| PB 0x0000000084300000| Untracked 
|  68|0x0000000084400000, 0x0000000084500000, 0x0000000084500000|100%|HS|  |TAMS 0x0000000084400000| PB 0x0000000084400000| Complete 
|  69|0x0000000084500000, 0x0000000084600000, 0x0000000084600000|100%| O|  |TAMS 0x0000000084500000| PB 0x0000000084500000| Untracked 
|  70|0x0000000084600000, 0x0000000084700000, 0x0000000084700000|100%| O|  |TAMS 0x0000000084600000| PB 0x0000000084600000| Untracked 
|  71|0x0000000084700000, 0x0000000084800000, 0x0000000084800000|100%| O|Cm|TAMS 0x0000000084700000| PB 0x0000000084700000| Complete 
|  72|0x0000000084800000, 0x0000000084900000, 0x0000000084900000|100%|HS|  |TAMS 0x0000000084800000| PB 0x0000000084800000| Complete 
|  73|0x0000000084900000, 0x0000000084a00000, 0x0000000084a00000|100%|HC|  |TAMS 0x0000000084900000| PB 0x0000000084900000| Complete 
|  74|0x0000000084a00000, 0x0000000084b00000, 0x0000000084b00000|100%|HC|  |TAMS 0x0000000084a00000| PB 0x0000000084a00000| Complete 
|  75|0x0000000084b00000, 0x0000000084c00000, 0x0000000084c00000|100%|HC|  |TAMS 0x0000000084b00000| PB 0x0000000084b00000| Complete 
|  76|0x0000000084c00000, 0x0000000084d00000, 0x0000000084d00000|100%|HC|  |TAMS 0x0000000084c00000| PB 0x0000000084c00000| Complete 
|  77|0x0000000084d00000, 0x0000000084e00000, 0x0000000084e00000|100%|HC|  |TAMS 0x0000000084d00000| PB 0x0000000084d00000| Complete 
|  78|0x0000000084e00000, 0x0000000084f00000, 0x0000000084f00000|100%|HS|  |TAMS 0x0000000084e00000| PB 0x0000000084e00000| Complete 
|  79|0x0000000084f00000, 0x0000000085000000, 0x0000000085000000|100%| O|  |TAMS 0x0000000084f00000| PB 0x0000000084f00000| Untracked 
|  80|0x0000000085000000, 0x0000000085100000, 0x0000000085100000|100%| O|  |TAMS 0x0000000085000000| PB 0x0000000085000000| Untracked 
|  81|0x0000000085100000, 0x0000000085200000, 0x0000000085200000|100%| O|  |TAMS 0x0000000085100000| PB 0x0000000085100000| Untracked 
|  82|0x0000000085200000, 0x0000000085300000, 0x0000000085300000|100%| O|  |TAMS 0x0000000085200000| PB 0x0000000085200000| Untracked 
|  83|0x0000000085300000, 0x0000000085400000, 0x0000000085400000|100%| O|  |TAMS 0x0000000085300000| PB 0x0000000085300000| Untracked 
|  84|0x0000000085400000, 0x0000000085500000, 0x0000000085500000|100%| O|  |TAMS 0x0000000085400000| PB 0x0000000085400000| Untracked 
|  85|0x0000000085500000, 0x0000000085600000, 0x0000000085600000|100%| O|  |TAMS 0x0000000085500000| PB 0x0000000085500000| Untracked 
|  86|0x0000000085600000, 0x0000000085700000, 0x0000000085700000|100%| O|  |TAMS 0x0000000085600000| PB 0x0000000085600000| Untracked 
|  87|0x0000000085700000, 0x0000000085800000, 0x0000000085800000|100%| O|  |TAMS 0x0000000085700000| PB 0x0000000085700000| Untracked 
|  88|0x0000000085800000, 0x000000008583ec80, 0x0000000085900000| 24%| O|  |TAMS 0x0000000085800000| PB 0x0000000085800000| Untracked 
|  89|0x0000000085900000, 0x0000000085a00000, 0x0000000085a00000|100%|HS|  |TAMS 0x0000000085900000| PB 0x0000000085900000| Complete 
|  90|0x0000000085a00000, 0x0000000085b00000, 0x0000000085b00000|100%|HC|  |TAMS 0x0000000085a00000| PB 0x0000000085a00000| Complete 
|  91|0x0000000085b00000, 0x0000000085c00000, 0x0000000085c00000|100%|HC|  |TAMS 0x0000000085b00000| PB 0x0000000085b00000| Complete 
|  92|0x0000000085c00000, 0x0000000085d00000, 0x0000000085d00000|100%|HC|  |TAMS 0x0000000085c00000| PB 0x0000000085c00000| Complete 
|  93|0x0000000085d00000, 0x0000000085e00000, 0x0000000085e00000|100%|HC|  |TAMS 0x0000000085d00000| PB 0x0000000085d00000| Complete 
|  94|0x0000000085e00000, 0x0000000085f00000, 0x0000000085f00000|100%|HC|  |TAMS 0x0000000085e00000| PB 0x0000000085e00000| Complete 
|  95|0x0000000085f00000, 0x0000000085f00000, 0x0000000086000000|  0%| F|  |TAMS 0x0000000085f00000| PB 0x0000000085f00000| Untracked 
|  96|0x0000000086000000, 0x0000000086000000, 0x0000000086100000|  0%| F|  |TAMS 0x0000000086000000| PB 0x0000000086000000| Untracked 
|  97|0x0000000086100000, 0x0000000086100000, 0x0000000086200000|  0%| F|  |TAMS 0x0000000086100000| PB 0x0000000086100000| Untracked 
|  98|0x0000000086200000, 0x0000000086200000, 0x0000000086300000|  0%| F|  |TAMS 0x0000000086200000| PB 0x0000000086200000| Untracked 
|  99|0x0000000086300000, 0x0000000086300000, 0x0000000086400000|  0%| F|  |TAMS 0x0000000086300000| PB 0x0000000086300000| Untracked 
| 100|0x0000000086400000, 0x0000000086400000, 0x0000000086500000|  0%| F|  |TAMS 0x0000000086400000| PB 0x0000000086400000| Untracked 
| 101|0x0000000086500000, 0x0000000086500000, 0x0000000086600000|  0%| F|  |TAMS 0x0000000086500000| PB 0x0000000086500000| Untracked 
| 102|0x0000000086600000, 0x0000000086600000, 0x0000000086700000|  0%| F|  |TAMS 0x0000000086600000| PB 0x0000000086600000| Untracked 
| 103|0x0000000086700000, 0x0000000086700000, 0x0000000086800000|  0%| F|  |TAMS 0x0000000086700000| PB 0x0000000086700000| Untracked 
| 104|0x0000000086800000, 0x0000000086800000, 0x0000000086900000|  0%| F|  |TAMS 0x0000000086800000| PB 0x0000000086800000| Untracked 
| 105|0x0000000086900000, 0x0000000086900000, 0x0000000086a00000|  0%| F|  |TAMS 0x0000000086900000| PB 0x0000000086900000| Untracked 
| 106|0x0000000086a00000, 0x0000000086a00000, 0x0000000086b00000|  0%| F|  |TAMS 0x0000000086a00000| PB 0x0000000086a00000| Untracked 
| 107|0x0000000086b00000, 0x0000000086b00000, 0x0000000086c00000|  0%| F|  |TAMS 0x0000000086b00000| PB 0x0000000086b00000| Untracked 
| 108|0x0000000086c00000, 0x0000000086c00000, 0x0000000086d00000|  0%| F|  |TAMS 0x0000000086c00000| PB 0x0000000086c00000| Untracked 
| 109|0x0000000086d00000, 0x0000000086d5dcc0, 0x0000000086e00000| 36%| S|CS|TAMS 0x0000000086d00000| PB 0x0000000086d00000| Complete 
| 110|0x0000000086e00000, 0x0000000086f00000, 0x0000000086f00000|100%| S|CS|TAMS 0x0000000086e00000| PB 0x0000000086e00000| Complete 
| 111|0x0000000086f00000, 0x0000000087000000, 0x0000000087000000|100%| S|CS|TAMS 0x0000000086f00000| PB 0x0000000086f00000| Complete 
| 112|0x0000000087000000, 0x0000000087100000, 0x0000000087100000|100%| S|CS|TAMS 0x0000000087000000| PB 0x0000000087000000| Complete 
| 113|0x0000000087100000, 0x0000000087200000, 0x0000000087200000|100%| S|CS|TAMS 0x0000000087100000| PB 0x0000000087100000| Complete 
| 114|0x0000000087200000, 0x0000000087200000, 0x0000000087300000|  0%| F|  |TAMS 0x0000000087200000| PB 0x0000000087200000| Untracked 
| 115|0x0000000087300000, 0x0000000087300000, 0x0000000087400000|  0%| F|  |TAMS 0x0000000087300000| PB 0x0000000087300000| Untracked 
| 116|0x0000000087400000, 0x0000000087400000, 0x0000000087500000|  0%| F|  |TAMS 0x0000000087400000| PB 0x0000000087400000| Untracked 
| 117|0x0000000087500000, 0x0000000087500000, 0x0000000087600000|  0%| F|  |TAMS 0x0000000087500000| PB 0x0000000087500000| Untracked 
| 118|0x0000000087600000, 0x0000000087600000, 0x0000000087700000|  0%| F|  |TAMS 0x0000000087600000| PB 0x0000000087600000| Untracked 
| 119|0x0000000087700000, 0x0000000087700000, 0x0000000087800000|  0%| F|  |TAMS 0x0000000087700000| PB 0x0000000087700000| Untracked 
| 120|0x0000000087800000, 0x0000000087800000, 0x0000000087900000|  0%| F|  |TAMS 0x0000000087800000| PB 0x0000000087800000| Untracked 
| 121|0x0000000087900000, 0x0000000087900000, 0x0000000087a00000|  0%| F|  |TAMS 0x0000000087900000| PB 0x0000000087900000| Untracked 
| 122|0x0000000087a00000, 0x0000000087a00000, 0x0000000087b00000|  0%| F|  |TAMS 0x0000000087a00000| PB 0x0000000087a00000| Untracked 
| 123|0x0000000087b00000, 0x0000000087b00000, 0x0000000087c00000|  0%| F|  |TAMS 0x0000000087b00000| PB 0x0000000087b00000| Untracked 
| 124|0x0000000087c00000, 0x0000000087c00000, 0x0000000087d00000|  0%| F|  |TAMS 0x0000000087c00000| PB 0x0000000087c00000| Untracked 
| 125|0x0000000087d00000, 0x0000000087d00000, 0x0000000087e00000|  0%| F|  |TAMS 0x0000000087d00000| PB 0x0000000087d00000| Untracked 
| 126|0x0000000087e00000, 0x0000000087e00000, 0x0000000087f00000|  0%| F|  |TAMS 0x0000000087e00000| PB 0x0000000087e00000| Untracked 
| 127|0x0000000087f00000, 0x0000000087f93260, 0x0000000088000000| 57%| E|  |TAMS 0x0000000087f00000| PB 0x0000000087f00000| Complete 
| 128|0x0000000088000000, 0x0000000088100000, 0x0000000088100000|100%| E|CS|TAMS 0x0000000088000000| PB 0x0000000088000000| Complete 
| 129|0x0000000088100000, 0x0000000088200000, 0x0000000088200000|100%| E|CS|TAMS 0x0000000088100000| PB 0x0000000088100000| Complete 
| 130|0x0000000088200000, 0x0000000088300000, 0x0000000088300000|100%| E|CS|TAMS 0x0000000088200000| PB 0x0000000088200000| Complete 
| 131|0x0000000088300000, 0x0000000088400000, 0x0000000088400000|100%| E|CS|TAMS 0x0000000088300000| PB 0x0000000088300000| Complete 
| 132|0x0000000088400000, 0x0000000088500000, 0x0000000088500000|100%| E|CS|TAMS 0x0000000088400000| PB 0x0000000088400000| Complete 
| 133|0x0000000088500000, 0x0000000088600000, 0x0000000088600000|100%| E|CS|TAMS 0x0000000088500000| PB 0x0000000088500000| Complete 
| 134|0x0000000088600000, 0x0000000088700000, 0x0000000088700000|100%| E|CS|TAMS 0x0000000088600000| PB 0x0000000088600000| Complete 
| 135|0x0000000088700000, 0x0000000088800000, 0x0000000088800000|100%| E|CS|TAMS 0x0000000088700000| PB 0x0000000088700000| Complete 
| 136|0x0000000088800000, 0x0000000088900000, 0x0000000088900000|100%| E|CS|TAMS 0x0000000088800000| PB 0x0000000088800000| Complete 
| 137|0x0000000088900000, 0x0000000088a00000, 0x0000000088a00000|100%| E|CS|TAMS 0x0000000088900000| PB 0x0000000088900000| Complete 
| 138|0x0000000088a00000, 0x0000000088b00000, 0x0000000088b00000|100%| E|CS|TAMS 0x0000000088a00000| PB 0x0000000088a00000| Complete 
| 139|0x0000000088b00000, 0x0000000088c00000, 0x0000000088c00000|100%| E|CS|TAMS 0x0000000088b00000| PB 0x0000000088b00000| Complete 
| 140|0x0000000088c00000, 0x0000000088d00000, 0x0000000088d00000|100%| E|CS|TAMS 0x0000000088c00000| PB 0x0000000088c00000| Complete 
| 141|0x0000000088d00000, 0x0000000088e00000, 0x0000000088e00000|100%| E|CS|TAMS 0x0000000088d00000| PB 0x0000000088d00000| Complete 
| 142|0x0000000088e00000, 0x0000000088f00000, 0x0000000088f00000|100%| E|CS|TAMS 0x0000000088e00000| PB 0x0000000088e00000| Complete 
| 143|0x0000000088f00000, 0x0000000089000000, 0x0000000089000000|100%| E|CS|TAMS 0x0000000088f00000| PB 0x0000000088f00000| Complete 
| 144|0x0000000089000000, 0x0000000089100000, 0x0000000089100000|100%| E|CS|TAMS 0x0000000089000000| PB 0x0000000089000000| Complete 
| 145|0x0000000089100000, 0x0000000089200000, 0x0000000089200000|100%| E|CS|TAMS 0x0000000089100000| PB 0x0000000089100000| Complete 
| 146|0x0000000089200000, 0x0000000089300000, 0x0000000089300000|100%| E|CS|TAMS 0x0000000089200000| PB 0x0000000089200000| Complete 
| 147|0x0000000089300000, 0x0000000089400000, 0x0000000089400000|100%| E|CS|TAMS 0x0000000089300000| PB 0x0000000089300000| Complete 
| 148|0x0000000089400000, 0x0000000089500000, 0x0000000089500000|100%| E|CS|TAMS 0x0000000089400000| PB 0x0000000089400000| Complete 
| 149|0x0000000089500000, 0x0000000089600000, 0x0000000089600000|100%| E|CS|TAMS 0x0000000089500000| PB 0x0000000089500000| Complete 
| 150|0x0000000089600000, 0x0000000089700000, 0x0000000089700000|100%| E|CS|TAMS 0x0000000089600000| PB 0x0000000089600000| Complete 
| 151|0x0000000089700000, 0x0000000089800000, 0x0000000089800000|100%| E|CS|TAMS 0x0000000089700000| PB 0x0000000089700000| Complete 
| 152|0x0000000089800000, 0x0000000089900000, 0x0000000089900000|100%| E|CS|TAMS 0x0000000089800000| PB 0x0000000089800000| Complete 
| 153|0x0000000089900000, 0x0000000089a00000, 0x0000000089a00000|100%| E|CS|TAMS 0x0000000089900000| PB 0x0000000089900000| Complete 
| 154|0x0000000089a00000, 0x0000000089b00000, 0x0000000089b00000|100%| E|CS|TAMS 0x0000000089a00000| PB 0x0000000089a00000| Complete 
| 213|0x000000008d500000, 0x000000008d600000, 0x000000008d600000|100%| E|CS|TAMS 0x000000008d500000| PB 0x000000008d500000| Complete 
| 214|0x000000008d600000, 0x000000008d700000, 0x000000008d700000|100%| E|CS|TAMS 0x000000008d600000| PB 0x000000008d600000| Complete 
| 215|0x000000008d700000, 0x000000008d800000, 0x000000008d800000|100%| E|CS|TAMS 0x000000008d700000| PB 0x000000008d700000| Complete 
| 216|0x000000008d800000, 0x000000008d900000, 0x000000008d900000|100%| E|CS|TAMS 0x000000008d800000| PB 0x000000008d800000| Complete 
| 217|0x000000008d900000, 0x000000008da00000, 0x000000008da00000|100%| E|CS|TAMS 0x000000008d900000| PB 0x000000008d900000| Complete 
| 218|0x000000008da00000, 0x000000008db00000, 0x000000008db00000|100%| E|CS|TAMS 0x000000008da00000| PB 0x000000008da00000| Complete 
| 219|0x000000008db00000, 0x000000008dc00000, 0x000000008dc00000|100%| E|CS|TAMS 0x000000008db00000| PB 0x000000008db00000| Complete 
| 220|0x000000008dc00000, 0x000000008dd00000, 0x000000008dd00000|100%| E|CS|TAMS 0x000000008dc00000| PB 0x000000008dc00000| Complete 
| 221|0x000000008dd00000, 0x000000008de00000, 0x000000008de00000|100%| E|CS|TAMS 0x000000008dd00000| PB 0x000000008dd00000| Complete 
| 239|0x000000008ef00000, 0x000000008f000000, 0x000000008f000000|100%| E|CS|TAMS 0x000000008ef00000| PB 0x000000008ef00000| Complete 
|2043|0x00000000ffb00000, 0x00000000ffc00000, 0x00000000ffc00000|100%| E|CS|TAMS 0x00000000ffb00000| PB 0x00000000ffb00000| Complete 
|2044|0x00000000ffc00000, 0x00000000ffd00000, 0x00000000ffd00000|100%| O|  |TAMS 0x00000000ffc00000| PB 0x00000000ffc00000| Untracked 
|2045|0x00000000ffd00000, 0x00000000ffe00000, 0x00000000ffe00000|100%| O|  |TAMS 0x00000000ffd00000| PB 0x00000000ffd00000| Untracked 
|2046|0x00000000ffe00000, 0x00000000fff00000, 0x00000000fff00000|100%| O|  |TAMS 0x00000000ffe00000| PB 0x00000000ffe00000| Untracked 
|2047|0x00000000fff00000, 0x0000000100000000, 0x0000000100000000|100%| O|  |TAMS 0x00000000fff00000| PB 0x00000000fff00000| Untracked 

Card table byte_map: [0x00000268da920000,0x00000268dad20000] _byte_map_base: 0x00000268da520000

Marking Bits: (CMBitMap*) 0x00000268c60b8c00
 Bits: [0x00000268dad20000, 0x00000268dcd20000)

Polling page: 0x00000268caa90000

Metaspace:

Usage:
  Non-class:     62.10 MB used.
      Class:      9.91 MB used.
       Both:     72.01 MB used.

Virtual space:
  Non-class space:       64.00 MB reserved,      62.94 MB ( 98%) committed,  1 nodes.
      Class space:        1.00 GB reserved,      10.69 MB (  1%) committed,  1 nodes.
             Both:        1.06 GB reserved,      73.62 MB (  7%) committed. 

Chunk freelists:
   Non-Class:  208.00 KB
       Class:  5.30 MB
        Both:  5.50 MB

MaxMetaspaceSize: unlimited
CompressedClassSpaceSize: 1.00 GB
Initial GC threshold: 21.00 MB
Current GC threshold: 107.94 MB
CDS: off
 - commit_granule_bytes: 65536.
 - commit_granule_words: 8192.
 - virtual_space_node_default_size: 8388608.
 - enlarge_chunks_in_place: 1.
 - use_allocation_guard: 0.


Internal statistics:

num_allocs_failed_limit: 6.
num_arena_births: 3092.
num_arena_deaths: 2.
num_vsnodes_births: 2.
num_vsnodes_deaths: 0.
num_space_committed: 1178.
num_space_uncommitted: 0.
num_chunks_returned_to_freelist: 9.
num_chunks_taken_from_freelist: 6099.
num_chunk_merges: 3.
num_chunk_splits: 3974.
num_chunks_enlarged: 2463.
num_inconsistent_stats: 0.

CodeHeap 'non-profiled nmethods': size=120000Kb used=4063Kb max_used=4063Kb free=115936Kb
 bounds [0x00000268d2580000, 0x00000268d2980000, 0x00000268d9ab0000]
CodeHeap 'profiled nmethods': size=120000Kb used=12032Kb max_used=12032Kb free=107967Kb
 bounds [0x00000268caab0000, 0x00000268cb680000, 0x00000268d1fe0000]
CodeHeap 'non-nmethods': size=5760Kb used=2761Kb max_used=2790Kb free=2998Kb
 bounds [0x00000268d1fe0000, 0x00000268d22a0000, 0x00000268d2580000]
 total_blobs=7382 nmethods=6480 adapters=806
 compilation: enabled
              stopped_count=0, restarted_count=0
 full_count=0

Compilation events (20 events):
Event: 13.588 Thread 0x00000268df9653e0 nmethod 7665 0x00000268cb455410 code [0x00000268cb4555a0, 0x00000268cb455710]
Event: 13.588 Thread 0x00000268df9653e0 7666       3       com.google.common.collect.ImmutableMapEntrySet$RegularEntrySet::iterator (5 bytes)
Event: 13.589 Thread 0x00000268df9653e0 nmethod 7666 0x00000268cb4c2e10 code [0x00000268cb4c2fc0, 0x00000268cb4c31f0]
Event: 13.602 Thread 0x00000268df9653e0 7667       3       java.lang.invoke.SimpleMethodHandle::copyWithExtendL (7 bytes)
Event: 13.602 Thread 0x00000268df9653e0 nmethod 7667 0x00000268cb4c2a10 code [0x00000268cb4c2bc0, 0x00000268cb4c2d58]
Event: 13.605 Thread 0x00000268df961470 7668   !   4       java.net.URLClassLoader::findClass (47 bytes)
Event: 13.691 Thread 0x00000268df9653e0 7671       3       java.net.URI$Parser::scan (76 bytes)
Event: 13.692 Thread 0x00000268df9653e0 nmethod 7671 0x00000268cb4c1b10 code [0x00000268cb4c1d40, 0x00000268cb4c25b0]
Event: 13.720 Thread 0x00000268df9653e0 7674       3       com.google.common.collect.ObjectArrays::checkElementsNotNull (23 bytes)
Event: 13.721 Thread 0x00000268df9653e0 nmethod 7674 0x00000268cb4c0e10 code [0x00000268cb4c1060, 0x00000268cb4c1780]
Event: 13.721 Thread 0x00000268df9653e0 7673       3       com.google.common.collect.ObjectArrays::checkElementsNotNull (7 bytes)
Event: 13.721 Thread 0x00000268df9653e0 nmethod 7673 0x00000268cb4c0910 code [0x00000268cb4c0ac0, 0x00000268cb4c0d08]
Event: 13.722 Thread 0x00000268df9653e0 7675       1       java.lang.Thread::threadId (5 bytes)
Event: 13.722 Thread 0x00000268df9653e0 nmethod 7675 0x00000268d2977090 code [0x00000268d2977220, 0x00000268d29772e8]
Event: 13.722 Thread 0x00000268df9653e0 7676       3       com.google.common.collect.IndexedImmutableSet$1::get (9 bytes)
Event: 13.723 Thread 0x00000268df9653e0 nmethod 7676 0x00000268cb4c0490 code [0x00000268cb4c0640, 0x00000268cb4c0810]
Event: 13.723 Thread 0x00000268df9653e0 7677       3       com.google.common.collect.RegularImmutableMap$KeySet::get (15 bytes)
Event: 13.723 Thread 0x00000268df9653e0 nmethod 7677 0x00000268cb4bff90 code [0x00000268cb4c0140, 0x00000268cb4c0340]
Event: 13.730 Thread 0x00000268df9653e0 7678       1       java.nio.DirectByteBuffer::base (2 bytes)
Event: 13.730 Thread 0x00000268df9653e0 nmethod 7678 0x00000268d2977390 code [0x00000268d2977520, 0x00000268d29775f0]

GC Heap History (20 events):
Event: 7.999 GC heap before
{Heap before GC invocations=17 (full 0):
 garbage-first heap   total 128000K, used 119169K [0x0000000080000000, 0x0000000100000000)
  region size 1024K, 50 young (51200K), 5 survivors (5120K)
 Metaspace       used 53059K, committed 54464K, reserved 1114112K
  class space    used 7221K, committed 7872K, reserved 1048576K
}
Event: 8.005 GC heap after
{Heap after GC invocations=18 (full 0):
 garbage-first heap   total 128000K, used 70663K [0x0000000080000000, 0x0000000100000000)
  region size 1024K, 5 young (5120K), 5 survivors (5120K)
 Metaspace       used 53059K, committed 54464K, reserved 1114112K
  class space    used 7221K, committed 7872K, reserved 1048576K
}
Event: 8.925 GC heap before
{Heap before GC invocations=18 (full 0):
 garbage-first heap   total 128000K, used 115719K [0x0000000080000000, 0x0000000100000000)
  region size 1024K, 48 young (49152K), 5 survivors (5120K)
 Metaspace       used 58135K, committed 59712K, reserved 1114112K
  class space    used 8052K, committed 8832K, reserved 1048576K
}
Event: 8.932 GC heap after
{Heap after GC invocations=19 (full 0):
 garbage-first heap   total 128000K, used 75525K [0x0000000080000000, 0x0000000100000000)
  region size 1024K, 6 young (6144K), 6 survivors (6144K)
 Metaspace       used 58135K, committed 59712K, reserved 1114112K
  class space    used 8052K, committed 8832K, reserved 1048576K
}
Event: 9.723 GC heap before
{Heap before GC invocations=19 (full 0):
 garbage-first heap   total 128000K, used 114437K [0x0000000080000000, 0x0000000100000000)
  region size 1024K, 44 young (45056K), 6 survivors (6144K)
 Metaspace       used 60476K, committed 62016K, reserved 1114112K
  class space    used 8458K, committed 9216K, reserved 1048576K
}
Event: 9.731 GC heap after
{Heap after GC invocations=20 (full 0):
 garbage-first heap   total 128000K, used 78349K [0x0000000080000000, 0x0000000100000000)
  region size 1024K, 3 young (3072K), 3 survivors (3072K)
 Metaspace       used 60476K, committed 62016K, reserved 1114112K
  class space    used 8458K, committed 9216K, reserved 1048576K
}
Event: 10.034 GC heap before
{Heap before GC invocations=21 (full 0):
 garbage-first heap   total 132096K, used 117261K [0x0000000080000000, 0x0000000100000000)
  region size 1024K, 41 young (41984K), 3 survivors (3072K)
 Metaspace       used 60509K, committed 62016K, reserved 1114112K
  class space    used 8460K, committed 9216K, reserved 1048576K
}
Event: 10.039 GC heap after
{Heap after GC invocations=22 (full 0):
 garbage-first heap   total 132096K, used 79627K [0x0000000080000000, 0x0000000100000000)
  region size 1024K, 4 young (4096K), 4 survivors (4096K)
 Metaspace       used 60509K, committed 62016K, reserved 1114112K
  class space    used 8460K, committed 9216K, reserved 1048576K
}
Event: 10.287 GC heap before
{Heap before GC invocations=22 (full 0):
 garbage-first heap   total 132096K, used 120587K [0x0000000080000000, 0x0000000100000000)
  region size 1024K, 44 young (45056K), 4 survivors (4096K)
 Metaspace       used 60510K, committed 62016K, reserved 1114112K
  class space    used 8460K, committed 9216K, reserved 1048576K
}
Event: 10.291 GC heap after
{Heap after GC invocations=23 (full 0):
 garbage-first heap   total 132096K, used 80463K [0x0000000080000000, 0x0000000100000000)
  region size 1024K, 3 young (3072K), 3 survivors (3072K)
 Metaspace       used 60510K, committed 62016K, reserved 1114112K
  class space    used 8460K, committed 9216K, reserved 1048576K
}
Event: 10.769 GC heap before
{Heap before GC invocations=23 (full 0):
 garbage-first heap   total 132096K, used 121423K [0x0000000080000000, 0x0000000100000000)
  region size 1024K, 43 young (44032K), 3 survivors (3072K)
 Metaspace       used 62848K, committed 64320K, reserved 1114112K
  class space    used 8740K, committed 9472K, reserved 1048576K
}
Event: 10.773 GC heap after
{Heap after GC invocations=24 (full 0):
 garbage-first heap   total 132096K, used 82310K [0x0000000080000000, 0x0000000100000000)
  region size 1024K, 5 young (5120K), 5 survivors (5120K)
 Metaspace       used 62848K, committed 64320K, reserved 1114112K
  class space    used 8740K, committed 9472K, reserved 1048576K
}
Event: 11.289 GC heap before
{Heap before GC invocations=25 (full 0):
 garbage-first heap   total 138240K, used 125318K [0x0000000080000000, 0x0000000100000000)
  region size 1024K, 40 young (40960K), 5 survivors (5120K)
 Metaspace       used 63924K, committed 65408K, reserved 1114112K
  class space    used 8861K, committed 9600K, reserved 1048576K
}
Event: 11.295 GC heap after
{Heap after GC invocations=26 (full 0):
 garbage-first heap   total 138240K, used 93407K [0x0000000080000000, 0x0000000100000000)
  region size 1024K, 5 young (5120K), 5 survivors (5120K)
 Metaspace       used 63924K, committed 65408K, reserved 1114112K
  class space    used 8861K, committed 9600K, reserved 1048576K
}
Event: 11.379 GC heap before
{Heap before GC invocations=26 (full 0):
 garbage-first heap   total 138240K, used 124127K [0x0000000080000000, 0x0000000100000000)
  region size 1024K, 35 young (35840K), 5 survivors (5120K)
 Metaspace       used 63941K, committed 65408K, reserved 1114112K
  class space    used 8861K, committed 9600K, reserved 1048576K
}
Event: 11.384 GC heap after
{Heap after GC invocations=27 (full 0):
 garbage-first heap   total 165888K, used 94206K [0x0000000080000000, 0x0000000100000000)
  region size 1024K, 1 young (1024K), 1 survivors (1024K)
 Metaspace       used 63941K, committed 65408K, reserved 1114112K
  class space    used 8861K, committed 9600K, reserved 1048576K
}
Event: 11.779 GC heap before
{Heap before GC invocations=27 (full 0):
 garbage-first heap   total 165888K, used 126974K [0x0000000080000000, 0x0000000100000000)
  region size 1024K, 28 young (28672K), 1 survivors (1024K)
 Metaspace       used 64610K, committed 66112K, reserved 1114112K
  class space    used 8938K, committed 9664K, reserved 1048576K
}
Event: 11.782 GC heap after
{Heap after GC invocations=28 (full 0):
 garbage-first heap   total 165888K, used 101992K [0x0000000080000000, 0x0000000100000000)
  region size 1024K, 3 young (3072K), 3 survivors (3072K)
 Metaspace       used 64610K, committed 66112K, reserved 1114112K
  class space    used 8938K, committed 9664K, reserved 1048576K
}
Event: 12.511 GC heap before
{Heap before GC invocations=29 (full 0):
 garbage-first heap   total 174080K, used 154216K [0x0000000080000000, 0x0000000100000000)
  region size 1024K, 52 young (53248K), 3 survivors (3072K)
 Metaspace       used 68251K, committed 69824K, reserved 1114112K
  class space    used 9347K, committed 10112K, reserved 1048576K
}
Event: 12.515 GC heap after
{Heap after GC invocations=30 (full 0):
 garbage-first heap   total 174080K, used 105074K [0x0000000080000000, 0x0000000100000000)
  region size 1024K, 5 young (5120K), 5 survivors (5120K)
 Metaspace       used 68251K, committed 69824K, reserved 1114112K
  class space    used 9347K, committed 10112K, reserved 1048576K
}

Dll operation events (3 events):
Event: 0.017 Loaded shared library C:\Program Files\Android\Android Studio\jbr\bin\java.dll
Event: 0.026 Loaded shared library C:\Program Files\Android\Android Studio\jbr\bin\zip.dll
Event: 0.957 Loaded shared library C:\Program Files\Android\Android Studio\jbr\bin\verify.dll

Deoptimization events (20 events):
Event: 13.368 Thread 0x00000268e5ba6d50 Uncommon trap: trap_request=0xffffffd6 fr.pc=0x00000268d2893910 relative=0x0000000000000930
Event: 13.369 Thread 0x00000268e5ba6d50 Uncommon trap: reason=array_check action=maybe_recompile pc=0x00000268d2893910 method=java.util.TimSort.binarySort([Ljava/lang/Object;IIILjava/util/Comparator;)V @ 183 c2
Event: 13.369 Thread 0x00000268e5ba6d50 DEOPT PACKING pc=0x00000268d2893910 sp=0x000000fcd1ef7980
Event: 13.369 Thread 0x00000268e5ba6d50 DEOPT UNPACKING pc=0x00000268d20346a2 sp=0x000000fcd1ef7918 mode 2
Event: 13.575 Thread 0x00000268e5ba6d50 Uncommon trap: trap_request=0xffffff45 fr.pc=0x00000268d263d97c relative=0x000000000000033c
Event: 13.575 Thread 0x00000268e5ba6d50 Uncommon trap: reason=unstable_if action=reinterpret pc=0x00000268d263d97c method=java.net.URI$Parser.scan(IILjava/lang/String;)I @ 26 c2
Event: 13.575 Thread 0x00000268e5ba6d50 DEOPT PACKING pc=0x00000268d263d97c sp=0x000000fcd1ef8810
Event: 13.575 Thread 0x00000268e5ba6d50 DEOPT UNPACKING pc=0x00000268d20346a2 sp=0x000000fcd1ef87a0 mode 2
Event: 13.576 Thread 0x00000268e5ba6d50 Uncommon trap: trap_request=0xffffff45 fr.pc=0x00000268d2677e88 relative=0x0000000000000128
Event: 13.576 Thread 0x00000268e5ba6d50 Uncommon trap: reason=unstable_if action=reinterpret pc=0x00000268d2677e88 method=java.net.URI.match(CJJ)Z @ 45 c2
Event: 13.576 Thread 0x00000268e5ba6d50 DEOPT PACKING pc=0x00000268d2677e88 sp=0x000000fcd1ef8580
Event: 13.576 Thread 0x00000268e5ba6d50 DEOPT UNPACKING pc=0x00000268d20346a2 sp=0x000000fcd1ef84a8 mode 2
Event: 13.587 Thread 0x00000268e5ba6d50 Uncommon trap: trap_request=0xffffff45 fr.pc=0x00000268d25a1f50 relative=0x00000000000000b0
Event: 13.587 Thread 0x00000268e5ba6d50 Uncommon trap: reason=unstable_if action=reinterpret pc=0x00000268d25a1f50 method=java.net.URI.match(CJJ)Z @ 45 c2
Event: 13.587 Thread 0x00000268e5ba6d50 DEOPT PACKING pc=0x00000268d25a1f50 sp=0x000000fcd1ef8510
Event: 13.587 Thread 0x00000268e5ba6d50 DEOPT UNPACKING pc=0x00000268d20346a2 sp=0x000000fcd1ef84a0 mode 2
Event: 13.723 Thread 0x00000268e5ba6d50 Uncommon trap: trap_request=0xffffffc6 fr.pc=0x00000268d26a694c relative=0x000000000000026c
Event: 13.723 Thread 0x00000268e5ba6d50 Uncommon trap: reason=bimorphic_or_optimized_type_check action=maybe_recompile pc=0x00000268d26a694c method=java.util.Spliterators$IteratorSpliterator.tryAdvance(Ljava/util/function/Consumer;)Z @ 50 c2
Event: 13.723 Thread 0x00000268e5ba6d50 DEOPT PACKING pc=0x00000268d26a694c sp=0x000000fcd1ef9c60
Event: 13.723 Thread 0x00000268e5ba6d50 DEOPT UNPACKING pc=0x00000268d20346a2 sp=0x000000fcd1ef9c00 mode 2

Classes loaded (20 events):
Event: 13.621 Loading class javax/net/ssl/HostnameVerifier
Event: 13.621 Loading class javax/net/ssl/HostnameVerifier done
Event: 13.626 Loading class javax/net/ssl/TrustManager
Event: 13.626 Loading class javax/net/ssl/TrustManager done
Event: 13.627 Loading class javax/net/ssl/X509TrustManager
Event: 13.627 Loading class javax/net/ssl/X509TrustManager done
Event: 13.631 Loading class javax/net/ssl/SSLException
Event: 13.631 Loading class javax/net/ssl/SSLException done
Event: 13.632 Loading class javax/net/ssl/SSLPeerUnverifiedException
Event: 13.632 Loading class javax/net/ssl/SSLPeerUnverifiedException done
Event: 13.632 Loading class java/security/cert/CertificateParsingException
Event: 13.632 Loading class java/security/cert/CertificateException
Event: 13.632 Loading class java/security/cert/CertificateException done
Event: 13.632 Loading class java/security/cert/CertificateParsingException done
Event: 13.632 Loading class javax/naming/NamingException
Event: 13.632 Loading class javax/naming/NamingException done
Event: 13.632 Loading class javax/naming/InvalidNameException
Event: 13.632 Loading class javax/naming/InvalidNameException done
Event: 13.735 Loading class java/nio/channels/Channels$ReadableByteChannelImpl
Event: 13.735 Loading class java/nio/channels/Channels$ReadableByteChannelImpl done

Classes unloaded (3 events):
Event: 11.840 Thread 0x00000268df8d3fe0 Unloading class 0x0000000100940968 '_BuildScript_$_run_closure1$_closure2'
Event: 11.840 Thread 0x00000268df8d3fe0 Unloading class 0x0000000100940558 '_BuildScript_$_run_closure1'
Event: 11.840 Thread 0x00000268df8d3fe0 Unloading class 0x0000000100940000 '_BuildScript_'

Classes redefined (0 events):
No events

Internal exceptions (20 events):
Event: 12.007 Thread 0x00000268e5ba6d50 Exception <a 'sun/nio/fs/WindowsException'{0x000000008d586a18}> (0x000000008d586a18) 
thrown [s\src\hotspot\share\prims\jni.cpp, line 537]
Event: 12.008 Thread 0x00000268e5ba6d50 Exception <a 'sun/nio/fs/WindowsException'{0x000000008d5881f0}> (0x000000008d5881f0) 
thrown [s\src\hotspot\share\prims\jni.cpp, line 537]
Event: 12.008 Thread 0x00000268e5ba6d50 Exception <a 'sun/nio/fs/WindowsException'{0x000000008d5895e0}> (0x000000008d5895e0) 
thrown [s\src\hotspot\share\prims\jni.cpp, line 537]
Event: 12.010 Thread 0x00000268e5ba6d50 Exception <a 'java/lang/NoSuchMethodError'{0x000000008d59e270}: 'java.lang.Object java.lang.invoke.Invokers$Holder.invoker(java.lang.Object, java.lang.Object, java.lang.Object, java.lang.Object, java.lang.Object, java.lang.Object)'> (0x000000008d59e270) 
thrown [s\src\hotspot\share\interpreter\linkResolver.cpp, line 784]
Event: 12.031 Thread 0x00000268e5ba6d50 Exception <a 'java/lang/NoSuchMethodError'{0x0000000089aac310}: 'java.lang.Object java.lang.invoke.DirectMethodHandle$Holder.invokeSpecial(java.lang.Object, java.lang.Object, java.lang.Object, java.lang.Object, java.lang.Object, java.lang.Object, java.lang.Object, java.lang.Object, java.lang.Object, java.lang.Object, java.lang.Object, java.lang.Object, java.lang.Object, java.lang.Object, java.lang.Object, java.lang.Object, java.lang.Object, java.lang.Object, java.lang.Object, java.lang.Object, java.lang.Ob
Event: 12.031 Thread 0x00000268e5ba6d50 Exception <a 'java/lang/NoSuchMethodError'{0x0000000089ab25f0}: 'java.lang.Object java.lang.invoke.DelegatingMethodHandle$Holder.reinvoke_L(java.lang.Object, java.lang.Object, java.lang.Object, java.lang.Object, java.lang.Object, java.lang.Object, java.lang.Object, java.lang.Object, java.lang.Object, java.lang.Object, java.lang.Object, java.lang.Object, java.lang.Object, java.lang.Object, java.lang.Object, java.lang.Object, java.lang.Object, java.lang.Object, java.lang.Object, java.lang.Object, java.lang.O
Event: 12.031 Thread 0x00000268e5ba6d50 Exception <a 'java/lang/NoSuchMethodError'{0x0000000089abd938}: 'java.lang.Object java.lang.invoke.Invokers$Holder.invoker(java.lang.Object, java.lang.Object, java.lang.Object, java.lang.Object, java.lang.Object, java.lang.Object, java.lang.Object, java.lang.Object, java.lang.Object, java.lang.Object, java.lang.Object, java.lang.Object, java.lang.Object, java.lang.Object, java.lang.Object, java.lang.Object, java.lang.Object, java.lang.Object, java.lang.Object, java.lang.Object, java.lang.Object, java.lang.
Event: 12.032 Thread 0x00000268e5ba6d50 Exception <a 'java/lang/NoSuchMethodError'{0x0000000089ac44c8}: 'java.lang.Object java.lang.invoke.DelegatingMethodHandle$Holder.delegate(java.lang.Object, java.lang.Object, java.lang.Object, java.lang.Object, java.lang.Object, java.lang.Object, java.lang.Object, java.lang.Object, java.lang.Object, java.lang.Object, java.lang.Object, java.lang.Object, java.lang.Object, java.lang.Object, java.lang.Object, java.lang.Object, java.lang.Object, java.lang.Object, java.lang.Object, java.lang.Object, java.lang.Obj
Event: 12.404 Thread 0x00000268e5ba6d50 Exception <a 'java/lang/NoSuchMethodError'{0x0000000087598b38}: 'java.lang.Object java.lang.invoke.DirectMethodHandle$Holder.newInvokeSpecial(java.lang.Object, java.lang.Object, java.lang.Object, java.lang.Object, java.lang.Object, java.lang.Object, java.lang.Object, java.lang.Object, java.lang.Object, java.lang.Object, java.lang.Object, java.lang.Object, java.lang.Object, java.lang.Object, java.lang.Object, java.lang.Object, java.lang.Object, java.lang.Object, java.lang.Object)'> (0x0000000087598b38) 
thr
Event: 12.404 Thread 0x00000268e5ba6d50 Exception <a 'java/lang/NoSuchMethodError'{0x000000008759fa30}: 'java.lang.Object java.lang.invoke.DirectMethodHandle$Holder.invokeSpecial(java.lang.Object, java.lang.Object, java.lang.Object, java.lang.Object, java.lang.Object, java.lang.Object, java.lang.Object, java.lang.Object, java.lang.Object, java.lang.Object, java.lang.Object, java.lang.Object, java.lang.Object, java.lang.Object, java.lang.Object, java.lang.Object, java.lang.Object, java.lang.Object, java.lang.Object, java.lang.Object)'> (0x0000000
Event: 12.405 Thread 0x00000268e5ba6d50 Exception <a 'java/lang/NoSuchMethodError'{0x00000000875a54f8}: 'java.lang.Object java.lang.invoke.DelegatingMethodHandle$Holder.reinvoke_L(java.lang.Object, java.lang.Object, java.lang.Object, java.lang.Object, java.lang.Object, java.lang.Object, java.lang.Object, java.lang.Object, java.lang.Object, java.lang.Object, java.lang.Object, java.lang.Object, java.lang.Object, java.lang.Object, java.lang.Object, java.lang.Object, java.lang.Object, java.lang.Object, java.lang.Object)'> (0x00000000875a54f8) 
throw
Event: 12.433 Thread 0x00000268e5ba6d50 Exception <a 'java/lang/IncompatibleClassChangeError'{0x0000000087475068}: Found class java.lang.Object, but interface was expected> (0x0000000087475068) 
thrown [s\src\hotspot\share\interpreter\linkResolver.cpp, line 851]
Event: 13.520 Thread 0x00000268e5b9fdc0 Exception <a 'java/lang/NoSuchMethodError'{0x00000000888151a8}: static Lorg/gradle/internal/build/event/types/DefaultOperationStartedProgressEvent;.<clinit>()V> (0x00000000888151a8) 
thrown [s\src\hotspot\share\prims\jni.cpp, line 1144]
Event: 13.520 Thread 0x00000268e5b9fdc0 Exception <a 'java/lang/NoSuchMethodError'{0x0000000088816c68}: static Lorg/gradle/internal/build/event/types/AbstractProgressEvent;.<clinit>()V> (0x0000000088816c68) 
thrown [s\src\hotspot\share\prims\jni.cpp, line 1144]
Event: 13.522 Thread 0x00000268e5b9fdc0 Exception <a 'java/lang/NoSuchMethodError'{0x000000008882bba0}: static Lorg/gradle/internal/build/event/types/DefaultBuildPhaseDescriptor;.<clinit>()V> (0x000000008882bba0) 
thrown [s\src\hotspot\share\prims\jni.cpp, line 1144]
Event: 13.522 Thread 0x00000268e5b9fdc0 Exception <a 'java/lang/NoSuchMethodError'{0x000000008882f758}: static Lorg/gradle/internal/build/event/types/DefaultOperationDescriptor;.<clinit>()V> (0x000000008882f758) 
thrown [s\src\hotspot\share\prims\jni.cpp, line 1144]
Event: 13.524 Thread 0x00000268e5b9fdc0 Exception <a 'java/lang/NoSuchMethodError'{0x0000000088843fa0}: static Lorg/gradle/internal/operations/OperationIdentifier;.<clinit>()V> (0x0000000088843fa0) 
thrown [s\src\hotspot\share\prims\jni.cpp, line 1144]
Event: 13.719 Thread 0x00000268e5ba6d50 Exception <a 'sun/nio/fs/WindowsException'{0x000000008837d138}> (0x000000008837d138) 
thrown [s\src\hotspot\share\prims\jni.cpp, line 537]
Event: 13.719 Thread 0x00000268e5ba6d50 Exception <a 'sun/nio/fs/WindowsException'{0x000000008837eb30}> (0x000000008837eb30) 
thrown [s\src\hotspot\share\prims\jni.cpp, line 537]
Event: 13.721 Thread 0x00000268e5ba6d50 Exception <a 'sun/nio/fs/WindowsException'{0x0000000088388678}> (0x0000000088388678) 
thrown [s\src\hotspot\share\prims\jni.cpp, line 537]

ZGC Phase Switch (0 events):
No events

VM Operations (20 events):
Event: 11.289 Executing VM operation: G1CollectForAllocation (G1 Evacuation Pause)
Event: 11.295 Executing VM operation: G1CollectForAllocation (G1 Evacuation Pause) done
Event: 11.379 Executing VM operation: G1CollectForAllocation (G1 Evacuation Pause)
Event: 11.384 Executing VM operation: G1CollectForAllocation (G1 Evacuation Pause) done
Event: 11.529 Executing VM operation: HandshakeAllThreads (Deoptimize)
Event: 11.529 Executing VM operation: HandshakeAllThreads (Deoptimize) done
Event: 11.569 Executing VM operation: ICBufferFull
Event: 11.570 Executing VM operation: ICBufferFull done
Event: 11.725 Executing VM operation: HandshakeAllThreads (Deoptimize)
Event: 11.725 Executing VM operation: HandshakeAllThreads (Deoptimize) done
Event: 11.779 Executing VM operation: G1TryInitiateConcMark (G1 Humongous Allocation)
Event: 11.782 Executing VM operation: G1TryInitiateConcMark (G1 Humongous Allocation) done
Event: 11.839 Executing VM operation: G1PauseRemark
Event: 11.846 Executing VM operation: G1PauseRemark done
Event: 11.868 Executing VM operation: G1PauseCleanup
Event: 11.868 Executing VM operation: G1PauseCleanup done
Event: 12.511 Executing VM operation: G1CollectForAllocation (G1 Evacuation Pause)
Event: 12.515 Executing VM operation: G1CollectForAllocation (G1 Evacuation Pause) done
Event: 13.297 Executing VM operation: HandshakeAllThreads (Deoptimize)
Event: 13.297 Executing VM operation: HandshakeAllThreads (Deoptimize) done

Memory protections (0 events):
No events

Nmethod flushes (20 events):
Event: 11.845 Thread 0x00000268df8d3fe0 flushing  nmethod 0x00000268cb183a90
Event: 11.845 Thread 0x00000268df8d3fe0 flushing  nmethod 0x00000268cb342790
Event: 11.845 Thread 0x00000268df8d3fe0 flushing  nmethod 0x00000268cb3b4790
Event: 11.845 Thread 0x00000268df8d3fe0 flushing  nmethod 0x00000268cb3b5010
Event: 11.845 Thread 0x00000268df8d3fe0 flushing  nmethod 0x00000268cb3b5b10
Event: 11.845 Thread 0x00000268df8d3fe0 flushing  nmethod 0x00000268cb3b6110
Event: 11.845 Thread 0x00000268df8d3fe0 flushing  nmethod 0x00000268cb3b7890
Event: 11.845 Thread 0x00000268df8d3fe0 flushing  nmethod 0x00000268cb3b7c90
Event: 11.845 Thread 0x00000268df8d3fe0 flushing  nmethod 0x00000268cb3b8290
Event: 11.845 Thread 0x00000268df8d3fe0 flushing  nmethod 0x00000268cb3b9210
Event: 11.845 Thread 0x00000268df8d3fe0 flushing  nmethod 0x00000268cb3b9710
Event: 11.845 Thread 0x00000268df8d3fe0 flushing  nmethod 0x00000268cb3ba190
Event: 11.845 Thread 0x00000268df8d3fe0 flushing  nmethod 0x00000268cb3e1510
Event: 11.845 Thread 0x00000268df8d3fe0 flushing  nmethod 0x00000268cb3e2410
Event: 11.845 Thread 0x00000268df8d3fe0 flushing  nmethod 0x00000268cb3e7e10
Event: 11.845 Thread 0x00000268df8d3fe0 flushing  nmethod 0x00000268cb3e8790
Event: 11.845 Thread 0x00000268df8d3fe0 flushing  nmethod 0x00000268cb431910
Event: 11.845 Thread 0x00000268df8d3fe0 flushing  nmethod 0x00000268cb434f90
Event: 11.845 Thread 0x00000268df8d3fe0 flushing  nmethod 0x00000268cb47ff10
Event: 11.845 Thread 0x00000268df8d3fe0 flushing  nmethod 0x00000268cb4e7a90

Events (20 events):
Event: 8.623 Thread 0x00000268e5ba6d50 Thread added: 0x00000268e70846e0
Event: 8.624 Thread 0x00000268e5ba6d50 Thread added: 0x00000268e707feb0
Event: 9.003 Thread 0x00000268df965ab0 Thread exited: 0x00000268df965ab0
Event: 9.303 Thread 0x00000268df9653e0 Thread added: 0x00000268df963f70
Event: 11.010 Thread 0x00000268e5ba6d50 Thread added: 0x00000268e7080bd0
Event: 11.011 Thread 0x00000268e5ba6d50 Thread added: 0x00000268e70874d0
Event: 11.012 Thread 0x00000268e5ba6d50 Thread added: 0x00000268e7080540
Event: 11.014 Thread 0x00000268e5ba6d50 Thread added: 0x00000268e67561a0
Event: 11.015 Thread 0x00000268e5ba6d50 Thread added: 0x00000268e6759620
Event: 11.016 Thread 0x00000268e5ba6d50 Thread added: 0x00000268e6758900
Event: 11.018 Thread 0x00000268e5ba6d50 Thread added: 0x00000268e6758270
Event: 11.054 Thread 0x00000268e5ba6d50 Thread added: 0x00000268e6755480
Event: 11.054 Thread 0x00000268e5ba6d50 Thread added: 0x00000268e6756ec0
Event: 11.055 Thread 0x00000268e5ba6d50 Thread added: 0x00000268e6754760
Event: 11.056 Thread 0x00000268e5ba6d50 Thread added: 0x00000268e67540d0
Event: 11.057 Thread 0x00000268e5ba6d50 Thread added: 0x00000268e6755b10
Event: 11.058 Thread 0x00000268e5ba6d50 Thread added: 0x00000268e6758f90
Event: 11.059 Thread 0x00000268e5ba6d50 Thread added: 0x00000268e6759cb0
Event: 11.936 Thread 0x00000268df963f70 Thread exited: 0x00000268df963f70
Event: 12.444 Thread 0x00000268df964d10 Thread exited: 0x00000268df964d10


Dynamic libraries:
0x00007ff63d390000 - 0x00007ff63d39a000 	C:\Program Files\Android\Android Studio\jbr\bin\java.exe
0x00007ffc6a570000 - 0x00007ffc6a768000 	C:\Windows\SYSTEM32\ntdll.dll
0x00007ffc686c0000 - 0x00007ffc68782000 	C:\Windows\System32\KERNEL32.DLL
0x00007ffc680c0000 - 0x00007ffc683b6000 	C:\Windows\System32\KERNELBASE.dll
0x00007ffc67f00000 - 0x00007ffc68000000 	C:\Windows\System32\ucrtbase.dll
0x00007ffc36780000 - 0x00007ffc36798000 	C:\Program Files\Android\Android Studio\jbr\bin\jli.dll
0x00007ffc36760000 - 0x00007ffc3677b000 	C:\Program Files\Android\Android Studio\jbr\bin\VCRUNTIME140.dll
0x00007ffc6a1c0000 - 0x00007ffc6a361000 	C:\Windows\System32\USER32.dll
0x00007ffc4dd80000 - 0x00007ffc4e01b000 	C:\Windows\WinSxS\amd64_microsoft.windows.common-controls_6595b64144ccf1df_6.0.19041.6456_none_60b8a6cb71f64256\COMCTL32.dll
0x00007ffc68000000 - 0x00007ffc68022000 	C:\Windows\System32\win32u.dll
0x00007ffc6a370000 - 0x00007ffc6a40e000 	C:\Windows\System32\msvcrt.dll
0x00007ffc69ac0000 - 0x00007ffc69aeb000 	C:\Windows\System32\GDI32.dll
0x00007ffc67d60000 - 0x00007ffc67e79000 	C:\Windows\System32\gdi32full.dll
0x00007ffc683c0000 - 0x00007ffc6845d000 	C:\Windows\System32\msvcp_win.dll
0x00007ffc6a190000 - 0x00007ffc6a1bf000 	C:\Windows\System32\IMM32.DLL
0x00007ffc55c40000 - 0x00007ffc55c4c000 	C:\Program Files\Android\Android Studio\jbr\bin\vcruntime140_1.dll
0x00007ffc1da40000 - 0x00007ffc1dacd000 	C:\Program Files\Android\Android Studio\jbr\bin\msvcp140.dll
0x00007ffbd6f70000 - 0x00007ffbd7bfe000 	C:\Program Files\Android\Android Studio\jbr\bin\server\jvm.dll
0x00007ffc69520000 - 0x00007ffc695d1000 	C:\Windows\System32\ADVAPI32.dll
0x00007ffc69730000 - 0x00007ffc697cf000 	C:\Windows\System32\sechost.dll
0x00007ffc6a410000 - 0x00007ffc6a530000 	C:\Windows\System32\RPCRT4.dll
0x00007ffc684b0000 - 0x00007ffc684d7000 	C:\Windows\System32\bcrypt.dll
0x00007ffc6a070000 - 0x00007ffc6a0db000 	C:\Windows\System32\WS2_32.dll
0x00007ffc67a60000 - 0x00007ffc67aab000 	C:\Windows\SYSTEM32\POWRPROF.dll
0x00007ffc5dcc0000 - 0x00007ffc5dce7000 	C:\Windows\SYSTEM32\WINMM.dll
0x00007ffc610c0000 - 0x00007ffc610ca000 	C:\Windows\SYSTEM32\VERSION.dll
0x00007ffc67a40000 - 0x00007ffc67a52000 	C:\Windows\SYSTEM32\UMPDC.dll
0x00007ffc65a70000 - 0x00007ffc65a82000 	C:\Windows\SYSTEM32\kernel.appcore.dll
0x00007ffc464e0000 - 0x00007ffc464ea000 	C:\Program Files\Android\Android Studio\jbr\bin\jimage.dll
0x00007ffc5b230000 - 0x00007ffc5b431000 	C:\Windows\SYSTEM32\DBGHELP.DLL
0x00007ffc46550000 - 0x00007ffc46584000 	C:\Windows\SYSTEM32\dbgcore.DLL
0x00007ffc68030000 - 0x00007ffc680b2000 	C:\Windows\System32\bcryptPrimitives.dll
0x00007ffc61690000 - 0x00007ffc6169e000 	C:\Program Files\Android\Android Studio\jbr\bin\instrument.dll
0x00007ffc36740000 - 0x00007ffc36760000 	C:\Program Files\Android\Android Studio\jbr\bin\java.dll
0x00007ffc392e0000 - 0x00007ffc392f8000 	C:\Program Files\Android\Android Studio\jbr\bin\zip.dll
0x00007ffc68790000 - 0x00007ffc68f00000 	C:\Windows\System32\SHELL32.dll
0x00007ffc65c70000 - 0x00007ffc66415000 	C:\Windows\SYSTEM32\windows.storage.dll
0x00007ffc69140000 - 0x00007ffc69494000 	C:\Windows\System32\combase.dll
0x00007ffc67550000 - 0x00007ffc6757b000 	C:\Windows\SYSTEM32\Wldp.dll
0x00007ffc699f0000 - 0x00007ffc69abd000 	C:\Windows\System32\OLEAUT32.dll
0x00007ffc6a0e0000 - 0x00007ffc6a18d000 	C:\Windows\System32\SHCORE.dll
0x00007ffc694c0000 - 0x00007ffc6951b000 	C:\Windows\System32\shlwapi.dll
0x00007ffc67b30000 - 0x00007ffc67b54000 	C:\Windows\SYSTEM32\profapi.dll
0x00007ffc38360000 - 0x00007ffc38370000 	C:\Program Files\Android\Android Studio\jbr\bin\net.dll
0x00007ffc5ff50000 - 0x00007ffc6005a000 	C:\Windows\SYSTEM32\WINHTTP.dll
0x00007ffc672b0000 - 0x00007ffc6731a000 	C:\Windows\system32\mswsock.dll
0x00007ffc2d8f0000 - 0x00007ffc2d906000 	C:\Program Files\Android\Android Studio\jbr\bin\nio.dll
0x00007ffc367a0000 - 0x00007ffc367b0000 	C:\Program Files\Android\Android Studio\jbr\bin\verify.dll
0x00007ffc30c50000 - 0x00007ffc30c77000 	C:\Users\Ariel\.gradle\native\1def1411415f61bf3af743bc5b6707747c0891f09f0c88961ee8f79bc544acac\windows-amd64\native-platform.dll
0x00007ffc3cc30000 - 0x00007ffc3cca8000 	C:\Users\Ariel\.gradle\native\0.2.7\x86_64-windows-gnu\gradle-fileevents.dll
0x00007ffc38020000 - 0x00007ffc38029000 	C:\Program Files\Android\Android Studio\jbr\bin\management.dll
0x00007ffc36800000 - 0x00007ffc3680b000 	C:\Program Files\Android\Android Studio\jbr\bin\management_ext.dll
0x00007ffc68f00000 - 0x00007ffc68f08000 	C:\Windows\System32\PSAPI.DLL
0x00007ffc66f90000 - 0x00007ffc66fcb000 	C:\Windows\SYSTEM32\IPHLPAPI.DLL
0x00007ffc68590000 - 0x00007ffc68598000 	C:\Windows\System32\NSI.dll
0x00007ffc367b0000 - 0x00007ffc367b9000 	C:\Program Files\Android\Android Studio\jbr\bin\extnet.dll
0x00007ffc674a0000 - 0x00007ffc674b8000 	C:\Windows\SYSTEM32\CRYPTSP.dll
0x00007ffc66bd0000 - 0x00007ffc66c08000 	C:\Windows\system32\rsaenh.dll
0x00007ffc67af0000 - 0x00007ffc67b1e000 	C:\Windows\SYSTEM32\USERENV.dll
0x00007ffc674c0000 - 0x00007ffc674cc000 	C:\Windows\SYSTEM32\CRYPTBASE.dll
0x00007ffbb6410000 - 0x00007ffbb6417000 	C:\Windows\system32\wshunix.dll

dbghelp: loaded successfully - version: 4.0.5 - missing functions: none
symbol engine: initialized successfully - sym options: 0x614 - pdb path: .;C:\Program Files\Android\Android Studio\jbr\bin;C:\Windows\SYSTEM32;C:\Windows\WinSxS\amd64_microsoft.windows.common-controls_6595b64144ccf1df_6.0.19041.6456_none_60b8a6cb71f64256;C:\Program Files\Android\Android Studio\jbr\bin\server;C:\Users\Ariel\.gradle\native\1def1411415f61bf3af743bc5b6707747c0891f09f0c88961ee8f79bc544acac\windows-amd64;C:\Users\Ariel\.gradle\native\0.2.7\x86_64-windows-gnu

VM Arguments:
jvm_args: --add-opens=java.base/java.lang=ALL-UNNAMED --add-opens=java.base/java.lang.invoke=ALL-UNNAMED --add-opens=java.base/java.util=ALL-UNNAMED --add-opens=java.prefs/java.util.prefs=ALL-UNNAMED --add-exports=jdk.compiler/com.sun.tools.javac.api=ALL-UNNAMED --add-exports=jdk.compiler/com.sun.tools.javac.util=ALL-UNNAMED --add-opens=java.base/java.util=ALL-UNNAMED --add-opens=java.prefs/java.util.prefs=ALL-UNNAMED --add-opens=java.base/java.nio.charset=ALL-UNNAMED --add-opens=java.base/java.net=ALL-UNNAMED --add-opens=java.base/java.util.concurrent.atomic=ALL-UNNAMED --add-opens=java.xml/javax.xml.namespace=ALL-UNNAMED -Xmx2048m -Dfile.encoding=UTF-8 -Duser.country=CL -Duser.language=es -Duser.variant -javaagent:C:\Users\Ariel\.gradle\wrapper\dists\gradle-8.13-bin\5xuhj0ry160q40clulazy9h7d\gradle-8.13\lib\agents\gradle-instrumentation-agent-8.13.jar 
java_command: org.gradle.launcher.daemon.bootstrap.GradleDaemon 8.13
java_class_path (initial): C:\Users\Ariel\.gradle\wrapper\dists\gradle-8.13-bin\5xuhj0ry160q40clulazy9h7d\gradle-8.13\lib\gradle-daemon-main-8.13.jar
Launcher Type: SUN_STANDARD

[Global flags]
     intx CICompilerCount                          = 4                                         {product} {ergonomic}
     uint ConcGCThreads                            = 2                                         {product} {ergonomic}
     uint G1ConcRefinementThreads                  = 8                                         {product} {ergonomic}
   size_t G1HeapRegionSize                         = 1048576                                   {product} {ergonomic}
    uintx GCDrainStackTargetSize                   = 64                                        {product} {ergonomic}
   size_t InitialHeapSize                          = 251658240                                 {product} {ergonomic}
   size_t MarkStackSize                            = 4194304                                   {product} {ergonomic}
   size_t MaxHeapSize                              = 2147483648                                {product} {command line}
   size_t MaxNewSize                               = 1287651328                                {product} {ergonomic}
   size_t MinHeapDeltaBytes                        = 1048576                                   {product} {ergonomic}
   size_t MinHeapSize                              = 8388608                                   {product} {ergonomic}
    uintx NonNMethodCodeHeapSize                   = 5839372                                {pd product} {ergonomic}
    uintx NonProfiledCodeHeapSize                  = 122909434                              {pd product} {ergonomic}
    uintx ProfiledCodeHeapSize                     = 122909434                              {pd product} {ergonomic}
    uintx ReservedCodeCacheSize                    = 251658240                              {pd product} {ergonomic}
     bool SegmentedCodeCache                       = true                                      {product} {ergonomic}
   size_t SoftMaxHeapSize                          = 2147483648                             {manageable} {ergonomic}
     bool UseCompressedOops                        = true                           {product lp64_product} {ergonomic}
     bool UseG1GC                                  = true                                      {product} {ergonomic}
     bool UseLargePagesIndividualAllocation        = false                                  {pd product} {ergonomic}

Logging:
Log output configuration:
 #0: stdout all=warning uptime,level,tags foldmultilines=false
 #1: stderr all=off uptime,level,tags foldmultilines=false

Environment Variables:
JAVA_HOME=C:\Program Files\Android\Android Studio\jbr
PATH=C:\Program Files\Common Files\Siemens\Automation\Simatic OAM\bin;C:\Windows\system32;C:\Windows;C:\Windows\System32\Wbem;C:\Windows\System32\WindowsPowerShell\v1.0\;C:\Windows\System32\OpenSSH\;C:\Program Files\dotnet\;C:\Program Files (x86)\dotnet\;C:\Program Files\PKWARE\pkzipc;C:\Program Files\Git\cmd;C:\Program Files\Android\Android Studio\jbr\bin;C:\Program Files\nodejs\;C:\Program Files\GitHub CLI\;C:\Users\Ariel\AppData\Local\Microsoft\WindowsApps;C:\Users\Ariel\AppData\Local\Programs\Microsoft VS Code\bin;C:\Users\Ariel\AppData\Roaming\Programs\Zero Install;C:\Users\Ariel\AppData\Local\Programs\cursor\resources\app\bin;C:\Users\Ariel\AppData\Local\Packages\PythonSoftwareFoundation.Python.3.11_qbz5n2kfra8p0\LocalCache\local-packages\Python311\Scripts;C:\Program Files\Git;C:\Users\Ariel\AppData\Local\Programs\Windsurf\bin;C:\Users\Ariel\AppData\Roaming\npm
USERNAME=Ariel
OS=Windows_NT
PROCESSOR_IDENTIFIER=AMD64 Family 23 Model 17 Stepping 0, AuthenticAMD
TMP=C:\Users\Ariel\AppData\Local\Temp
TEMP=C:\Users\Ariel\AppData\Local\Temp




Periodic native trim disabled

JNI global refs:
JNI global refs: 26, weak refs: 1

JNI global refs memory usage: 835, weak refs: 833

Process memory usage:
Resident Set Size: 397668K (2% of 15661664K total physical memory with 2719196K free physical memory)

OOME stack traces (most recent first):
Classloader memory used:
Loader org.gradle.internal.classloader.VisitableURLClassLoader                         : 40609K
Loader bootstrap                                                                       : 23247K
Loader org.gradle.initialization.MixInLegacyTypesClassLoader                           : 7378K
Loader org.gradle.internal.classloader.VisitableURLClassLoader                         : 859K
Loader org.gradle.internal.classloader.VisitableURLClassLoader$InstrumentingVisitableURLClassLoader: 630K
Loader jdk.internal.loader.ClassLoaders$PlatformClassLoader                            : 549K
Loader jdk.internal.loader.ClassLoaders$AppClassLoader                                 : 235K
Loader jdk.internal.reflect.DelegatingClassLoader                                      : 189K
Loader org.gradle.groovy.scripts.internal.DefaultScriptCompilationHandler$ScriptClassLoader: 88424B
Loader org.codehaus.groovy.runtime.callsite.CallSiteClassLoader                        : 48856B
Loader groovy.lang.GroovyClassLoader$InnerLoader                                       : 47040B

Classes loaded by more than one classloader:
Class org.gradle.api.GradleException                                                  : loaded 3 times (x 80B)
Class org.gradle.internal.classloader.FilteringClassLoader                            : loaded 2 times (x 103B)
Class org.gradle.internal.classloader.ClassLoaderHierarchy                            : loaded 2 times (x 68B)
Class org.gradle.api.internal.classpath.ManifestUtil                                  : loaded 2 times (x 69B)
Class org.jetbrains.plugins.gradle.model.GradleExtensions                             : loaded 2 times (x 68B)
Class org.jetbrains.plugins.gradle.model.AnnotationProcessingModel                    : loaded 2 times (x 68B)
Class org.gradle.internal.operations.MultipleBuildOperationFailures                   : loaded 2 times (x 93B)
Class org.gradle.internal.classloader.DefaultClassLoaderFactory                       : loaded 2 times (x 80B)
Class sync_studio_tooling_1foguuqdl92wq0m0kc9fneb7u                                   : loaded 2 times (x 177B)
Class kotlin.collections.AbstractList$Companion                                       : loaded 2 times (x 69B)
Class org.gradle.internal.classloader.ClassLoaderVisitor                              : loaded 2 times (x 74B)
Class org.gradle.api.internal.classpath.EffectiveClassPath                            : loaded 2 times (x 88B)
Class org.gradle.tooling.internal.gradle.DefaultProjectIdentifier                     : loaded 2 times (x 84B)
Class org.gradle.api.internal.DefaultClassPathProvider                                : loaded 2 times (x 74B)
Class [Lorg.gradle.api.internal.ClassPathProvider;                                    : loaded 2 times (x 67B)
Class org.gradle.api.internal.ClassPathProvider                                       : loaded 2 times (x 68B)
Class org.gradle.internal.service.UnknownServiceException                             : loaded 2 times (x 81B)
Class org.jetbrains.kotlin.idea.gradleTooling.KotlinDslScriptAdditionalTask           : loaded 2 times (x 68B)
Class org.gradle.internal.classpath.TransformedClassPath                              : loaded 2 times (x 94B)
Class org.gradle.internal.classloader.InstrumentingClassLoader                        : loaded 2 times (x 68B)
Class kotlin.enums.EnumEntriesList                                                    : loaded 2 times (x 221B)
Class org.jetbrains.kotlin.idea.gradleTooling.KotlinSourceSetContainer                : loaded 2 times (x 68B)
Class org.jetbrains.plugins.gradle.model.IntelliJSettings                             : loaded 2 times (x 68B)
Class ijInit4_epz943jsead8b31dkyob5j84b                                               : loaded 2 times (x 177B)
Class org.gradle.internal.service.ServiceLocator                                      : loaded 2 times (x 68B)
Class org.gradle.tooling.model.UnsupportedMethodException                             : loaded 2 times (x 80B)
Class com.intellij.compose.ide.plugin.gradleTooling.rt.ComposeResourcesModel          : loaded 2 times (x 68B)
Class org.gradle.internal.InternalTransformer                                         : loaded 2 times (x 68B)
Class org.gradle.internal.time.DefaultTimer                                           : loaded 2 times (x 78B)
Class org.gradle.internal.classloader.ClasspathUtil$1                                 : loaded 2 times (x 74B)
Class org.gradle.api.internal.classpath.DefaultModuleRegistry$DefaultModule           : loaded 2 times (x 84B)
Class org.gradle.internal.time.DefaultCountdownTimer                                  : loaded 2 times (x 86B)
Class org.gradle.tooling.internal.gradle.DefaultBuildIdentifier                       : loaded 2 times (x 77B)
Class kotlin.Function                                                                 : loaded 2 times (x 68B)
Class org.gradle.api.internal.classpath.Module                                        : loaded 2 times (x 68B)
Class org.gradle.api.internal.classpath.UnknownModuleException                        : loaded 2 times (x 80B)
Class com.intellij.openapi.externalSystem.model.project.dependencies.ProjectDependencies: loaded 2 times (x 68B)
Class org.gradle.tooling.internal.gradle.GradleProjectIdentity                        : loaded 2 times (x 68B)
Class org.gradle.api.internal.DefaultClassPathRegistry                                : loaded 2 times (x 74B)
Class org.gradle.api.internal.ClassPathRegistry                                       : loaded 2 times (x 68B)
Class org.gradle.internal.classpath.DefaultClassPath$ImmutableUniqueList              : loaded 2 times (x 197B)
Class Settings_gradle$1                                                               : loaded 2 times (x 72B)
Class Program                                                                         : loaded 2 times (x 70B)
Class org.gradle.internal.classpath.ClassPath                                         : loaded 2 times (x 68B)
Class org.gradle.api.UncheckedIOException                                             : loaded 2 times (x 80B)
Class org.jetbrains.kotlin.idea.gradleTooling.KotlinGradleModel                       : loaded 2 times (x 68B)
Class org.gradle.tooling.model.Model                                                  : loaded 2 times (x 68B)
Class kotlin.UninitializedPropertyAccessException                                     : loaded 2 times (x 80B)
Class org.jetbrains.plugins.gradle.model.IntelliJProjectSettings                      : loaded 2 times (x 68B)
Class org.gradle.internal.installation.GradleInstallation$1                           : loaded 2 times (x 73B)
Class org.gradle.api.internal.classpath.ModuleRegistry                                : loaded 2 times (x 68B)
Class org.jetbrains.plugins.gradle.model.VersionCatalogsModel                         : loaded 2 times (x 68B)
Class org.gradle.api.internal.classpath.DefaultModuleRegistry                         : loaded 2 times (x 84B)
Class org.gradle.internal.time.MonotonicClock                                         : loaded 2 times (x 75B)
Class org.gradle.internal.service.ServiceLookupException                              : loaded 2 times (x 80B)
Class org.gradle.internal.classloader.ClassLoaderFactory                              : loaded 2 times (x 68B)
Class org.gradle.internal.service.CachingServiceLocator                               : loaded 2 times (x 80B)
Class org.jetbrains.plugins.gradle.model.RepositoryModels                             : loaded 2 times (x 68B)
Class org.gradle.internal.time.TimeSource                                             : loaded 2 times (x 68B)
Class org.gradle.tooling.internal.gradle.GradleBuildIdentity                          : loaded 2 times (x 68B)
Class kotlin.enums.EnumEntries                                                        : loaded 2 times (x 68B)
Class org.gradle.internal.exceptions.ResolutionProvider                               : loaded 2 times (x 68B)
Class org.gradle.tooling.model.ProjectIdentifier                                      : loaded 2 times (x 68B)
Class org.gradle.internal.classloader.ClasspathUtil                                   : loaded 2 times (x 69B)
Class org.gradle.internal.time.TimeSource$1                                           : loaded 2 times (x 75B)
Class kotlin.jvm.internal.DefaultConstructorMarker                                    : loaded 2 times (x 69B)
Class org.gradle.api.specs.Spec                                                       : loaded 2 times (x 68B)
Class org.gradle.internal.time.Clock                                                  : loaded 2 times (x 68B)
Class kotlin.collections.AbstractList                                                 : loaded 2 times (x 195B)
Class kotlin.collections.AbstractCollection                                           : loaded 2 times (x 115B)
Class org.gradle.internal.classloader.VisitableURLClassLoader$InstrumentingVisitableURLClassLoader: loaded 2 times (x 121B)
Class org.gradle.internal.classloader.VisitableURLClassLoader$Spec                    : loaded 2 times (x 72B)
Class org.gradle.internal.classpath.DefaultClassPath                                  : loaded 2 times (x 88B)
Class org.gradle.internal.classloader.ClassLoaderSpec                                 : loaded 2 times (x 69B)
Class Settings_gradle$1$1                                                             : loaded 2 times (x 72B)
Class kotlin.Unit                                                                     : loaded 2 times (x 69B)
Class org.gradle.internal.classloader.VisitableURLClassLoader                         : loaded 2 times (x 115B)
Class Settings_gradle                                                                 : loaded 2 times (x 126B)
Class org.gradle.internal.Cast                                                        : loaded 2 times (x 69B)
Class org.gradle.api.Action                                                           : loaded 2 times (x 68B)
Class kotlin.jvm.functions.Function1                                                  : loaded 2 times (x 68B)
Class org.gradle.internal.classpath.DefaultClassPath$ImmutableUniqueList$Builder      : loaded 2 times (x 73B)
Class kotlin.NotImplementedError                                                      : loaded 2 times (x 80B)
Class org.gradle.internal.exceptions.NonGradleCauseExceptionsHolder                   : loaded 2 times (x 68B)
Class org.jetbrains.plugins.gradle.tooling.ModelBuilderService$Parameter              : loaded 2 times (x 68B)
Class kotlin.enums.EnumEntriesKt                                                      : loaded 2 times (x 69B)
Class org.gradle.internal.IoActions                                                   : loaded 2 times (x 69B)
Class org.gradle.internal.classloader.SystemClassLoaderSpec                           : loaded 2 times (x 69B)
Class org.gradle.internal.exceptions.MultiCauseException                              : loaded 2 times (x 68B)
Class org.gradle.internal.time.CountdownTimer                                         : loaded 2 times (x 68B)
Class kotlin.jvm.internal.Intrinsics                                                  : loaded 2 times (x 69B)
Class org.gradle.tooling.model.ProjectModel                                           : loaded 2 times (x 68B)
Class kotlin.KotlinNullPointerException                                               : loaded 2 times (x 81B)
Class org.jetbrains.plugins.gradle.model.tests.ExternalTestsModel                     : loaded 2 times (x 68B)
Class org.gradle.internal.exceptions.DefaultMultiCauseException                       : loaded 2 times (x 93B)
Class org.gradle.internal.time.Time                                                   : loaded 2 times (x 69B)
Class JetGradlePlugin                                                                 : loaded 2 times (x 94B)
Class org.jetbrains.plugins.gradle.model.DependencyAccessorsModel                     : loaded 2 times (x 68B)
Class org.gradle.api.internal.classpath.GlobalCacheRootsProvider                      : loaded 2 times (x 68B)
Class org.jetbrains.kotlin.idea.gradleTooling.KotlinMPPGradleModel                    : loaded 2 times (x 68B)
Class org.gradle.tooling.model.BuildIdentifier                                        : loaded 2 times (x 68B)
Class org.jetbrains.kotlin.idea.gradleTooling.PrepareKotlinIdeImportTaskModel         : loaded 2 times (x 68B)
Class org.gradle.internal.time.Timer                                                  : loaded 2 times (x 68B)
Class kotlin.jvm.internal.markers.KMappedMarker                                       : loaded 2 times (x 68B)
Class org.gradle.internal.installation.CurrentGradleInstallationLocator               : loaded 2 times (x 69B)
Class org.gradle.internal.service.DefaultServiceLocator                               : loaded 2 times (x 81B)
Class org.gradle.util.GradleVersion                                                   : loaded 2 times (x 77B)
Class org.gradle.internal.installation.CurrentGradleInstallation                      : loaded 2 times (x 71B)
Class org.jetbrains.plugins.gradle.javaModel.JavaGradleManifestModel                  : loaded 2 times (x 68B)
Class org.gradle.util.internal.GUtil                                                  : loaded 2 times (x 69B)
Class org.gradle.internal.installation.GradleInstallation                             : loaded 2 times (x 73B)

---------------  S Y S T E M  ---------------

OS:
 Windows 10 , 64 bit Build 19041 (10.0.19041.5915)
OS uptime: 0 days 8:49 hours

CPU: total 8 (initial active 8) (8 cores per cpu, 2 threads per core) family 23 model 17 stepping 0 microcode 0x0, cx8, cmov, fxsr, ht, mmx, 3dnowpref, sse, sse2, sse3, ssse3, sse4a, sse4.1, sse4.2, popcnt, lzcnt, tsc, tscinvbit, avx, avx2, aes, clmul, bmi1, bmi2, adx, sha, fma, vzeroupper, clflush, clflushopt, rdtscp, f16c
Processor Information for the first 8 processors :
  Max Mhz: 2000, Current Mhz: 2000, Mhz Limit: 2000

Memory: 4k page, system-wide physical 15294M (2655M free)
TotalPageFile size 17342M (AvailPageFile size 11M)
current process WorkingSet (physical memory assigned to process): 389M, peak: 389M
current process commit charge ("private bytes"): 424M, peak: 424M

vm_info: OpenJDK 64-Bit Server VM (21.0.7+-13880790-b1038.58) for windows-amd64 JRE (21.0.7+-13880790-b1038.58), built on 2025-08-04T20:56:21Z by "builder" with MS VC++ 16.10 / 16.11 (VS2019)

END.
