#
# There is insufficient memory for the Java Runtime Environment to continue.
# Native memory allocation (mmap) failed to map 30408704 bytes. Error detail: G1 virtual space
# Possible reasons:
#   The system is out of physical RAM or swap space
#   This process is running with CompressedOops enabled, and the Java Heap may be blocking the growth of the native heap
# Possible solutions:
#   Reduce memory load on the system
#   Increase physical memory or swap space
#   Check if swap backing store is full
#   Decrease Java heap size (-Xmx/-Xms)
#   Decrease number of Java threads
#   Decrease Java thread stack sizes (-Xss)
#   Set larger code cache with -XX:ReservedCodeCacheSize=
#   JVM is running with Unscaled Compressed Oops mode in which the Java heap is
#     placed in the first 4GB address space. The Java Heap base address is the
#     maximum limit for the native heap growth. Please use -XX:HeapBaseMinAddress
#     to set the Java Heap base and to place the Java Heap above 4GB virtual address.
# This output file may be truncated or incomplete.
#
#  Out of Memory Error (os_windows.cpp:3898), pid=11228, tid=13936
#
# JRE version: OpenJDK Runtime Environment (21.0.7) (build 21.0.7+-13880790-b1038.58)
# Java VM: OpenJDK 64-Bit Server VM (21.0.7+-13880790-b1038.58, mixed mode, tiered, compressed oops, compressed class ptrs, g1 gc, windows-amd64)
# No core dump will be written. Minidumps are not enabled by default on client versions of Windows
#

---------------  S U M M A R Y ------------

Command Line: --add-opens=java.base/java.lang=ALL-UNNAMED --add-opens=java.base/java.lang.invoke=ALL-UNNAMED --add-opens=java.base/java.util=ALL-UNNAMED --add-opens=java.prefs/java.util.prefs=ALL-UNNAMED --add-exports=jdk.compiler/com.sun.tools.javac.api=ALL-UNNAMED --add-exports=jdk.compiler/com.sun.tools.javac.util=ALL-UNNAMED --add-opens=java.base/java.util=ALL-UNNAMED --add-opens=java.prefs/java.util.prefs=ALL-UNNAMED --add-opens=java.base/java.nio.charset=ALL-UNNAMED --add-opens=java.base/java.net=ALL-UNNAMED --add-opens=java.base/java.util.concurrent.atomic=ALL-UNNAMED --add-opens=java.xml/javax.xml.namespace=ALL-UNNAMED -Xmx2048m -Dfile.encoding=UTF-8 -Duser.country=CL -Duser.language=es -Duser.variant -javaagent:C:\Users\Ariel\.gradle\wrapper\dists\gradle-8.13-bin\5xuhj0ry160q40clulazy9h7d\gradle-8.13\lib\agents\gradle-instrumentation-agent-8.13.jar org.gradle.launcher.daemon.bootstrap.GradleDaemon 8.13

Host: AMD Ryzen 5 2500U with Radeon Vega Mobile Gfx  , 8 cores, 14G,  Windows 10 , 64 bit Build 19041 (10.0.19041.5915)
Time: Tue Nov  4 02:27:49 2025 Hora verano Sudamérica Pacífico elapsed time: 16.060730 seconds (0d 0h 0m 16s)

---------------  T H R E A D  ---------------

Current thread (0x0000024d24e4dfb0):  VMThread "VM Thread"          [id=13936, stack(0x000000f5e4800000,0x000000f5e4900000) (1024K)]

Stack: [0x000000f5e4800000,0x000000f5e4900000]
Native frames: (J=compiled Java code, j=interpreted, Vv=VM code, C=native code)
V  [jvm.dll+0x6d25c9]
V  [jvm.dll+0x860923]
V  [jvm.dll+0x862e7e]
V  [jvm.dll+0x863563]
V  [jvm.dll+0x27f156]
V  [jvm.dll+0x6ceee5]
V  [jvm.dll+0x6c29aa]
V  [jvm.dll+0x355ebb]
V  [jvm.dll+0x35db16]
V  [jvm.dll+0x3afb16]
V  [jvm.dll+0x3afde8]
V  [jvm.dll+0x32855c]
V  [jvm.dll+0x32af66]
V  [jvm.dll+0x334ebd]
V  [jvm.dll+0x36c555]
V  [jvm.dll+0x8692e8]
V  [jvm.dll+0x86a664]
V  [jvm.dll+0x86aba0]
V  [jvm.dll+0x86ae33]
V  [jvm.dll+0x808d08]
V  [jvm.dll+0x6d0e1d]
C  [ucrtbase.dll+0x21bb2]
C  [KERNEL32.DLL+0x17374]
C  [ntdll.dll+0x4cc91]

VM_Operation (0x000000f5e43ffa10): G1PauseRemark, mode: safepoint, requested by thread 0x0000024d0d7cad20


---------------  P R O C E S S  ---------------

Threads class SMR info:
_java_thread_list=0x0000024d2e14e820, length=59, elements={
0x0000024d0b333da0, 0x0000024d24f6a640, 0x0000024d24f75ea0, 0x0000024d24f935d0,
0x0000024d24f95ed0, 0x0000024d24f96930, 0x0000024d24f97d40, 0x0000024d24f98f40,
0x0000024d24fa7a20, 0x0000024d24fa8ad0, 0x0000024d2525b9a0, 0x0000024d2ae415c0,
0x0000024d2b12f0d0, 0x0000024d2b57d7f0, 0x0000024d2b182790, 0x0000024d2b061340,
0x0000024d2b3c0900, 0x0000024d2b3c0f70, 0x0000024d2b3aab80, 0x0000024d2b3ab210,
0x0000024d2b3ab8a0, 0x0000024d2b3abf30, 0x0000024d2b3ac5c0, 0x0000024d2b3a9e60,
0x0000024d2b3a97d0, 0x0000024d2b3aa4f0, 0x0000024d2dc639a0, 0x0000024d2dc60520,
0x0000024d2dc62c80, 0x0000024d2dc5f800, 0x0000024d2dc64030, 0x0000024d2dc646c0,
0x0000024d2dc64d50, 0x0000024d2dc618d0, 0x0000024d2dc63310, 0x0000024d2dc60bb0,
0x0000024d2dc5fe90, 0x0000024d2dc5f170, 0x0000024d2dc65a70, 0x0000024d2dc61240,
0x0000024d2dc61f60, 0x0000024d2dc625f0, 0x0000024d2dc66100, 0x0000024d2e151630,
0x0000024d2dc7d050, 0x0000024d2e150910, 0x0000024d2e153700, 0x0000024d2e1529e0,
0x0000024d2e153d90, 0x0000024d2e150fa0, 0x0000024d2e151cc0, 0x0000024d2e152350,
0x0000024d2e153070, 0x0000024d2e206380, 0x0000024d2e2021e0, 0x0000024d2e201b50,
0x0000024d2e2014c0, 0x0000024d2e202870, 0x0000024d2e206a10
}

Java Threads: ( => current thread )
  0x0000024d0b333da0 JavaThread "main"                              [_thread_blocked, id=16660, stack(0x000000f5e4100000,0x000000f5e4200000) (1024K)]
  0x0000024d24f6a640 JavaThread "Common-Cleaner"             daemon [_thread_blocked, id=15888, stack(0x000000f5e4900000,0x000000f5e4a00000) (1024K)]
  0x0000024d24f75ea0 JavaThread "Reference Handler"          daemon [_thread_blocked, id=12740, stack(0x000000f5e4a00000,0x000000f5e4b00000) (1024K)]
  0x0000024d24f935d0 JavaThread "Finalizer"                  daemon [_thread_blocked, id=10028, stack(0x000000f5e4b00000,0x000000f5e4c00000) (1024K)]
  0x0000024d24f95ed0 JavaThread "Signal Dispatcher"          daemon [_thread_blocked, id=10960, stack(0x000000f5e4c00000,0x000000f5e4d00000) (1024K)]
  0x0000024d24f96930 JavaThread "Attach Listener"            daemon [_thread_blocked, id=10760, stack(0x000000f5e4d00000,0x000000f5e4e00000) (1024K)]
  0x0000024d24f97d40 JavaThread "Service Thread"             daemon [_thread_blocked, id=15344, stack(0x000000f5e4e00000,0x000000f5e4f00000) (1024K)]
  0x0000024d24f98f40 JavaThread "Monitor Deflation Thread"   daemon [_thread_blocked, id=9600, stack(0x000000f5e4f00000,0x000000f5e5000000) (1024K)]
  0x0000024d24fa7a20 JavaThread "C2 CompilerThread0"         daemon [_thread_in_native, id=4628, stack(0x000000f5e5000000,0x000000f5e5100000) (1024K)]
  0x0000024d24fa8ad0 JavaThread "C1 CompilerThread0"         daemon [_thread_blocked, id=16976, stack(0x000000f5e5100000,0x000000f5e5200000) (1024K)]
  0x0000024d2525b9a0 JavaThread "Notification Thread"        daemon [_thread_blocked, id=14856, stack(0x000000f5e5200000,0x000000f5e5300000) (1024K)]
  0x0000024d2ae415c0 JavaThread "Daemon health stats"               [_thread_blocked, id=10996, stack(0x000000f5e5900000,0x000000f5e5a00000) (1024K)]
  0x0000024d2b12f0d0 JavaThread "Incoming local TCP Connector on port 54698"        [_thread_in_native, id=12932, stack(0x000000f5e5b00000,0x000000f5e5c00000) (1024K)]
  0x0000024d2b57d7f0 JavaThread "Daemon periodic checks"            [_thread_blocked, id=14356, stack(0x000000f5e5c00000,0x000000f5e5d00000) (1024K)]
  0x0000024d2b182790 JavaThread "Daemon"                            [_thread_blocked, id=5904, stack(0x000000f5e5d00000,0x000000f5e5e00000) (1024K)]
  0x0000024d2b061340 JavaThread "Handler for socket connection from /127.0.0.1:54698 to /127.0.0.1:54699"        [_thread_in_native, id=12056, stack(0x000000f5e5e00000,0x000000f5e5f00000) (1024K)]
  0x0000024d2b3c0900 JavaThread "Cancel handler"                    [_thread_blocked, id=15944, stack(0x000000f5e5f00000,0x000000f5e6000000) (1024K)]
  0x0000024d2b3c0f70 JavaThread "Daemon worker"                     [_thread_blocked, id=13884, stack(0x000000f5e6000000,0x000000f5e6100000) (1024K)]
  0x0000024d2b3aab80 JavaThread "Asynchronous log dispatcher for DefaultDaemonConnection: socket connection from /127.0.0.1:54698 to /127.0.0.1:54699"        [_thread_blocked, id=7832, stack(0x000000f5e6100000,0x000000f5e6200000) (1024K)]
  0x0000024d2b3ab210 JavaThread "Stdin handler"                     [_thread_blocked, id=15564, stack(0x000000f5e6400000,0x000000f5e6500000) (1024K)]
  0x0000024d2b3ab8a0 JavaThread "Daemon client event forwarder"        [_thread_blocked, id=7064, stack(0x000000f5e5a00000,0x000000f5e5b00000) (1024K)]
  0x0000024d2b3abf30 JavaThread "Cache worker for journal cache (C:\Users\Ariel\.gradle\caches\journal-1)"        [_thread_blocked, id=10388, stack(0x000000f5e6500000,0x000000f5e6600000) (1024K)]
  0x0000024d2b3ac5c0 JavaThread "File lock request listener"        [_thread_in_native, id=16816, stack(0x000000f5e6600000,0x000000f5e6700000) (1024K)]
  0x0000024d2b3a9e60 JavaThread "Cache worker for file hash cache (C:\Users\Ariel\.gradle\caches\8.13\fileHashes)"        [_thread_blocked, id=14156, stack(0x000000f5e6700000,0x000000f5e6800000) (1024K)]
  0x0000024d2b3a97d0 JavaThread "Cache worker for file hash cache (C:\Users\Ariel\Documents\Android cosas\Equipos\.gradle\8.13\fileHashes)"        [_thread_blocked, id=15772, stack(0x000000f5e6a00000,0x000000f5e6b00000) (1024K)]
  0x0000024d2b3aa4f0 JavaThread "Cache worker for Build Output Cleanup Cache (C:\Users\Ariel\Documents\Android cosas\Equipos\.gradle\buildOutputCleanup)"        [_thread_blocked, id=16324, stack(0x000000f5e6b00000,0x000000f5e6c00000) (1024K)]
  0x0000024d2dc639a0 JavaThread "File watcher server"        daemon [_thread_in_native, id=13372, stack(0x000000f5e6c00000,0x000000f5e6d00000) (1024K)]
  0x0000024d2dc60520 JavaThread "File watcher consumer"      daemon [_thread_blocked, id=2352, stack(0x000000f5e6d00000,0x000000f5e6e00000) (1024K)]
  0x0000024d2dc62c80 JavaThread "jar transforms"                    [_thread_blocked, id=9436, stack(0x000000f5e6e00000,0x000000f5e6f00000) (1024K)]
  0x0000024d2dc5f800 JavaThread "jar transforms Thread 2"           [_thread_blocked, id=11964, stack(0x000000f5e6f00000,0x000000f5e7000000) (1024K)]
  0x0000024d2dc64030 JavaThread "jar transforms Thread 3"           [_thread_blocked, id=3296, stack(0x000000f5e7000000,0x000000f5e7100000) (1024K)]
  0x0000024d2dc646c0 JavaThread "jar transforms Thread 4"           [_thread_blocked, id=16156, stack(0x000000f5e7100000,0x000000f5e7200000) (1024K)]
  0x0000024d2dc64d50 JavaThread "jar transforms Thread 5"           [_thread_blocked, id=2660, stack(0x000000f5e7200000,0x000000f5e7300000) (1024K)]
  0x0000024d2dc618d0 JavaThread "jar transforms Thread 6"           [_thread_blocked, id=5416, stack(0x000000f5e7300000,0x000000f5e7400000) (1024K)]
  0x0000024d2dc63310 JavaThread "jar transforms Thread 7"           [_thread_blocked, id=14200, stack(0x000000f5e7400000,0x000000f5e7500000) (1024K)]
  0x0000024d2dc60bb0 JavaThread "jar transforms Thread 8"           [_thread_blocked, id=1196, stack(0x000000f5e7500000,0x000000f5e7600000) (1024K)]
  0x0000024d2dc5fe90 JavaThread "Cache worker for checksums cache (C:\Users\Ariel\Documents\Android cosas\Equipos\.gradle\8.13\checksums)"        [_thread_blocked, id=8120, stack(0x000000f5e7600000,0x000000f5e7700000) (1024K)]
  0x0000024d2dc5f170 JavaThread "Cache worker for file content cache (C:\Users\Ariel\.gradle\caches\8.13\fileContent)"        [_thread_blocked, id=8732, stack(0x000000f5e7700000,0x000000f5e7800000) (1024K)]
  0x0000024d2dc65a70 JavaThread "Cache worker for cache directory md-supplier (C:\Users\Ariel\.gradle\caches\8.13\md-supplier)"        [_thread_blocked, id=9944, stack(0x000000f5e7800000,0x000000f5e7900000) (1024K)]
  0x0000024d2dc61240 JavaThread "Cache worker for cache directory md-rule (C:\Users\Ariel\.gradle\caches\8.13\md-rule)"        [_thread_blocked, id=17236, stack(0x000000f5e7900000,0x000000f5e7a00000) (1024K)]
  0x0000024d2dc61f60 JavaThread "Unconstrained build operations"        [_thread_blocked, id=7548, stack(0x000000f5e6800000,0x000000f5e6900000) (1024K)]
  0x0000024d2dc625f0 JavaThread "Unconstrained build operations Thread 2"        [_thread_blocked, id=4864, stack(0x000000f5e6900000,0x000000f5e6a00000) (1024K)]
  0x0000024d2dc66100 JavaThread "Unconstrained build operations Thread 3"        [_thread_blocked, id=11700, stack(0x000000f5e7a00000,0x000000f5e7b00000) (1024K)]
  0x0000024d2e151630 JavaThread "Unconstrained build operations Thread 4"        [_thread_blocked, id=16224, stack(0x000000f5e7b00000,0x000000f5e7c00000) (1024K)]
  0x0000024d2dc7d050 JavaThread "C2 CompilerThread1"         daemon [_thread_blocked, id=11648, stack(0x000000f5e7c00000,0x000000f5e7d00000) (1024K)]
  0x0000024d2e150910 JavaThread "Unconstrained build operations Thread 5"        [_thread_blocked, id=16184, stack(0x000000f5e7d00000,0x000000f5e7e00000) (1024K)]
  0x0000024d2e153700 JavaThread "Unconstrained build operations Thread 6"        [_thread_blocked, id=14052, stack(0x000000f5e7e00000,0x000000f5e7f00000) (1024K)]
  0x0000024d2e1529e0 JavaThread "Unconstrained build operations Thread 7"        [_thread_blocked, id=15416, stack(0x000000f5e7f00000,0x000000f5e8000000) (1024K)]
  0x0000024d2e153d90 JavaThread "Unconstrained build operations Thread 8"        [_thread_blocked, id=14332, stack(0x000000f5e8000000,0x000000f5e8100000) (1024K)]
  0x0000024d2e150fa0 JavaThread "Unconstrained build operations Thread 9"        [_thread_blocked, id=11868, stack(0x000000f5e8100000,0x000000f5e8200000) (1024K)]
  0x0000024d2e151cc0 JavaThread "Unconstrained build operations Thread 10"        [_thread_blocked, id=12268, stack(0x000000f5e8200000,0x000000f5e8300000) (1024K)]
  0x0000024d2e152350 JavaThread "Unconstrained build operations Thread 11"        [_thread_blocked, id=16300, stack(0x000000f5e8300000,0x000000f5e8400000) (1024K)]
  0x0000024d2e153070 JavaThread "Unconstrained build operations Thread 12"        [_thread_blocked, id=14120, stack(0x000000f5e8400000,0x000000f5e8500000) (1024K)]
  0x0000024d2e206380 JavaThread "Unconstrained build operations Thread 13"        [_thread_blocked, id=12788, stack(0x000000f5e8500000,0x000000f5e8600000) (1024K)]
  0x0000024d2e2021e0 JavaThread "Unconstrained build operations Thread 14"        [_thread_blocked, id=10656, stack(0x000000f5e8600000,0x000000f5e8700000) (1024K)]
  0x0000024d2e201b50 JavaThread "Unconstrained build operations Thread 15"        [_thread_blocked, id=17108, stack(0x000000f5e8700000,0x000000f5e8800000) (1024K)]
  0x0000024d2e2014c0 JavaThread "Unconstrained build operations Thread 16"        [_thread_blocked, id=9972, stack(0x000000f5e8800000,0x000000f5e8900000) (1024K)]
  0x0000024d2e202870 JavaThread "Unconstrained build operations Thread 17"        [_thread_blocked, id=2476, stack(0x000000f5e8900000,0x000000f5e8a00000) (1024K)]
  0x0000024d2e206a10 JavaThread "Unconstrained build operations Thread 18"        [_thread_blocked, id=13688, stack(0x000000f5e8a00000,0x000000f5e8b00000) (1024K)]
Total: 59

Other Threads:
=>0x0000024d24e4dfb0 VMThread "VM Thread"                           [id=13936, stack(0x000000f5e4800000,0x000000f5e4900000) (1024K)]
  0x0000024d24f00c30 WatcherThread "VM Periodic Task Thread"        [id=12916, stack(0x000000f5e4700000,0x000000f5e4800000) (1024K)]
  0x0000024d0d7b9f90 WorkerThread "GC Thread#0"                     [id=10736, stack(0x000000f5e4200000,0x000000f5e4300000) (1024K)]
  0x0000024d259435f0 WorkerThread "GC Thread#1"                     [id=5504, stack(0x000000f5e5500000,0x000000f5e5600000) (1024K)]
  0x0000024d25782df0 WorkerThread "GC Thread#2"                     [id=11112, stack(0x000000f5e5600000,0x000000f5e5700000) (1024K)]
  0x0000024d2557f880 WorkerThread "GC Thread#3"                     [id=15512, stack(0x000000f5e5700000,0x000000f5e5800000) (1024K)]
  0x0000024d257fb6f0 WorkerThread "GC Thread#4"                     [id=1176, stack(0x000000f5e5800000,0x000000f5e5900000) (1024K)]
  0x0000024d255f5000 WorkerThread "GC Thread#5"                     [id=6036, stack(0x000000f5e5300000,0x000000f5e5400000) (1024K)]
  0x0000024d2af4fc80 WorkerThread "GC Thread#6"                     [id=8880, stack(0x000000f5e5400000,0x000000f5e5500000) (1024K)]
  0x0000024d2b3c1d70 WorkerThread "GC Thread#7"                     [id=15624, stack(0x000000f5e6200000,0x000000f5e6300000) (1024K)]
  0x0000024d0d7cad20 ConcurrentGCThread "G1 Main Marker"            [id=11660, stack(0x000000f5e4300000,0x000000f5e4400000) (1024K)]
  0x0000024d0d7ccef0 WorkerThread "G1 Conc#0"                       [id=1320, stack(0x000000f5e4400000,0x000000f5e4500000) (1024K)]
  0x0000024d2b3c1630 WorkerThread "G1 Conc#1"                       [id=16708, stack(0x000000f5e6300000,0x000000f5e6400000) (1024K)]
  0x0000024d24d62320 ConcurrentGCThread "G1 Refine#0"               [id=16316, stack(0x000000f5e4500000,0x000000f5e4600000) (1024K)]
  0x0000024d24d62b40 ConcurrentGCThread "G1 Service"                [id=16724, stack(0x000000f5e4600000,0x000000f5e4700000) (1024K)]
Total: 15

Threads with active compile tasks:
C2 CompilerThread0  16094 6035   !   4       sun.reflect.annotation.AnnotationParser::parseAnnotations (37 bytes)
Total: 1

VM state: at safepoint (normal execution)

VM Mutex/Monitor currently owned by a thread:  ([mutex/lock_event])
[0x00007ffbd7b21468] Threads_lock - owner thread: 0x0000024d24e4dfb0
[0x00007ffbd7b21568] Heap_lock - owner thread: 0x0000024d0d7cad20

Heap address: 0x0000000080000000, size: 2048 MB, Compressed Oops mode: 32-bit

CDS archive(s) not mapped
Compressed class space mapped at: 0x0000000100000000-0x0000000140000000, reserved size: 1073741824
Narrow klass base: 0x0000000000000000, Narrow klass shift: 3, Narrow klass range: 0x140000000

GC Precious Log:
 CardTable entry size: 512
 Card Set container configuration: InlinePtr #cards 5 size 8 Array Of Cards #cards 12 size 40 Howl #buckets 4 coarsen threshold 1843 Howl Bitmap #cards 512 size 80 coarsen threshold 460 Card regions per heap region 1 cards per card region 2048
 CPUs: 8 total, 8 available
 Memory: 15294M
 Large Page Support: Disabled
 NUMA Support: Disabled
 Compressed Oops: Enabled (32-bit)
 Heap Region Size: 1M
 Heap Min Capacity: 8M
 Heap Initial Capacity: 240M
 Heap Max Capacity: 2G
 Pre-touch: Disabled
 Parallel Workers: 8
 Concurrent Workers: 2
 Concurrent Refinement Workers: 8
 Periodic GC: Disabled

Heap:
 garbage-first heap   total 133120K, used 97735K [0x0000000080000000, 0x0000000100000000)
  region size 1024K, 6 young (6144K), 3 survivors (3072K)
 Metaspace       used 62977K, committed 64640K, reserved 1114112K
  class space    used 8640K, committed 9472K, reserved 1048576K

Heap Regions: E=young(eden), S=young(survivor), O=old, HS=humongous(starts), HC=humongous(continues), CS=collection set, F=free, TAMS=top-at-mark-start, PB=parsable bottom
|   0|0x0000000080000000, 0x0000000080100000, 0x0000000080100000|100%|HS|  |TAMS 0x0000000080100000| PB 0x0000000080000000| Complete 
|   1|0x0000000080100000, 0x0000000080200000, 0x0000000080200000|100%|HC|  |TAMS 0x0000000080200000| PB 0x0000000080100000| Complete 
|   2|0x0000000080200000, 0x0000000080300000, 0x0000000080300000|100%|HC|  |TAMS 0x0000000080300000| PB 0x0000000080200000| Complete 
|   3|0x0000000080300000, 0x0000000080400000, 0x0000000080400000|100%| O|  |TAMS 0x0000000080400000| PB 0x0000000080400000| Untracked 
|   4|0x0000000080400000, 0x0000000080500000, 0x0000000080500000|100%| O|  |TAMS 0x0000000080500000| PB 0x0000000080500000| Untracked 
|   5|0x0000000080500000, 0x0000000080600000, 0x0000000080600000|100%| O|  |TAMS 0x0000000080600000| PB 0x0000000080600000| Untracked 
|   6|0x0000000080600000, 0x0000000080700000, 0x0000000080700000|100%|HS|  |TAMS 0x0000000080700000| PB 0x0000000080600000| Complete 
|   7|0x0000000080700000, 0x0000000080800000, 0x0000000080800000|100%| O|  |TAMS 0x0000000080800000| PB 0x0000000080800000| Untracked 
|   8|0x0000000080800000, 0x0000000080900000, 0x0000000080900000|100%| O|  |TAMS 0x0000000080900000| PB 0x0000000080900000| Untracked 
|   9|0x0000000080900000, 0x0000000080a00000, 0x0000000080a00000|100%| O|  |TAMS 0x0000000080a00000| PB 0x0000000080a00000| Updating 
|  10|0x0000000080a00000, 0x0000000080b00000, 0x0000000080b00000|100%| O|  |TAMS 0x0000000080b00000| PB 0x0000000080b00000| Untracked 
|  11|0x0000000080b00000, 0x0000000080c00000, 0x0000000080c00000|100%| O|  |TAMS 0x0000000080c00000| PB 0x0000000080c00000| Untracked 
|  12|0x0000000080c00000, 0x0000000080d00000, 0x0000000080d00000|100%| O|  |TAMS 0x0000000080d00000| PB 0x0000000080d00000| Untracked 
|  13|0x0000000080d00000, 0x0000000080e00000, 0x0000000080e00000|100%| O|  |TAMS 0x0000000080e00000| PB 0x0000000080e00000| Untracked 
|  14|0x0000000080e00000, 0x0000000080f00000, 0x0000000080f00000|100%| O|  |TAMS 0x0000000080f00000| PB 0x0000000080f00000| Untracked 
|  15|0x0000000080f00000, 0x0000000081000000, 0x0000000081000000|100%| O|  |TAMS 0x0000000081000000| PB 0x0000000081000000| Untracked 
|  16|0x0000000081000000, 0x0000000081100000, 0x0000000081100000|100%| O|  |TAMS 0x0000000081100000| PB 0x0000000081100000| Untracked 
|  17|0x0000000081100000, 0x0000000081200000, 0x0000000081200000|100%| O|  |TAMS 0x0000000081200000| PB 0x0000000081200000| Untracked 
|  18|0x0000000081200000, 0x0000000081300000, 0x0000000081300000|100%| O|  |TAMS 0x0000000081300000| PB 0x0000000081300000| Untracked 
|  19|0x0000000081300000, 0x0000000081400000, 0x0000000081400000|100%| O|  |TAMS 0x0000000081400000| PB 0x0000000081400000| Untracked 
|  20|0x0000000081400000, 0x0000000081500000, 0x0000000081500000|100%| O|  |TAMS 0x0000000081500000| PB 0x0000000081500000| Updating 
|  21|0x0000000081500000, 0x0000000081600000, 0x0000000081600000|100%| O|  |TAMS 0x0000000081600000| PB 0x0000000081600000| Updating 
|  22|0x0000000081600000, 0x0000000081700000, 0x0000000081700000|100%|HS|  |TAMS 0x0000000081700000| PB 0x0000000081600000| Complete 
|  23|0x0000000081700000, 0x0000000081800000, 0x0000000081800000|100%|HC|  |TAMS 0x0000000081800000| PB 0x0000000081700000| Complete 
|  24|0x0000000081800000, 0x0000000081900000, 0x0000000081900000|100%|HC|  |TAMS 0x0000000081900000| PB 0x0000000081800000| Complete 
|  25|0x0000000081900000, 0x0000000081a00000, 0x0000000081a00000|100%|HC|  |TAMS 0x0000000081a00000| PB 0x0000000081900000| Complete 
|  26|0x0000000081a00000, 0x0000000081b00000, 0x0000000081b00000|100%|HC|  |TAMS 0x0000000081b00000| PB 0x0000000081a00000| Complete 
|  27|0x0000000081b00000, 0x0000000081c00000, 0x0000000081c00000|100%|HC|  |TAMS 0x0000000081c00000| PB 0x0000000081b00000| Complete 
|  28|0x0000000081c00000, 0x0000000081d00000, 0x0000000081d00000|100%|HS|  |TAMS 0x0000000081d00000| PB 0x0000000081c00000| Complete 
|  29|0x0000000081d00000, 0x0000000081e00000, 0x0000000081e00000|100%|HS|  |TAMS 0x0000000081e00000| PB 0x0000000081d00000| Complete 
|  30|0x0000000081e00000, 0x0000000081f00000, 0x0000000081f00000|100%|HS|  |TAMS 0x0000000081f00000| PB 0x0000000081e00000| Complete 
|  31|0x0000000081f00000, 0x0000000082000000, 0x0000000082000000|100%|HS|  |TAMS 0x0000000082000000| PB 0x0000000081f00000| Complete 
|  32|0x0000000082000000, 0x0000000082100000, 0x0000000082100000|100%|HC|  |TAMS 0x0000000082100000| PB 0x0000000082000000| Complete 
|  33|0x0000000082100000, 0x0000000082200000, 0x0000000082200000|100%|HC|  |TAMS 0x0000000082200000| PB 0x0000000082100000| Complete 
|  34|0x0000000082200000, 0x0000000082300000, 0x0000000082300000|100%|HC|  |TAMS 0x0000000082300000| PB 0x0000000082200000| Complete 
|  35|0x0000000082300000, 0x0000000082400000, 0x0000000082400000|100%| O|  |TAMS 0x0000000082400000| PB 0x0000000082400000| Untracked 
|  36|0x0000000082400000, 0x0000000082500000, 0x0000000082500000|100%| O|  |TAMS 0x0000000082500000| PB 0x0000000082500000| Untracked 
|  37|0x0000000082500000, 0x0000000082600000, 0x0000000082600000|100%|HS|  |TAMS 0x0000000082600000| PB 0x0000000082500000| Complete 
|  38|0x0000000082600000, 0x0000000082700000, 0x0000000082700000|100%| O|  |TAMS 0x0000000082700000| PB 0x0000000082700000| Untracked 
|  39|0x0000000082700000, 0x0000000082800000, 0x0000000082800000|100%|HS|  |TAMS 0x0000000082800000| PB 0x0000000082700000| Complete 
|  40|0x0000000082800000, 0x0000000082900000, 0x0000000082900000|100%|HC|  |TAMS 0x0000000082900000| PB 0x0000000082800000| Complete 
|  41|0x0000000082900000, 0x0000000082a00000, 0x0000000082a00000|100%|HS|  |TAMS 0x0000000082a00000| PB 0x0000000082900000| Complete 
|  42|0x0000000082a00000, 0x0000000082b00000, 0x0000000082b00000|100%|HC|  |TAMS 0x0000000082b00000| PB 0x0000000082a00000| Complete 
|  43|0x0000000082b00000, 0x0000000082c00000, 0x0000000082c00000|100%|HC|  |TAMS 0x0000000082c00000| PB 0x0000000082b00000| Complete 
|  44|0x0000000082c00000, 0x0000000082d00000, 0x0000000082d00000|100%|HC|  |TAMS 0x0000000082d00000| PB 0x0000000082c00000| Complete 
|  45|0x0000000082d00000, 0x0000000082e00000, 0x0000000082e00000|100%|HC|  |TAMS 0x0000000082e00000| PB 0x0000000082d00000| Complete 
|  46|0x0000000082e00000, 0x0000000082f00000, 0x0000000082f00000|100%|HC|  |TAMS 0x0000000082f00000| PB 0x0000000082e00000| Complete 
|  47|0x0000000082f00000, 0x0000000083000000, 0x0000000083000000|100%|HS|  |TAMS 0x0000000083000000| PB 0x0000000082f00000| Complete 
|  48|0x0000000083000000, 0x0000000083100000, 0x0000000083100000|100%|HS|  |TAMS 0x0000000083100000| PB 0x0000000083000000| Complete 
|  49|0x0000000083100000, 0x0000000083200000, 0x0000000083200000|100%|HC|  |TAMS 0x0000000083200000| PB 0x0000000083100000| Complete 
|  50|0x0000000083200000, 0x0000000083300000, 0x0000000083300000|100%|HC|  |TAMS 0x0000000083300000| PB 0x0000000083200000| Complete 
|  51|0x0000000083300000, 0x0000000083400000, 0x0000000083400000|100%|HC|  |TAMS 0x0000000083400000| PB 0x0000000083300000| Complete 
|  52|0x0000000083400000, 0x0000000083500000, 0x0000000083500000|100%| O|  |TAMS 0x0000000083500000| PB 0x0000000083500000| Untracked 
|  53|0x0000000083500000, 0x0000000083600000, 0x0000000083600000|100%| O|  |TAMS 0x0000000083600000| PB 0x0000000083600000| Updating 
|  54|0x0000000083600000, 0x0000000083700000, 0x0000000083700000|100%| O|  |TAMS 0x0000000083700000| PB 0x0000000083700000| Untracked 
|  55|0x0000000083700000, 0x0000000083800000, 0x0000000083800000|100%| O|  |TAMS 0x0000000083800000| PB 0x0000000083800000| Untracked 
|  56|0x0000000083800000, 0x0000000083900000, 0x0000000083900000|100%| O|  |TAMS 0x0000000083900000| PB 0x0000000083900000| Untracked 
|  57|0x0000000083900000, 0x0000000083a00000, 0x0000000083a00000|100%|HS|  |TAMS 0x0000000083a00000| PB 0x0000000083900000| Complete 
|  58|0x0000000083a00000, 0x0000000083b00000, 0x0000000083b00000|100%|HC|  |TAMS 0x0000000083b00000| PB 0x0000000083a00000| Complete 
|  59|0x0000000083b00000, 0x0000000083c00000, 0x0000000083c00000|100%| O|  |TAMS 0x0000000083c00000| PB 0x0000000083c00000| Updating 
|  60|0x0000000083c00000, 0x0000000083d00000, 0x0000000083d00000|100%|HS|  |TAMS 0x0000000083d00000| PB 0x0000000083c00000| Complete 
|  61|0x0000000083d00000, 0x0000000083e00000, 0x0000000083e00000|100%| O|  |TAMS 0x0000000083e00000| PB 0x0000000083e00000| Untracked 
|  62|0x0000000083e00000, 0x0000000083f00000, 0x0000000083f00000|100%| O|  |TAMS 0x0000000083f00000| PB 0x0000000083f00000| Untracked 
|  63|0x0000000083f00000, 0x0000000084000000, 0x0000000084000000|100%| O|  |TAMS 0x0000000084000000| PB 0x0000000084000000| Updating 
|  64|0x0000000084000000, 0x0000000084100000, 0x0000000084100000|100%| O|  |TAMS 0x0000000084100000| PB 0x0000000084100000| Updating 
|  65|0x0000000084100000, 0x0000000084200000, 0x0000000084200000|100%|HS|  |TAMS 0x0000000084200000| PB 0x0000000084100000| Complete 
|  66|0x0000000084200000, 0x0000000084300000, 0x0000000084300000|100%|HC|  |TAMS 0x0000000084300000| PB 0x0000000084200000| Complete 
|  67|0x0000000084300000, 0x0000000084400000, 0x0000000084400000|100%| O|  |TAMS 0x0000000084400000| PB 0x0000000084400000| Untracked 
|  68|0x0000000084400000, 0x0000000084400000, 0x0000000084500000|  0%| F|  |TAMS 0x0000000084400000| PB 0x0000000084400000| Untracked 
|  69|0x0000000084500000, 0x0000000084500000, 0x0000000084600000|  0%| F|  |TAMS 0x0000000084500000| PB 0x0000000084500000| Untracked 
|  70|0x0000000084600000, 0x0000000084600000, 0x0000000084700000|  0%| F|  |TAMS 0x0000000084600000| PB 0x0000000084600000| Untracked 
|  71|0x0000000084700000, 0x0000000084700000, 0x0000000084800000|  0%| F|  |TAMS 0x0000000084700000| PB 0x0000000084700000| Untracked 
|  72|0x0000000084800000, 0x0000000084900000, 0x0000000084900000|100%| O|  |TAMS 0x0000000084900000| PB 0x0000000084900000| Updating 
|  73|0x0000000084900000, 0x0000000084900000, 0x0000000084a00000|  0%| F|  |TAMS 0x0000000084900000| PB 0x0000000084900000| Untracked 
|  74|0x0000000084a00000, 0x0000000084a00000, 0x0000000084b00000|  0%| F|  |TAMS 0x0000000084a00000| PB 0x0000000084a00000| Untracked 
|  75|0x0000000084b00000, 0x0000000084c00000, 0x0000000084c00000|100%| O|  |TAMS 0x0000000084c00000| PB 0x0000000084c00000| Untracked 
|  76|0x0000000084c00000, 0x0000000084d00000, 0x0000000084d00000|100%| O|  |TAMS 0x0000000084d00000| PB 0x0000000084d00000| Untracked 
|  77|0x0000000084d00000, 0x0000000084e00000, 0x0000000084e00000|100%| O|  |TAMS 0x0000000084e00000| PB 0x0000000084e00000| Untracked 
|  78|0x0000000084e00000, 0x0000000084f00000, 0x0000000084f00000|100%|HS|  |TAMS 0x0000000084f00000| PB 0x0000000084e00000| Complete 
|  79|0x0000000084f00000, 0x0000000085000000, 0x0000000085000000|100%|HC|  |TAMS 0x0000000085000000| PB 0x0000000084f00000| Complete 
|  80|0x0000000085000000, 0x0000000085100000, 0x0000000085100000|100%|HC|  |TAMS 0x0000000085100000| PB 0x0000000085000000| Complete 
|  81|0x0000000085100000, 0x0000000085200000, 0x0000000085200000|100%|HC|  |TAMS 0x0000000085200000| PB 0x0000000085100000| Complete 
|  82|0x0000000085200000, 0x0000000085300000, 0x0000000085300000|100%|HC|  |TAMS 0x0000000085300000| PB 0x0000000085200000| Complete 
|  83|0x0000000085300000, 0x0000000085400000, 0x0000000085400000|100%|HC|  |TAMS 0x0000000085400000| PB 0x0000000085300000| Complete 
|  84|0x0000000085400000, 0x0000000085500000, 0x0000000085500000|100%| O|  |TAMS 0x0000000085500000| PB 0x0000000085500000| Updating 
|  85|0x0000000085500000, 0x000000008555b9a0, 0x0000000085600000| 35%| O|  |TAMS 0x000000008555b9a0| PB 0x000000008555b9a0| Updating 
|  86|0x0000000085600000, 0x00000000856165c0, 0x0000000085700000|  8%| S|CS|TAMS 0x0000000085600000| PB 0x0000000085600000| Complete 
|  87|0x0000000085700000, 0x0000000085800000, 0x0000000085800000|100%| S|CS|TAMS 0x0000000085700000| PB 0x0000000085700000| Complete 
|  88|0x0000000085800000, 0x0000000085900000, 0x0000000085900000|100%| S|CS|TAMS 0x0000000085800000| PB 0x0000000085800000| Complete 
|  89|0x0000000085900000, 0x0000000085900000, 0x0000000085a00000|  0%| F|  |TAMS 0x0000000085900000| PB 0x0000000085900000| Untracked 
|  90|0x0000000085a00000, 0x0000000085a00000, 0x0000000085b00000|  0%| F|  |TAMS 0x0000000085a00000| PB 0x0000000085a00000| Untracked 
|  91|0x0000000085b00000, 0x0000000085b00000, 0x0000000085c00000|  0%| F|  |TAMS 0x0000000085b00000| PB 0x0000000085b00000| Untracked 
|  92|0x0000000085c00000, 0x0000000085c00000, 0x0000000085d00000|  0%| F|  |TAMS 0x0000000085c00000| PB 0x0000000085c00000| Untracked 
|  93|0x0000000085d00000, 0x0000000085d00000, 0x0000000085e00000|  0%| F|  |TAMS 0x0000000085d00000| PB 0x0000000085d00000| Untracked 
|  94|0x0000000085e00000, 0x0000000085e00000, 0x0000000085f00000|  0%| F|  |TAMS 0x0000000085e00000| PB 0x0000000085e00000| Untracked 
|  95|0x0000000085f00000, 0x0000000085f00000, 0x0000000086000000|  0%| F|  |TAMS 0x0000000085f00000| PB 0x0000000085f00000| Untracked 
|  96|0x0000000086000000, 0x0000000086000000, 0x0000000086100000|  0%| F|  |TAMS 0x0000000086000000| PB 0x0000000086000000| Untracked 
|  97|0x0000000086100000, 0x0000000086100000, 0x0000000086200000|  0%| F|  |TAMS 0x0000000086100000| PB 0x0000000086100000| Untracked 
|  98|0x0000000086200000, 0x0000000086200000, 0x0000000086300000|  0%| F|  |TAMS 0x0000000086200000| PB 0x0000000086200000| Untracked 
|  99|0x0000000086300000, 0x0000000086300000, 0x0000000086400000|  0%| F|  |TAMS 0x0000000086300000| PB 0x0000000086300000| Untracked 
| 100|0x0000000086400000, 0x0000000086400000, 0x0000000086500000|  0%| F|  |TAMS 0x0000000086400000| PB 0x0000000086400000| Untracked 
| 101|0x0000000086500000, 0x0000000086500000, 0x0000000086600000|  0%| F|  |TAMS 0x0000000086500000| PB 0x0000000086500000| Untracked 
| 102|0x0000000086600000, 0x0000000086600000, 0x0000000086700000|  0%| F|  |TAMS 0x0000000086600000| PB 0x0000000086600000| Untracked 
| 103|0x0000000086700000, 0x0000000086700000, 0x0000000086800000|  0%| F|  |TAMS 0x0000000086700000| PB 0x0000000086700000| Untracked 
| 104|0x0000000086800000, 0x0000000086800000, 0x0000000086900000|  0%| F|  |TAMS 0x0000000086800000| PB 0x0000000086800000| Untracked 
| 105|0x0000000086900000, 0x0000000086900000, 0x0000000086a00000|  0%| F|  |TAMS 0x0000000086900000| PB 0x0000000086900000| Untracked 
| 106|0x0000000086a00000, 0x0000000086b00000, 0x0000000086b00000|100%|HS|  |TAMS 0x0000000086b00000| PB 0x0000000086a00000| Complete 
| 107|0x0000000086b00000, 0x0000000086c00000, 0x0000000086c00000|100%|HC|  |TAMS 0x0000000086c00000| PB 0x0000000086b00000| Complete 
| 108|0x0000000086c00000, 0x0000000086d00000, 0x0000000086d00000|100%|HC|  |TAMS 0x0000000086d00000| PB 0x0000000086c00000| Complete 
| 109|0x0000000086d00000, 0x0000000086e00000, 0x0000000086e00000|100%|HC|  |TAMS 0x0000000086e00000| PB 0x0000000086d00000| Complete 
| 110|0x0000000086e00000, 0x0000000086f00000, 0x0000000086f00000|100%|HC|  |TAMS 0x0000000086f00000| PB 0x0000000086e00000| Complete 
| 111|0x0000000086f00000, 0x0000000087000000, 0x0000000087000000|100%|HC|  |TAMS 0x0000000087000000| PB 0x0000000086f00000| Complete 
| 112|0x0000000087000000, 0x0000000087000000, 0x0000000087100000|  0%| F|  |TAMS 0x0000000087000000| PB 0x0000000087000000| Untracked 
| 209|0x000000008d100000, 0x000000008d100000, 0x000000008d200000|  0%| F|  |TAMS 0x000000008d100000| PB 0x000000008d100000| Untracked 
| 210|0x000000008d200000, 0x000000008d200000, 0x000000008d300000|  0%| F|  |TAMS 0x000000008d200000| PB 0x000000008d200000| Untracked 
| 211|0x000000008d300000, 0x000000008d300000, 0x000000008d400000|  0%| F|  |TAMS 0x000000008d300000| PB 0x000000008d300000| Untracked 
| 212|0x000000008d400000, 0x000000008d400000, 0x000000008d500000|  0%| F|  |TAMS 0x000000008d400000| PB 0x000000008d400000| Untracked 
| 213|0x000000008d500000, 0x000000008d500000, 0x000000008d600000|  0%| F|  |TAMS 0x000000008d500000| PB 0x000000008d500000| Untracked 
| 214|0x000000008d600000, 0x000000008d600000, 0x000000008d700000|  0%| F|  |TAMS 0x000000008d600000| PB 0x000000008d600000| Untracked 
| 215|0x000000008d700000, 0x000000008d700000, 0x000000008d800000|  0%| F|  |TAMS 0x000000008d700000| PB 0x000000008d700000| Untracked 
| 216|0x000000008d800000, 0x000000008d800000, 0x000000008d900000|  0%| F|  |TAMS 0x000000008d800000| PB 0x000000008d800000| Untracked 
| 238|0x000000008ee00000, 0x000000008ee80000, 0x000000008ef00000| 50%| E|  |TAMS 0x000000008ee00000| PB 0x000000008ee00000| Complete 
| 239|0x000000008ef00000, 0x000000008f000000, 0x000000008f000000|100%| E|CS|TAMS 0x000000008ef00000| PB 0x000000008ef00000| Complete 
|2041|0x00000000ff900000, 0x00000000ffa00000, 0x00000000ffa00000|100%| O|  |TAMS 0x00000000ffa00000| PB 0x00000000ffa00000| Updating 
|2042|0x00000000ffa00000, 0x00000000ffb00000, 0x00000000ffb00000|100%| O|  |TAMS 0x00000000ffb00000| PB 0x00000000ffb00000| Updating 
|2043|0x00000000ffb00000, 0x00000000ffc00000, 0x00000000ffc00000|100%| O|  |TAMS 0x00000000ffc00000| PB 0x00000000ffc00000| Updating 
|2044|0x00000000ffc00000, 0x00000000ffd00000, 0x00000000ffd00000|100%| O|  |TAMS 0x00000000ffd00000| PB 0x00000000ffd00000| Untracked 
|2045|0x00000000ffd00000, 0x00000000ffe00000, 0x00000000ffe00000|100%| E|CS|TAMS 0x00000000ffd00000| PB 0x00000000ffd00000| Complete 
|2046|0x00000000ffe00000, 0x00000000fff00000, 0x00000000fff00000|100%| O|  |TAMS 0x00000000fff00000| PB 0x00000000fff00000| Updating 
|2047|0x00000000fff00000, 0x0000000100000000, 0x0000000100000000|100%| O|  |TAMS 0x0000000100000000| PB 0x0000000100000000| Untracked 

Card table byte_map: [0x0000024d1fff0000,0x0000024d203f0000] _byte_map_base: 0x0000024d1fbf0000

Marking Bits: (CMBitMap*) 0x0000024d0d7ba440
 Bits: [0x0000024d203f0000, 0x0000024d223f0000)

Polling page: 0x0000024d0b590000

Metaspace:

Usage:
  Non-class:     53.06 MB used.
      Class:      8.44 MB used.
       Both:     61.50 MB used.

Virtual space:
  Non-class space:       64.00 MB reserved,      53.88 MB ( 84%) committed,  1 nodes.
      Class space:        1.00 GB reserved,       9.25 MB ( <1%) committed,  1 nodes.
             Both:        1.06 GB reserved,      63.12 MB (  6%) committed. 

Chunk freelists:
   Non-Class:  10.16 MB
       Class:  6.72 MB
        Both:  16.88 MB

MaxMetaspaceSize: unlimited
CompressedClassSpaceSize: 1.00 GB
Initial GC threshold: 21.00 MB
Current GC threshold: 94.50 MB
CDS: off
 - commit_granule_bytes: 65536.
 - commit_granule_words: 8192.
 - virtual_space_node_default_size: 8388608.
 - enlarge_chunks_in_place: 1.
 - use_allocation_guard: 0.


Internal statistics:

num_allocs_failed_limit: 6.
num_arena_births: 3062.
num_arena_deaths: 0.
num_vsnodes_births: 2.
num_vsnodes_deaths: 0.
num_space_committed: 1010.
num_space_uncommitted: 0.
num_chunks_returned_to_freelist: 6.
num_chunks_taken_from_freelist: 5649.
num_chunk_merges: 3.
num_chunk_splits: 3639.
num_chunks_enlarged: 2213.
num_inconsistent_stats: 0.

CodeHeap 'non-profiled nmethods': size=120000Kb used=2934Kb max_used=3047Kb free=117066Kb
 bounds [0x0000024d18390000, 0x0000024d18690000, 0x0000024d1f8c0000]
CodeHeap 'profiled nmethods': size=120000Kb used=9408Kb max_used=10010Kb free=110591Kb
 bounds [0x0000024d108c0000, 0x0000024d11290000, 0x0000024d17df0000]
CodeHeap 'non-nmethods': size=5760Kb used=2724Kb max_used=2738Kb free=3035Kb
 bounds [0x0000024d17df0000, 0x0000024d180a0000, 0x0000024d18390000]
 total_blobs=6021 nmethods=5149 adapters=776
 compilation: enabled
              stopped_count=0, restarted_count=0
 full_count=0

Compilation events (20 events):
Event: 15.962 Thread 0x0000024d24fa8ad0 6065       3       jdk.internal.jimage.ImageStringsReader::hashCode (8 bytes)
Event: 15.962 Thread 0x0000024d24fa8ad0 nmethod 6065 0x0000024d11280c10 code [0x0000024d11280dc0, 0x0000024d11280f80]
Event: 16.016 Thread 0x0000024d24fa8ad0 6067       3       kotlin.reflect.jvm.internal.ReflectProperties::lazySoft (18 bytes)
Event: 16.016 Thread 0x0000024d2dc7d050 6069       4       kotlin.jvm.internal.Intrinsics::checkNotNullParameter (9 bytes)
Event: 16.017 Thread 0x0000024d24fa8ad0 nmethod 6067 0x0000024d11281090 code [0x0000024d11281240, 0x0000024d11281440]
Event: 16.017 Thread 0x0000024d24fa8ad0 6068       3       kotlin.reflect.jvm.internal.ReflectProperties$LazySoftVal::<init> (43 bytes)
Event: 16.017 Thread 0x0000024d2dc7d050 nmethod 6069 0x0000024d18689a90 code [0x0000024d18689c20, 0x0000024d18689ca8]
Event: 16.017 Thread 0x0000024d24fa8ad0 nmethod 6068 0x0000024d11281510 code [0x0000024d11281720, 0x0000024d11281ee0]
Event: 16.017 Thread 0x0000024d24fa8ad0 6070       3       kotlin.reflect.jvm.internal.ReflectProperties::lazySoft (14 bytes)
Event: 16.018 Thread 0x0000024d24fa8ad0 nmethod 6070 0x0000024d11282110 code [0x0000024d112822e0, 0x0000024d11282590]
Event: 16.018 Thread 0x0000024d24fa8ad0 6071       3       kotlin.LazyKt__LazyJVMKt::lazy (102 bytes)
Event: 16.020 Thread 0x0000024d24fa8ad0 nmethod 6071 0x0000024d11282690 code [0x0000024d11282aa0, 0x0000024d11284448]
Event: 16.020 Thread 0x0000024d24fa8ad0 6072       3       kotlin.reflect.jvm.internal.ReflectProperties$Val::<init> (5 bytes)
Event: 16.020 Thread 0x0000024d24fa8ad0 nmethod 6072 0x0000024d11284d10 code [0x0000024d11284ec0, 0x0000024d11285028]
Event: 16.020 Thread 0x0000024d24fa8ad0 6073       3       kotlin.SafePublicationLazyImpl::<init> (30 bytes)
Event: 16.020 Thread 0x0000024d24fa8ad0 nmethod 6073 0x0000024d11285110 code [0x0000024d11285340, 0x0000024d11285a60]
Event: 16.041 Thread 0x0000024d24fa8ad0 6074       3       kotlin.reflect.jvm.internal.impl.renderer.DescriptorRendererOptionsImpl::property (20 bytes)
Event: 16.042 Thread 0x0000024d24fa8ad0 nmethod 6074 0x0000024d11285d10 code [0x0000024d11285ec0, 0x0000024d112861f0]
Event: 16.042 Thread 0x0000024d24fa8ad0 6075       3       kotlin.reflect.jvm.internal.impl.renderer.DescriptorRendererOptionsImpl$property$$inlined$vetoable$1::<init> (11 bytes)
Event: 16.042 Thread 0x0000024d24fa8ad0 nmethod 6075 0x0000024d11286310 code [0x0000024d112864c0, 0x0000024d11286740]

GC Heap History (20 events):
Event: 10.428 GC heap before
{Heap before GC invocations=7 (full 0):
 garbage-first heap   total 68608K, used 51776K [0x0000000080000000, 0x0000000100000000)
  region size 1024K, 32 young (32768K), 4 survivors (4096K)
 Metaspace       used 35165K, committed 35968K, reserved 1114112K
  class space    used 4799K, committed 5184K, reserved 1048576K
}
Event: 10.433 GC heap after
{Heap after GC invocations=8 (full 0):
 garbage-first heap   total 68608K, used 26322K [0x0000000080000000, 0x0000000100000000)
  region size 1024K, 5 young (5120K), 5 survivors (5120K)
 Metaspace       used 35165K, committed 35968K, reserved 1114112K
  class space    used 4799K, committed 5184K, reserved 1048576K
}
Event: 10.831 GC heap before
{Heap before GC invocations=9 (full 0):
 garbage-first heap   total 70656K, used 68306K [0x0000000080000000, 0x0000000100000000)
  region size 1024K, 20 young (20480K), 5 survivors (5120K)
 Metaspace       used 36366K, committed 37248K, reserved 1114112K
  class space    used 5010K, committed 5440K, reserved 1048576K
}
Event: 10.837 GC heap after
{Heap after GC invocations=10 (full 0):
 garbage-first heap   total 78848K, used 58335K [0x0000000080000000, 0x0000000100000000)
  region size 1024K, 5 young (5120K), 5 survivors (5120K)
 Metaspace       used 36366K, committed 37248K, reserved 1114112K
  class space    used 5010K, committed 5440K, reserved 1048576K
}
Event: 11.041 GC heap before
{Heap before GC invocations=10 (full 0):
 garbage-first heap   total 78848K, used 69599K [0x0000000080000000, 0x0000000100000000)
  region size 1024K, 15 young (15360K), 5 survivors (5120K)
 Metaspace       used 37730K, committed 38592K, reserved 1114112K
  class space    used 5184K, committed 5568K, reserved 1048576K
}
Event: 11.045 GC heap after
{Heap after GC invocations=11 (full 0):
 garbage-first heap   total 118784K, used 61342K [0x0000000080000000, 0x0000000100000000)
  region size 1024K, 2 young (2048K), 2 survivors (2048K)
 Metaspace       used 37730K, committed 38592K, reserved 1114112K
  class space    used 5184K, committed 5568K, reserved 1048576K
}
Event: 12.294 GC heap before
{Heap before GC invocations=11 (full 0):
 garbage-first heap   total 118784K, used 99230K [0x0000000080000000, 0x0000000100000000)
  region size 1024K, 40 young (40960K), 2 survivors (2048K)
 Metaspace       used 45217K, committed 46144K, reserved 1114112K
  class space    used 6157K, committed 6592K, reserved 1048576K
}
Event: 12.299 GC heap after
{Heap after GC invocations=12 (full 0):
 garbage-first heap   total 118784K, used 64240K [0x0000000080000000, 0x0000000100000000)
  region size 1024K, 5 young (5120K), 5 survivors (5120K)
 Metaspace       used 45217K, committed 46144K, reserved 1114112K
  class space    used 6157K, committed 6592K, reserved 1048576K
}
Event: 12.979 GC heap before
{Heap before GC invocations=13 (full 0):
 garbage-first heap   total 118784K, used 106224K [0x0000000080000000, 0x0000000100000000)
  region size 1024K, 42 young (43008K), 5 survivors (5120K)
 Metaspace       used 48021K, committed 49088K, reserved 1114112K
  class space    used 6404K, committed 6912K, reserved 1048576K
}
Event: 12.985 GC heap after
{Heap after GC invocations=14 (full 0):
 garbage-first heap   total 118784K, used 68056K [0x0000000080000000, 0x0000000100000000)
  region size 1024K, 4 young (4096K), 4 survivors (4096K)
 Metaspace       used 48021K, committed 49088K, reserved 1114112K
  class space    used 6404K, committed 6912K, reserved 1048576K
}
Event: 13.778 GC heap before
{Heap before GC invocations=14 (full 0):
 garbage-first heap   total 118784K, used 104920K [0x0000000080000000, 0x0000000100000000)
  region size 1024K, 40 young (40960K), 4 survivors (4096K)
 Metaspace       used 52124K, committed 53504K, reserved 1114112K
  class space    used 7065K, committed 7744K, reserved 1048576K
}
Event: 13.783 GC heap after
{Heap after GC invocations=15 (full 0):
 garbage-first heap   total 118784K, used 69719K [0x0000000080000000, 0x0000000100000000)
  region size 1024K, 3 young (3072K), 3 survivors (3072K)
 Metaspace       used 52124K, committed 53504K, reserved 1114112K
  class space    used 7065K, committed 7744K, reserved 1048576K
}
Event: 14.574 GC heap before
{Heap before GC invocations=15 (full 0):
 garbage-first heap   total 118784K, used 105559K [0x0000000080000000, 0x0000000100000000)
  region size 1024K, 38 young (38912K), 3 survivors (3072K)
 Metaspace       used 56458K, committed 57920K, reserved 1114112K
  class space    used 7802K, committed 8512K, reserved 1048576K
}
Event: 14.579 GC heap after
{Heap after GC invocations=16 (full 0):
 garbage-first heap   total 118784K, used 71337K [0x0000000080000000, 0x0000000100000000)
  region size 1024K, 5 young (5120K), 5 survivors (5120K)
 Metaspace       used 56458K, committed 57920K, reserved 1114112K
  class space    used 7802K, committed 8512K, reserved 1048576K
}
Event: 15.278 GC heap before
{Heap before GC invocations=17 (full 0):
 garbage-first heap   total 128000K, used 121513K [0x0000000080000000, 0x0000000100000000)
  region size 1024K, 38 young (38912K), 5 survivors (5120K)
 Metaspace       used 58114K, committed 59712K, reserved 1114112K
  class space    used 8042K, committed 8832K, reserved 1048576K
}
Event: 15.285 GC heap after
{Heap after GC invocations=18 (full 0):
 garbage-first heap   total 133120K, used 93745K [0x0000000080000000, 0x0000000100000000)
  region size 1024K, 5 young (5120K), 5 survivors (5120K)
 Metaspace       used 58114K, committed 59712K, reserved 1114112K
  class space    used 8042K, committed 8832K, reserved 1048576K
}
Event: 15.537 GC heap before
{Heap before GC invocations=18 (full 0):
 garbage-first heap   total 133120K, used 122417K [0x0000000080000000, 0x0000000100000000)
  region size 1024K, 31 young (31744K), 5 survivors (5120K)
 Metaspace       used 60012K, committed 61696K, reserved 1114112K
  class space    used 8203K, committed 9024K, reserved 1048576K
}
Event: 15.542 GC heap after
{Heap after GC invocations=19 (full 0):
 garbage-first heap   total 133120K, used 94246K [0x0000000080000000, 0x0000000100000000)
  region size 1024K, 1 young (1024K), 1 survivors (1024K)
 Metaspace       used 60012K, committed 61696K, reserved 1114112K
  class space    used 8203K, committed 9024K, reserved 1048576K
}
Event: 16.002 GC heap before
{Heap before GC invocations=19 (full 0):
 garbage-first heap   total 133120K, used 122918K [0x0000000080000000, 0x0000000100000000)
  region size 1024K, 29 young (29696K), 1 survivors (1024K)
 Metaspace       used 62622K, committed 64256K, reserved 1114112K
  class space    used 8591K, committed 9408K, reserved 1048576K
}
Event: 16.005 GC heap after
{Heap after GC invocations=20 (full 0):
 garbage-first heap   total 133120K, used 95687K [0x0000000080000000, 0x0000000100000000)
  region size 1024K, 3 young (3072K), 3 survivors (3072K)
 Metaspace       used 62622K, committed 64256K, reserved 1114112K
  class space    used 8591K, committed 9408K, reserved 1048576K
}

Dll operation events (3 events):
Event: 0.010 Loaded shared library C:\Program Files\Android\Android Studio\jbr\bin\java.dll
Event: 0.017 Loaded shared library C:\Program Files\Android\Android Studio\jbr\bin\zip.dll
Event: 1.342 Loaded shared library C:\Program Files\Android\Android Studio\jbr\bin\verify.dll

Deoptimization events (20 events):
Event: 15.494 Thread 0x0000024d2b3c0f70 DEOPT PACKING pc=0x0000024d10d2b25e sp=0x000000f5e60f7610
Event: 15.494 Thread 0x0000024d2b3c0f70 DEOPT UNPACKING pc=0x0000024d17e44e42 sp=0x000000f5e60f6af8 mode 0
Event: 15.496 Thread 0x0000024d2b3c0f70 DEOPT PACKING pc=0x0000024d10f99709 sp=0x000000f5e60f7600
Event: 15.496 Thread 0x0000024d2b3c0f70 DEOPT UNPACKING pc=0x0000024d17e44e42 sp=0x000000f5e60f6af0 mode 0
Event: 15.502 Thread 0x0000024d2b3c0f70 DEOPT PACKING pc=0x0000024d10f99709 sp=0x000000f5e60f7600
Event: 15.502 Thread 0x0000024d2b3c0f70 DEOPT UNPACKING pc=0x0000024d17e44e42 sp=0x000000f5e60f6af0 mode 0
Event: 15.502 Thread 0x0000024d2b3c0f70 DEOPT PACKING pc=0x0000024d10d2b25e sp=0x000000f5e60f7610
Event: 15.502 Thread 0x0000024d2b3c0f70 DEOPT UNPACKING pc=0x0000024d17e44e42 sp=0x000000f5e60f6af8 mode 0
Event: 15.514 Thread 0x0000024d2b3c0f70 DEOPT PACKING pc=0x0000024d10b392dd sp=0x000000f5e60f7a40
Event: 15.514 Thread 0x0000024d2b3c0f70 DEOPT UNPACKING pc=0x0000024d17e44e42 sp=0x000000f5e60f6eb8 mode 0
Event: 15.518 Thread 0x0000024d2b3c0f70 DEOPT PACKING pc=0x0000024d10b392dd sp=0x000000f5e60f7a40
Event: 15.518 Thread 0x0000024d2b3c0f70 DEOPT UNPACKING pc=0x0000024d17e44e42 sp=0x000000f5e60f6eb8 mode 0
Event: 15.862 Thread 0x0000024d2b3c0f70 Uncommon trap: trap_request=0xffffff54 fr.pc=0x0000024d1842f0d8 relative=0x0000000000001578
Event: 15.862 Thread 0x0000024d2b3c0f70 Uncommon trap: reason=speculate_null_assert action=make_not_entrant pc=0x0000024d1842f0d8 method=java.util.jar.JarFile.getVersionedEntry(Ljava/lang/String;Ljava/util/jar/JarEntry;)Ljava/util/jar/JarEntry; @ 115 c2
Event: 15.862 Thread 0x0000024d2b3c0f70 DEOPT PACKING pc=0x0000024d1842f0d8 sp=0x000000f5e60f69d0
Event: 15.862 Thread 0x0000024d2b3c0f70 DEOPT UNPACKING pc=0x0000024d17e446a2 sp=0x000000f5e60f69d8 mode 2
Event: 15.862 Thread 0x0000024d2b3c0f70 Uncommon trap: trap_request=0xffffff45 fr.pc=0x0000024d1857bb68 relative=0x0000000000000e88
Event: 15.862 Thread 0x0000024d2b3c0f70 Uncommon trap: reason=unstable_if action=reinterpret pc=0x0000024d1857bb68 method=java.util.jar.JarFile.getEntry(Ljava/lang/String;)Ljava/util/zip/ZipEntry; @ 15 c2
Event: 15.862 Thread 0x0000024d2b3c0f70 DEOPT PACKING pc=0x0000024d1857bb68 sp=0x000000f5e60f6aa0
Event: 15.862 Thread 0x0000024d2b3c0f70 DEOPT UNPACKING pc=0x0000024d17e446a2 sp=0x000000f5e60f6a98 mode 2

Classes loaded (20 events):
Event: 15.137 Loading class sun/reflect/generics/reflectiveObjects/GenericArrayTypeImpl
Event: 15.137 Loading class sun/reflect/generics/reflectiveObjects/GenericArrayTypeImpl done
Event: 15.141 Loading class jdk/internal/vm/annotation/ForceInline
Event: 15.141 Loading class jdk/internal/vm/annotation/ForceInline done
Event: 15.373 Loading class java/util/BitSet$1BitSetSpliterator
Event: 15.373 Loading class java/util/BitSet$1BitSetSpliterator done
Event: 15.387 Loading class sun/nio/fs/WindowsException
Event: 15.387 Loading class sun/nio/fs/WindowsException done
Event: 15.389 Loading class com/jetbrains/internal/IoToNioErrorMessageHolder
Event: 15.389 Loading class com/jetbrains/internal/IoToNioErrorMessageHolder done
Event: 15.402 Loading class java/util/Collections$SynchronizedRandomAccessList
Event: 15.402 Loading class java/util/Collections$SynchronizedList
Event: 15.403 Loading class java/util/Collections$SynchronizedList done
Event: 15.403 Loading class java/util/Collections$SynchronizedRandomAccessList done
Event: 15.669 Loading class java/util/concurrent/atomic/AtomicReferenceFieldUpdater
Event: 15.669 Loading class java/util/concurrent/atomic/AtomicReferenceFieldUpdater done
Event: 15.669 Loading class java/util/concurrent/atomic/AtomicReferenceFieldUpdater$AtomicReferenceFieldUpdaterImpl
Event: 15.669 Loading class java/util/concurrent/atomic/AtomicReferenceFieldUpdater$AtomicReferenceFieldUpdaterImpl done
Event: 15.669 Loading class java/util/concurrent/atomic/AtomicReferenceFieldUpdater$AtomicReferenceFieldUpdaterImpl$1
Event: 15.669 Loading class java/util/concurrent/atomic/AtomicReferenceFieldUpdater$AtomicReferenceFieldUpdaterImpl$1 done

Classes unloaded (0 events):
No events

Classes redefined (0 events):
No events

Internal exceptions (20 events):
Event: 15.163 Thread 0x0000024d2b3c0f70 Exception <a 'java/lang/ClassNotFoundException'{0x00000000859be4d8}: org/gradle/internal/service/DefaultServiceRegistryCustomizer> (0x00000000859be4d8) 
thrown [s\src\hotspot\share\classfile\systemDictionary.cpp, line 312]
Event: 15.165 Thread 0x0000024d2b3c0f70 Exception <a 'java/lang/ClassNotFoundException'{0x00000000859e16b0}: org/gradle/internal/service/ScopedServiceRegistryCustomizer> (0x00000000859e16b0) 
thrown [s\src\hotspot\share\classfile\systemDictionary.cpp, line 312]
Event: 15.170 Thread 0x0000024d2b3c0f70 Exception <a 'java/lang/ClassNotFoundException'{0x000000008582d470}: org/gradle/internal/extensibility/DefaultConventionBeanInfo> (0x000000008582d470) 
thrown [s\src\hotspot\share\classfile\systemDictionary.cpp, line 312]
Event: 15.171 Thread 0x0000024d2b3c0f70 Exception <a 'java/lang/ClassNotFoundException'{0x0000000085841e80}: org/gradle/internal/extensibility/DefaultConventionCustomizer> (0x0000000085841e80) 
thrown [s\src\hotspot\share\classfile\systemDictionary.cpp, line 312]
Event: 15.182 Thread 0x0000024d2b3c0f70 Exception <a 'java/lang/ClassNotFoundException'{0x00000000858db588}: com/intellij/gradle/toolingExtension/impl/modelBuilder/ExtraModelBuilderBeanInfo> (0x00000000858db588) 
thrown [s\src\hotspot\share\classfile\systemDictionary.cpp, line 312]
Event: 15.183 Thread 0x0000024d2b3c0f70 Exception <a 'java/lang/ClassNotFoundException'{0x00000000858e7008}: com/intellij/gradle/toolingExtension/impl/modelBuilder/ExtraModelBuilderCustomizer> (0x00000000858e7008) 
thrown [s\src\hotspot\share\classfile\systemDictionary.cpp, line 312]
Event: 15.378 Thread 0x0000024d2b3c0f70 Exception <a 'java/lang/IncompatibleClassChangeError'{0x000000008d560148}: Found class java.lang.Object, but interface was expected> (0x000000008d560148) 
thrown [s\src\hotspot\share\interpreter\linkResolver.cpp, line 851]
Event: 15.387 Thread 0x0000024d2b3c0f70 Exception <a 'sun/nio/fs/WindowsException'{0x000000008d590368}> (0x000000008d590368) 
thrown [s\src\hotspot\share\prims\jni.cpp, line 537]
Event: 15.389 Thread 0x0000024d2b3c0f70 Exception <a 'sun/nio/fs/WindowsException'{0x000000008d5922c8}> (0x000000008d5922c8) 
thrown [s\src\hotspot\share\prims\jni.cpp, line 537]
Event: 15.390 Thread 0x0000024d2b3c0f70 Exception <a 'sun/nio/fs/WindowsException'{0x000000008d593aa0}> (0x000000008d593aa0) 
thrown [s\src\hotspot\share\prims\jni.cpp, line 537]
Event: 15.390 Thread 0x0000024d2b3c0f70 Exception <a 'sun/nio/fs/WindowsException'{0x000000008d594e90}> (0x000000008d594e90) 
thrown [s\src\hotspot\share\prims\jni.cpp, line 537]
Event: 15.393 Thread 0x0000024d2b3c0f70 Exception <a 'java/lang/NoSuchMethodError'{0x000000008d5a9bf0}: 'java.lang.Object java.lang.invoke.Invokers$Holder.invoker(java.lang.Object, java.lang.Object, java.lang.Object, java.lang.Object, java.lang.Object, java.lang.Object)'> (0x000000008d5a9bf0) 
thrown [s\src\hotspot\share\interpreter\linkResolver.cpp, line 784]
Event: 15.417 Thread 0x0000024d2b3c0f70 Exception <a 'java/lang/NoSuchMethodError'{0x000000008d4b8430}: 'java.lang.Object java.lang.invoke.DirectMethodHandle$Holder.invokeSpecial(java.lang.Object, java.lang.Object, java.lang.Object, java.lang.Object, java.lang.Object, java.lang.Object, java.lang.Object, java.lang.Object, java.lang.Object, java.lang.Object, java.lang.Object, java.lang.Object, java.lang.Object, java.lang.Object, java.lang.Object, java.lang.Object, java.lang.Object, java.lang.Object, java.lang.Object, java.lang.Object, java.lang.Ob
Event: 15.418 Thread 0x0000024d2b3c0f70 Exception <a 'java/lang/NoSuchMethodError'{0x000000008d4be780}: 'java.lang.Object java.lang.invoke.DelegatingMethodHandle$Holder.reinvoke_L(java.lang.Object, java.lang.Object, java.lang.Object, java.lang.Object, java.lang.Object, java.lang.Object, java.lang.Object, java.lang.Object, java.lang.Object, java.lang.Object, java.lang.Object, java.lang.Object, java.lang.Object, java.lang.Object, java.lang.Object, java.lang.Object, java.lang.Object, java.lang.Object, java.lang.Object, java.lang.Object, java.lang.O
Event: 15.418 Thread 0x0000024d2b3c0f70 Exception <a 'java/lang/NoSuchMethodError'{0x000000008d4c9ba8}: 'java.lang.Object java.lang.invoke.Invokers$Holder.invoker(java.lang.Object, java.lang.Object, java.lang.Object, java.lang.Object, java.lang.Object, java.lang.Object, java.lang.Object, java.lang.Object, java.lang.Object, java.lang.Object, java.lang.Object, java.lang.Object, java.lang.Object, java.lang.Object, java.lang.Object, java.lang.Object, java.lang.Object, java.lang.Object, java.lang.Object, java.lang.Object, java.lang.Object, java.lang.
Event: 15.419 Thread 0x0000024d2b3c0f70 Exception <a 'java/lang/NoSuchMethodError'{0x000000008d4d07a8}: 'java.lang.Object java.lang.invoke.DelegatingMethodHandle$Holder.delegate(java.lang.Object, java.lang.Object, java.lang.Object, java.lang.Object, java.lang.Object, java.lang.Object, java.lang.Object, java.lang.Object, java.lang.Object, java.lang.Object, java.lang.Object, java.lang.Object, java.lang.Object, java.lang.Object, java.lang.Object, java.lang.Object, java.lang.Object, java.lang.Object, java.lang.Object, java.lang.Object, java.lang.Obj
Event: 15.745 Thread 0x0000024d2b3c0f70 Exception <a 'java/lang/NoSuchMethodError'{0x000000008679d5c0}: 'java.lang.Object java.lang.invoke.DirectMethodHandle$Holder.newInvokeSpecial(java.lang.Object, java.lang.Object, java.lang.Object, java.lang.Object, java.lang.Object, java.lang.Object, java.lang.Object, java.lang.Object, java.lang.Object, java.lang.Object, java.lang.Object, java.lang.Object, java.lang.Object, java.lang.Object, java.lang.Object, java.lang.Object, java.lang.Object, java.lang.Object, java.lang.Object)'> (0x000000008679d5c0) 
thr
Event: 15.745 Thread 0x0000024d2b3c0f70 Exception <a 'java/lang/NoSuchMethodError'{0x00000000867a44e0}: 'java.lang.Object java.lang.invoke.DirectMethodHandle$Holder.invokeSpecial(java.lang.Object, java.lang.Object, java.lang.Object, java.lang.Object, java.lang.Object, java.lang.Object, java.lang.Object, java.lang.Object, java.lang.Object, java.lang.Object, java.lang.Object, java.lang.Object, java.lang.Object, java.lang.Object, java.lang.Object, java.lang.Object, java.lang.Object, java.lang.Object, java.lang.Object, java.lang.Object)'> (0x0000000
Event: 15.745 Thread 0x0000024d2b3c0f70 Exception <a 'java/lang/NoSuchMethodError'{0x00000000867aa018}: 'java.lang.Object java.lang.invoke.DelegatingMethodHandle$Holder.reinvoke_L(java.lang.Object, java.lang.Object, java.lang.Object, java.lang.Object, java.lang.Object, java.lang.Object, java.lang.Object, java.lang.Object, java.lang.Object, java.lang.Object, java.lang.Object, java.lang.Object, java.lang.Object, java.lang.Object, java.lang.Object, java.lang.Object, java.lang.Object, java.lang.Object, java.lang.Object)'> (0x00000000867aa018) 
throw
Event: 15.759 Thread 0x0000024d2b3c0f70 Exception <a 'java/lang/IncompatibleClassChangeError'{0x000000008667a938}: Found class java.lang.Object, but interface was expected> (0x000000008667a938) 
thrown [s\src\hotspot\share\interpreter\linkResolver.cpp, line 851]

ZGC Phase Switch (0 events):
No events

VM Operations (20 events):
Event: 14.565 Executing VM operation: HandshakeAllThreads (Deoptimize) done
Event: 14.574 Executing VM operation: G1CollectForAllocation (G1 Evacuation Pause)
Event: 14.579 Executing VM operation: G1CollectForAllocation (G1 Evacuation Pause) done
Event: 14.616 Executing VM operation: G1PauseRemark
Event: 14.619 Executing VM operation: G1PauseRemark done
Event: 14.632 Executing VM operation: G1PauseCleanup
Event: 14.633 Executing VM operation: G1PauseCleanup done
Event: 15.044 Executing VM operation: ICBufferFull
Event: 15.044 Executing VM operation: ICBufferFull done
Event: 15.156 Executing VM operation: HandshakeAllThreads (Deoptimize)
Event: 15.156 Executing VM operation: HandshakeAllThreads (Deoptimize) done
Event: 15.277 Executing VM operation: G1CollectForAllocation (G1 Evacuation Pause)
Event: 15.286 Executing VM operation: G1CollectForAllocation (G1 Evacuation Pause) done
Event: 15.388 Executing VM operation: HandshakeAllThreads (Deoptimize)
Event: 15.388 Executing VM operation: HandshakeAllThreads (Deoptimize) done
Event: 15.537 Executing VM operation: G1CollectForAllocation (G1 Evacuation Pause)
Event: 15.542 Executing VM operation: G1CollectForAllocation (G1 Evacuation Pause) done
Event: 16.001 Executing VM operation: G1CollectForAllocation (G1 Evacuation Pause)
Event: 16.005 Executing VM operation: G1CollectForAllocation (G1 Evacuation Pause) done
Event: 16.054 Executing VM operation: G1PauseRemark

Memory protections (0 events):
No events

Nmethod flushes (20 events):
Event: 16.057 Thread 0x0000024d24e4dfb0 flushing  nmethod 0x0000024d10a18790
Event: 16.057 Thread 0x0000024d24e4dfb0 flushing  nmethod 0x0000024d10a19d90
Event: 16.057 Thread 0x0000024d24e4dfb0 flushing  nmethod 0x0000024d10a82b90
Event: 16.057 Thread 0x0000024d24e4dfb0 flushing  nmethod 0x0000024d10a86710
Event: 16.057 Thread 0x0000024d24e4dfb0 flushing  nmethod 0x0000024d10a8a290
Event: 16.057 Thread 0x0000024d24e4dfb0 flushing  nmethod 0x0000024d10b31190
Event: 16.057 Thread 0x0000024d24e4dfb0 flushing  nmethod 0x0000024d10ba1610
Event: 16.057 Thread 0x0000024d24e4dfb0 flushing  nmethod 0x0000024d10ba7810
Event: 16.057 Thread 0x0000024d24e4dfb0 flushing  nmethod 0x0000024d10c30190
Event: 16.057 Thread 0x0000024d24e4dfb0 flushing  nmethod 0x0000024d10c65790
Event: 16.057 Thread 0x0000024d24e4dfb0 flushing  nmethod 0x0000024d10c65b90
Event: 16.057 Thread 0x0000024d24e4dfb0 flushing  nmethod 0x0000024d10c85d10
Event: 16.057 Thread 0x0000024d24e4dfb0 flushing  nmethod 0x0000024d10d73410
Event: 16.057 Thread 0x0000024d24e4dfb0 flushing  nmethod 0x0000024d10dc2010
Event: 16.057 Thread 0x0000024d24e4dfb0 flushing  nmethod 0x0000024d10e15710
Event: 16.057 Thread 0x0000024d24e4dfb0 flushing  nmethod 0x0000024d10e9fd10
Event: 16.057 Thread 0x0000024d24e4dfb0 flushing  nmethod 0x0000024d10f46510
Event: 16.057 Thread 0x0000024d24e4dfb0 flushing  nmethod 0x0000024d10f4a890
Event: 16.057 Thread 0x0000024d24e4dfb0 flushing  nmethod 0x0000024d11024d90
Event: 16.057 Thread 0x0000024d24e4dfb0 flushing  nmethod 0x0000024d11029010

Events (20 events):
Event: 14.432 Thread 0x0000024d2be4bd00 Thread exited: 0x0000024d2be4bd00
Event: 14.632 Thread 0x0000024d2b3c0f70 Thread added: 0x0000024d2dc61f60
Event: 14.634 Thread 0x0000024d2b3c0f70 Thread added: 0x0000024d2dc625f0
Event: 14.687 Thread 0x0000024d2b3c0f70 Thread added: 0x0000024d2dc66100
Event: 14.688 Thread 0x0000024d2b3c0f70 Thread added: 0x0000024d2e151630
Event: 14.701 Thread 0x0000024d24fa8ad0 Thread added: 0x0000024d2dc7d050
Event: 14.880 Thread 0x0000024d2b3c0f70 Thread added: 0x0000024d2e150910
Event: 14.881 Thread 0x0000024d2b3c0f70 Thread added: 0x0000024d2e153700
Event: 14.882 Thread 0x0000024d2b3c0f70 Thread added: 0x0000024d2e1529e0
Event: 14.884 Thread 0x0000024d2b3c0f70 Thread added: 0x0000024d2e153d90
Event: 14.887 Thread 0x0000024d2b3c0f70 Thread added: 0x0000024d2e150fa0
Event: 14.888 Thread 0x0000024d2b3c0f70 Thread added: 0x0000024d2e151cc0
Event: 14.889 Thread 0x0000024d2b3c0f70 Thread added: 0x0000024d2e152350
Event: 14.923 Thread 0x0000024d2b3c0f70 Thread added: 0x0000024d2e153070
Event: 14.924 Thread 0x0000024d2b3c0f70 Thread added: 0x0000024d2e206380
Event: 14.926 Thread 0x0000024d2b3c0f70 Thread added: 0x0000024d2e2021e0
Event: 14.927 Thread 0x0000024d2b3c0f70 Thread added: 0x0000024d2e201b50
Event: 14.928 Thread 0x0000024d2b3c0f70 Thread added: 0x0000024d2e2014c0
Event: 14.930 Thread 0x0000024d2b3c0f70 Thread added: 0x0000024d2e202870
Event: 14.931 Thread 0x0000024d2b3c0f70 Thread added: 0x0000024d2e206a10


Dynamic libraries:
0x00007ff63d390000 - 0x00007ff63d39a000 	C:\Program Files\Android\Android Studio\jbr\bin\java.exe
0x00007ffc6a570000 - 0x00007ffc6a768000 	C:\Windows\SYSTEM32\ntdll.dll
0x00007ffc686c0000 - 0x00007ffc68782000 	C:\Windows\System32\KERNEL32.DLL
0x00007ffc680c0000 - 0x00007ffc683b6000 	C:\Windows\System32\KERNELBASE.dll
0x00007ffc67f00000 - 0x00007ffc68000000 	C:\Windows\System32\ucrtbase.dll
0x00007ffc36780000 - 0x00007ffc36798000 	C:\Program Files\Android\Android Studio\jbr\bin\jli.dll
0x00007ffc36760000 - 0x00007ffc3677b000 	C:\Program Files\Android\Android Studio\jbr\bin\VCRUNTIME140.dll
0x00007ffc6a1c0000 - 0x00007ffc6a361000 	C:\Windows\System32\USER32.dll
0x00007ffc4dd80000 - 0x00007ffc4e01b000 	C:\Windows\WinSxS\amd64_microsoft.windows.common-controls_6595b64144ccf1df_6.0.19041.6456_none_60b8a6cb71f64256\COMCTL32.dll
0x00007ffc68000000 - 0x00007ffc68022000 	C:\Windows\System32\win32u.dll
0x00007ffc6a370000 - 0x00007ffc6a40e000 	C:\Windows\System32\msvcrt.dll
0x00007ffc69ac0000 - 0x00007ffc69aeb000 	C:\Windows\System32\GDI32.dll
0x00007ffc67d60000 - 0x00007ffc67e79000 	C:\Windows\System32\gdi32full.dll
0x00007ffc683c0000 - 0x00007ffc6845d000 	C:\Windows\System32\msvcp_win.dll
0x00007ffc6a190000 - 0x00007ffc6a1bf000 	C:\Windows\System32\IMM32.DLL
0x00007ffc55c40000 - 0x00007ffc55c4c000 	C:\Program Files\Android\Android Studio\jbr\bin\vcruntime140_1.dll
0x00007ffc1da40000 - 0x00007ffc1dacd000 	C:\Program Files\Android\Android Studio\jbr\bin\msvcp140.dll
0x00007ffbd6f70000 - 0x00007ffbd7bfe000 	C:\Program Files\Android\Android Studio\jbr\bin\server\jvm.dll
0x00007ffc69520000 - 0x00007ffc695d1000 	C:\Windows\System32\ADVAPI32.dll
0x00007ffc69730000 - 0x00007ffc697cf000 	C:\Windows\System32\sechost.dll
0x00007ffc6a410000 - 0x00007ffc6a530000 	C:\Windows\System32\RPCRT4.dll
0x00007ffc684b0000 - 0x00007ffc684d7000 	C:\Windows\System32\bcrypt.dll
0x00007ffc6a070000 - 0x00007ffc6a0db000 	C:\Windows\System32\WS2_32.dll
0x00007ffc67a60000 - 0x00007ffc67aab000 	C:\Windows\SYSTEM32\POWRPROF.dll
0x00007ffc5dcc0000 - 0x00007ffc5dce7000 	C:\Windows\SYSTEM32\WINMM.dll
0x00007ffc610c0000 - 0x00007ffc610ca000 	C:\Windows\SYSTEM32\VERSION.dll
0x00007ffc67a40000 - 0x00007ffc67a52000 	C:\Windows\SYSTEM32\UMPDC.dll
0x00007ffc65a70000 - 0x00007ffc65a82000 	C:\Windows\SYSTEM32\kernel.appcore.dll
0x00007ffc464e0000 - 0x00007ffc464ea000 	C:\Program Files\Android\Android Studio\jbr\bin\jimage.dll
0x00007ffc5b230000 - 0x00007ffc5b431000 	C:\Windows\SYSTEM32\DBGHELP.DLL
0x00007ffc46550000 - 0x00007ffc46584000 	C:\Windows\SYSTEM32\dbgcore.DLL
0x00007ffc68030000 - 0x00007ffc680b2000 	C:\Windows\System32\bcryptPrimitives.dll
0x00007ffc61ee0000 - 0x00007ffc61eee000 	C:\Program Files\Android\Android Studio\jbr\bin\instrument.dll
0x00007ffc36740000 - 0x00007ffc36760000 	C:\Program Files\Android\Android Studio\jbr\bin\java.dll
0x00007ffc392e0000 - 0x00007ffc392f8000 	C:\Program Files\Android\Android Studio\jbr\bin\zip.dll
0x00007ffc68790000 - 0x00007ffc68f00000 	C:\Windows\System32\SHELL32.dll
0x00007ffc65c70000 - 0x00007ffc66415000 	C:\Windows\SYSTEM32\windows.storage.dll
0x00007ffc69140000 - 0x00007ffc69494000 	C:\Windows\System32\combase.dll
0x00007ffc67550000 - 0x00007ffc6757b000 	C:\Windows\SYSTEM32\Wldp.dll
0x00007ffc699f0000 - 0x00007ffc69abd000 	C:\Windows\System32\OLEAUT32.dll
0x00007ffc6a0e0000 - 0x00007ffc6a18d000 	C:\Windows\System32\SHCORE.dll
0x00007ffc694c0000 - 0x00007ffc6951b000 	C:\Windows\System32\shlwapi.dll
0x00007ffc67b30000 - 0x00007ffc67b54000 	C:\Windows\SYSTEM32\profapi.dll
0x00007ffc38360000 - 0x00007ffc38370000 	C:\Program Files\Android\Android Studio\jbr\bin\net.dll
0x00007ffc5ff50000 - 0x00007ffc6005a000 	C:\Windows\SYSTEM32\WINHTTP.dll
0x00007ffc672b0000 - 0x00007ffc6731a000 	C:\Windows\system32\mswsock.dll
0x00007ffc2d8f0000 - 0x00007ffc2d906000 	C:\Program Files\Android\Android Studio\jbr\bin\nio.dll
0x00007ffc367a0000 - 0x00007ffc367b0000 	C:\Program Files\Android\Android Studio\jbr\bin\verify.dll
0x00007ffc30c50000 - 0x00007ffc30c77000 	C:\Users\Ariel\.gradle\native\1def1411415f61bf3af743bc5b6707747c0891f09f0c88961ee8f79bc544acac\windows-amd64\native-platform.dll
0x00007ffc4a2b0000 - 0x00007ffc4a328000 	C:\Users\Ariel\.gradle\native\0.2.7\x86_64-windows-gnu\gradle-fileevents.dll
0x00007ffc38020000 - 0x00007ffc38029000 	C:\Program Files\Android\Android Studio\jbr\bin\management.dll
0x00007ffc36800000 - 0x00007ffc3680b000 	C:\Program Files\Android\Android Studio\jbr\bin\management_ext.dll
0x00007ffc68f00000 - 0x00007ffc68f08000 	C:\Windows\System32\PSAPI.DLL
0x00007ffc66f90000 - 0x00007ffc66fcb000 	C:\Windows\SYSTEM32\IPHLPAPI.DLL
0x00007ffc68590000 - 0x00007ffc68598000 	C:\Windows\System32\NSI.dll
0x00007ffc367b0000 - 0x00007ffc367b9000 	C:\Program Files\Android\Android Studio\jbr\bin\extnet.dll
0x00007ffc674a0000 - 0x00007ffc674b8000 	C:\Windows\SYSTEM32\CRYPTSP.dll
0x00007ffc66bd0000 - 0x00007ffc66c08000 	C:\Windows\system32\rsaenh.dll
0x00007ffc67af0000 - 0x00007ffc67b1e000 	C:\Windows\SYSTEM32\USERENV.dll
0x00007ffc674c0000 - 0x00007ffc674cc000 	C:\Windows\SYSTEM32\CRYPTBASE.dll
0x00007ffbb6410000 - 0x00007ffbb6417000 	C:\Windows\system32\wshunix.dll

dbghelp: loaded successfully - version: 4.0.5 - missing functions: none
symbol engine: initialized successfully - sym options: 0x614 - pdb path: .;C:\Program Files\Android\Android Studio\jbr\bin;C:\Windows\SYSTEM32;C:\Windows\WinSxS\amd64_microsoft.windows.common-controls_6595b64144ccf1df_6.0.19041.6456_none_60b8a6cb71f64256;C:\Program Files\Android\Android Studio\jbr\bin\server;C:\Users\Ariel\.gradle\native\1def1411415f61bf3af743bc5b6707747c0891f09f0c88961ee8f79bc544acac\windows-amd64;C:\Users\Ariel\.gradle\native\0.2.7\x86_64-windows-gnu

VM Arguments:
jvm_args: --add-opens=java.base/java.lang=ALL-UNNAMED --add-opens=java.base/java.lang.invoke=ALL-UNNAMED --add-opens=java.base/java.util=ALL-UNNAMED --add-opens=java.prefs/java.util.prefs=ALL-UNNAMED --add-exports=jdk.compiler/com.sun.tools.javac.api=ALL-UNNAMED --add-exports=jdk.compiler/com.sun.tools.javac.util=ALL-UNNAMED --add-opens=java.base/java.util=ALL-UNNAMED --add-opens=java.prefs/java.util.prefs=ALL-UNNAMED --add-opens=java.base/java.nio.charset=ALL-UNNAMED --add-opens=java.base/java.net=ALL-UNNAMED --add-opens=java.base/java.util.concurrent.atomic=ALL-UNNAMED --add-opens=java.xml/javax.xml.namespace=ALL-UNNAMED -Xmx2048m -Dfile.encoding=UTF-8 -Duser.country=CL -Duser.language=es -Duser.variant -javaagent:C:\Users\Ariel\.gradle\wrapper\dists\gradle-8.13-bin\5xuhj0ry160q40clulazy9h7d\gradle-8.13\lib\agents\gradle-instrumentation-agent-8.13.jar 
java_command: org.gradle.launcher.daemon.bootstrap.GradleDaemon 8.13
java_class_path (initial): C:\Users\Ariel\.gradle\wrapper\dists\gradle-8.13-bin\5xuhj0ry160q40clulazy9h7d\gradle-8.13\lib\gradle-daemon-main-8.13.jar
Launcher Type: SUN_STANDARD

[Global flags]
     intx CICompilerCount                          = 4                                         {product} {ergonomic}
     uint ConcGCThreads                            = 2                                         {product} {ergonomic}
     uint G1ConcRefinementThreads                  = 8                                         {product} {ergonomic}
   size_t G1HeapRegionSize                         = 1048576                                   {product} {ergonomic}
    uintx GCDrainStackTargetSize                   = 64                                        {product} {ergonomic}
   size_t InitialHeapSize                          = 251658240                                 {product} {ergonomic}
   size_t MarkStackSize                            = 4194304                                   {product} {ergonomic}
   size_t MaxHeapSize                              = 2147483648                                {product} {command line}
   size_t MaxNewSize                               = 1287651328                                {product} {ergonomic}
   size_t MinHeapDeltaBytes                        = 1048576                                   {product} {ergonomic}
   size_t MinHeapSize                              = 8388608                                   {product} {ergonomic}
    uintx NonNMethodCodeHeapSize                   = 5839372                                {pd product} {ergonomic}
    uintx NonProfiledCodeHeapSize                  = 122909434                              {pd product} {ergonomic}
    uintx ProfiledCodeHeapSize                     = 122909434                              {pd product} {ergonomic}
    uintx ReservedCodeCacheSize                    = 251658240                              {pd product} {ergonomic}
     bool SegmentedCodeCache                       = true                                      {product} {ergonomic}
   size_t SoftMaxHeapSize                          = 2147483648                             {manageable} {ergonomic}
     bool UseCompressedOops                        = true                           {product lp64_product} {ergonomic}
     bool UseG1GC                                  = true                                      {product} {ergonomic}
     bool UseLargePagesIndividualAllocation        = false                                  {pd product} {ergonomic}

Logging:
Log output configuration:
 #0: stdout all=warning uptime,level,tags foldmultilines=false
 #1: stderr all=off uptime,level,tags foldmultilines=false

Environment Variables:
JAVA_HOME=C:\Program Files\Android\Android Studio\jbr
PATH=C:\Program Files\Common Files\Siemens\Automation\Simatic OAM\bin;C:\Windows\system32;C:\Windows;C:\Windows\System32\Wbem;C:\Windows\System32\WindowsPowerShell\v1.0\;C:\Windows\System32\OpenSSH\;C:\Program Files\dotnet\;C:\Program Files (x86)\dotnet\;C:\Program Files\PKWARE\pkzipc;C:\Program Files\Git\cmd;C:\Program Files\Android\Android Studio\jbr\bin;C:\Program Files\nodejs\;C:\Program Files\GitHub CLI\;C:\Users\Ariel\AppData\Local\Microsoft\WindowsApps;C:\Users\Ariel\AppData\Local\Programs\Microsoft VS Code\bin;C:\Users\Ariel\AppData\Roaming\Programs\Zero Install;C:\Users\Ariel\AppData\Local\Programs\cursor\resources\app\bin;C:\Users\Ariel\AppData\Local\Packages\PythonSoftwareFoundation.Python.3.11_qbz5n2kfra8p0\LocalCache\local-packages\Python311\Scripts;C:\Program Files\Git;C:\Users\Ariel\AppData\Local\Programs\Windsurf\bin;C:\Users\Ariel\AppData\Roaming\npm
USERNAME=Ariel
OS=Windows_NT
PROCESSOR_IDENTIFIER=AMD64 Family 23 Model 17 Stepping 0, AuthenticAMD
TMP=C:\Users\Ariel\AppData\Local\Temp
TEMP=C:\Users\Ariel\AppData\Local\Temp




Periodic native trim disabled

JNI global refs:
JNI global refs: 26, weak refs: 0

JNI global refs memory usage: 835, weak refs: 833

Process memory usage:
Resident Set Size: 320832K (2% of 15661664K total physical memory with 2798672K free physical memory)

OOME stack traces (most recent first):
Classloader memory used:
Loader org.gradle.internal.classloader.VisitableURLClassLoader                         : 30903K
Loader bootstrap                                                                       : 22804K
Loader org.gradle.initialization.MixInLegacyTypesClassLoader                           : 6862K
Loader org.gradle.internal.classloader.VisitableURLClassLoader                         : 753K
Loader org.gradle.internal.classloader.VisitableURLClassLoader$InstrumentingVisitableURLClassLoader: 573K
Loader jdk.internal.loader.ClassLoaders$PlatformClassLoader                            : 542K
Loader jdk.internal.loader.ClassLoaders$AppClassLoader                                 : 233K
Loader jdk.internal.reflect.DelegatingClassLoader                                      : 168K
Loader org.gradle.groovy.scripts.internal.DefaultScriptCompilationHandler$ScriptClassLoader: 88424B
Loader org.codehaus.groovy.runtime.callsite.CallSiteClassLoader                        : 49768B

Classes loaded by more than one classloader:
Class org.gradle.api.GradleException                                                  : loaded 3 times (x 80B)
Class org.gradle.internal.classloader.FilteringClassLoader                            : loaded 2 times (x 103B)
Class org.gradle.internal.classloader.ClassLoaderHierarchy                            : loaded 2 times (x 68B)
Class org.gradle.api.internal.classpath.ManifestUtil                                  : loaded 2 times (x 69B)
Class org.gradle.internal.operations.MultipleBuildOperationFailures                   : loaded 2 times (x 93B)
Class org.gradle.internal.classloader.DefaultClassLoaderFactory                       : loaded 2 times (x 80B)
Class kotlin.collections.AbstractList$Companion                                       : loaded 2 times (x 69B)
Class org.gradle.internal.classloader.ClassLoaderVisitor                              : loaded 2 times (x 74B)
Class org.gradle.api.internal.classpath.EffectiveClassPath                            : loaded 2 times (x 88B)
Class org.gradle.api.internal.DefaultClassPathProvider                                : loaded 2 times (x 74B)
Class [Lorg.gradle.api.internal.ClassPathProvider;                                    : loaded 2 times (x 67B)
Class org.gradle.api.internal.ClassPathProvider                                       : loaded 2 times (x 68B)
Class org.gradle.internal.service.UnknownServiceException                             : loaded 2 times (x 81B)
Class org.gradle.internal.classpath.TransformedClassPath                              : loaded 2 times (x 94B)
Class org.gradle.internal.classloader.InstrumentingClassLoader                        : loaded 2 times (x 68B)
Class kotlin.enums.EnumEntriesList                                                    : loaded 2 times (x 221B)
Class ijInit4_epz943jsead8b31dkyob5j84b                                               : loaded 2 times (x 177B)
Class org.gradle.internal.service.ServiceLocator                                      : loaded 2 times (x 68B)
Class org.gradle.internal.InternalTransformer                                         : loaded 2 times (x 68B)
Class org.gradle.internal.time.DefaultTimer                                           : loaded 2 times (x 78B)
Class org.gradle.internal.classloader.ClasspathUtil$1                                 : loaded 2 times (x 74B)
Class org.gradle.api.internal.classpath.DefaultModuleRegistry$DefaultModule           : loaded 2 times (x 84B)
Class org.gradle.internal.time.DefaultCountdownTimer                                  : loaded 2 times (x 86B)
Class kotlin.Function                                                                 : loaded 2 times (x 68B)
Class org.gradle.api.internal.classpath.Module                                        : loaded 2 times (x 68B)
Class org.gradle.api.internal.classpath.UnknownModuleException                        : loaded 2 times (x 80B)
Class org.gradle.api.internal.DefaultClassPathRegistry                                : loaded 2 times (x 74B)
Class org.gradle.api.internal.ClassPathRegistry                                       : loaded 2 times (x 68B)
Class org.gradle.internal.classpath.DefaultClassPath$ImmutableUniqueList              : loaded 2 times (x 197B)
Class org.gradle.internal.classpath.ClassPath                                         : loaded 2 times (x 68B)
Class org.gradle.api.UncheckedIOException                                             : loaded 2 times (x 80B)
Class kotlin.UninitializedPropertyAccessException                                     : loaded 2 times (x 80B)
Class org.gradle.internal.installation.GradleInstallation$1                           : loaded 2 times (x 73B)
Class org.gradle.api.internal.classpath.ModuleRegistry                                : loaded 2 times (x 68B)
Class org.gradle.api.internal.classpath.DefaultModuleRegistry                         : loaded 2 times (x 84B)
Class org.gradle.internal.time.MonotonicClock                                         : loaded 2 times (x 75B)
Class org.gradle.internal.service.ServiceLookupException                              : loaded 2 times (x 80B)
Class org.gradle.internal.classloader.ClassLoaderFactory                              : loaded 2 times (x 68B)
Class org.gradle.internal.service.CachingServiceLocator                               : loaded 2 times (x 80B)
Class org.gradle.internal.time.TimeSource                                             : loaded 2 times (x 68B)
Class kotlin.enums.EnumEntries                                                        : loaded 2 times (x 68B)
Class org.gradle.internal.exceptions.ResolutionProvider                               : loaded 2 times (x 68B)
Class org.gradle.internal.classloader.ClasspathUtil                                   : loaded 2 times (x 69B)
Class org.gradle.internal.time.TimeSource$1                                           : loaded 2 times (x 75B)
Class kotlin.jvm.internal.DefaultConstructorMarker                                    : loaded 2 times (x 69B)
Class org.gradle.api.specs.Spec                                                       : loaded 2 times (x 68B)
Class org.gradle.internal.time.Clock                                                  : loaded 2 times (x 68B)
Class kotlin.collections.AbstractList                                                 : loaded 2 times (x 195B)
Class kotlin.collections.AbstractCollection                                           : loaded 2 times (x 115B)
Class org.gradle.internal.classloader.VisitableURLClassLoader$InstrumentingVisitableURLClassLoader: loaded 2 times (x 121B)
Class org.gradle.internal.classloader.VisitableURLClassLoader$Spec                    : loaded 2 times (x 72B)
Class org.gradle.internal.classpath.DefaultClassPath                                  : loaded 2 times (x 88B)
Class org.gradle.internal.classloader.ClassLoaderSpec                                 : loaded 2 times (x 69B)
Class kotlin.Unit                                                                     : loaded 2 times (x 69B)
Class org.gradle.internal.classloader.VisitableURLClassLoader                         : loaded 2 times (x 115B)
Class org.gradle.internal.Cast                                                        : loaded 2 times (x 69B)
Class org.gradle.api.Action                                                           : loaded 2 times (x 68B)
Class kotlin.jvm.functions.Function1                                                  : loaded 2 times (x 68B)
Class org.gradle.internal.classpath.DefaultClassPath$ImmutableUniqueList$Builder      : loaded 2 times (x 73B)
Class kotlin.NotImplementedError                                                      : loaded 2 times (x 80B)
Class org.gradle.internal.exceptions.NonGradleCauseExceptionsHolder                   : loaded 2 times (x 68B)
Class org.jetbrains.plugins.gradle.tooling.ModelBuilderService$Parameter              : loaded 2 times (x 68B)
Class kotlin.enums.EnumEntriesKt                                                      : loaded 2 times (x 69B)
Class org.gradle.internal.IoActions                                                   : loaded 2 times (x 69B)
Class org.gradle.internal.classloader.SystemClassLoaderSpec                           : loaded 2 times (x 69B)
Class org.gradle.internal.exceptions.MultiCauseException                              : loaded 2 times (x 68B)
Class org.gradle.internal.time.CountdownTimer                                         : loaded 2 times (x 68B)
Class kotlin.jvm.internal.Intrinsics                                                  : loaded 2 times (x 69B)
Class org.gradle.tooling.model.ProjectModel                                           : loaded 2 times (x 68B)
Class kotlin.KotlinNullPointerException                                               : loaded 2 times (x 81B)
Class org.gradle.internal.exceptions.DefaultMultiCauseException                       : loaded 2 times (x 93B)
Class sync_studio_tooling2_b9s918k4izc0azkxpkxa9afgm                                  : loaded 2 times (x 177B)
Class org.gradle.internal.time.Time                                                   : loaded 2 times (x 69B)
Class org.gradle.api.internal.classpath.GlobalCacheRootsProvider                      : loaded 2 times (x 68B)
Class org.gradle.internal.time.Timer                                                  : loaded 2 times (x 68B)
Class kotlin.jvm.internal.markers.KMappedMarker                                       : loaded 2 times (x 68B)
Class org.gradle.internal.installation.CurrentGradleInstallationLocator               : loaded 2 times (x 69B)
Class org.gradle.internal.service.DefaultServiceLocator                               : loaded 2 times (x 81B)
Class org.gradle.util.GradleVersion                                                   : loaded 2 times (x 77B)
Class org.gradle.internal.installation.CurrentGradleInstallation                      : loaded 2 times (x 71B)
Class org.gradle.util.internal.GUtil                                                  : loaded 2 times (x 69B)
Class org.gradle.internal.installation.GradleInstallation                             : loaded 2 times (x 73B)

---------------  S Y S T E M  ---------------

OS:
 Windows 10 , 64 bit Build 19041 (10.0.19041.5915)
OS uptime: 0 days 9:10 hours

CPU: total 8 (initial active 8) (8 cores per cpu, 2 threads per core) family 23 model 17 stepping 0 microcode 0x0, cx8, cmov, fxsr, ht, mmx, 3dnowpref, sse, sse2, sse3, ssse3, sse4a, sse4.1, sse4.2, popcnt, lzcnt, tsc, tscinvbit, avx, avx2, aes, clmul, bmi1, bmi2, adx, sha, fma, vzeroupper, clflush, clflushopt, rdtscp, f16c
Processor Information for the first 8 processors :
  Max Mhz: 2000, Current Mhz: 2000, Mhz Limit: 2000

Memory: 4k page, system-wide physical 15294M (2733M free)
TotalPageFile size 17342M (AvailPageFile size 25M)
current process WorkingSet (physical memory assigned to process): 315M, peak: 316M
current process commit charge ("private bytes"): 354M, peak: 383M

vm_info: OpenJDK 64-Bit Server VM (21.0.7+-13880790-b1038.58) for windows-amd64 JRE (21.0.7+-13880790-b1038.58), built on 2025-08-04T20:56:21Z by "builder" with MS VC++ 16.10 / 16.11 (VS2019)

END.
